<html>
<body>
<pre>
<h1>µVision Build Log</h1>
<h2>Tool Versions:</h2>
IDE-Version: µVision V5.26.2.0
Copyright (C) 2018 ARM Ltd and ARM Germany GmbH. All rights reserved.
License Information: Dave Nugent, uw Madison, LIC=----
 
Tool Versions:
Toolchain:       MDK-Lite  Version: 5.26.2.0
Toolchain Path:  C:\Keil_v5\ARM\ARMCC\Bin
C Compiler:      Armcc.exe V5.06 update 6 (build 750)
Assembler:       Armasm.exe V5.06 update 6 (build 750)
Linker/Locator:  ArmLink.exe V5.06 update 6 (build 750)
Library Manager: ArmAr.exe V5.06 update 6 (build 750)
Hex Converter:   FromElf.exe V5.06 update 6 (build 750)
CPU DLL:         SARMCM3.DLL V5.26.2.0
Dialog DLL:      DCM.DLL V1.17.2.0
Target DLL:      lmidk-agdi.dll V???
Dialog DLL:      TCM.DLL V1.36.1.0
 
<h2>Project:</h2>
C:\Users\dave_\OneDrive\Documents\GitHub\Tiva_Galaga\HW3\HW3.uvprojx
Project File Date:  12/05/2018

<h2>Output:</h2>
*** Using Compiler 'V5.06 update 6 (build 750)', folder: 'C:\Keil_v5\ARM\ARMCC\Bin'
Rebuild target 'HW3'
compiling hw3_images.c...
compiling hw3_interrupts.c...
hw3_interrupts.c(26): warning:  #177-D: variable "move_count"  was declared but never referenced
      static uint16_t move_count = 0; 
hw3_interrupts.c(86): warning:  #550-D: variable "y"  was set but never used
  	uint16_t y;
hw3_interrupts.c: 2 warnings, 0 errors
compiling hw3_staff.c...
compiling timers.c...
compiling main.c...
compiling gpio_port.c...
..\drivers\c\gpio_port.c(82): warning:  #188-D: enumerated type mixed with another type
         return 0;
..\drivers\c\gpio_port.c(299): warning:  #111-D: statement is unreachable
    return true;
..\drivers\c\gpio_port.c(329): warning:  #111-D: statement is unreachable
    return true;
..\drivers\c\gpio_port.c(357): warning:  #111-D: statement is unreachable
    return true;
..\drivers\c\gpio_port.c(433): warning:  #111-D: statement is unreachable
    return true;
..\drivers\c\gpio_port.c(473): warning:  #177-D: variable "gpioPort"  was declared but never referenced
    GPIOA_Type  *gpioPort;
..\drivers\c\gpio_port.c: 6 warnings, 0 errors
compiling hw3.c...
hw3.c(65): warning:  #177-D: variable "temp"  was declared but never referenced
  	uint16_t temp;
hw3.c(185): warning:  #177-D: variable "myADC"  was declared but never referenced
    ADC0_Type  *myADC;
hw3.c: 2 warnings, 0 errors
compiling adc.c...
assembling startup_TM4C123.s...
compiling spi.c...
compiling lcd.c...
compiling ps2.c...
compiling accel.c...
compiling spi_select.c...
compiling system_TM4C123.c...
linking...
Program Size: Code=6544 RO-data=940 RW-data=40 ZI-data=512  
".\obj\ece353_base_project.axf" - 0 Error(s), 10 Warning(s).

<h2>Software Packages used:</h2>

Package Vendor: ARM
                http://www.keil.com/pack/ARM.CMSIS.5.4.0.pack
                ARM.CMSIS.5.4.0
                CMSIS (Cortex Microcontroller Software Interface Standard)
   * Component: CORE Version: 5.1.2

Package Vendor: Keil
                http://www.keil.com/pack/Keil.TM4C_DFP.1.1.0.pack
                Keil.TM4C_DFP.1.1.0
                Texas Instruments Tiva C Series Device Support and Examples
   * Component: Startup Version: 1.0.1

<h2>Collection of Component include folders:</h2>
  .\RTE\_HW3
  C:\Keil_v5\ARM\PACK\ARM\CMSIS\5.4.0\CMSIS\Core\Include
  C:\Keil_v5\ARM\PACK\Keil\TM4C_DFP\1.1.0\Device\Include\TM4C123

<h2>Collection of Component Files used:</h2>

   * Component: ARM::CMSIS:CORE:5.1.2

   * Component: Keil::Device:Startup:1.0.1
      Source file:   Device\Source\system_TM4C123.c
      Include file:  Device\Include\TM4C123\TM4C123.h
      Source file:   Device\Source\ARM\startup_TM4C123.s
Build Time Elapsed:  00:00:01
</pre>
</body>
</html>
