<html>
<body>
<pre>
<h1>µVision Build Log</h1>
<h2>Tool Versions:</h2>
IDE-Version: µVision V5.26.2.0
Copyright (C) 2018 ARM Ltd and ARM Germany GmbH. All rights reserved.
License Information: Dave Nugent, uw Madison, LIC=----
 
Tool Versions:
Toolchain:       MDK-Lite  Version: 5.26.2.0
Toolchain Path:  C:\Keil_v5\ARM\ARMCC\Bin
C Compiler:      Armcc.exe V5.06 update 6 (build 750)
Assembler:       Armasm.exe V5.06 update 6 (build 750)
Linker/Locator:  ArmLink.exe V5.06 update 6 (build 750)
Library Manager: ArmAr.exe V5.06 update 6 (build 750)
Hex Converter:   FromElf.exe V5.06 update 6 (build 750)
CPU DLL:         SARMCM3.DLL V5.26.2.0
Dialog DLL:      DCM.DLL V1.17.2.0
Target DLL:      lmidk-agdi.dll V???
Dialog DLL:      TCM.DLL V1.36.1.0
 
<h2>Project:</h2>
C:\Users\dave_\OneDrive\Documents\GitHub\Tiva_Galaga\HW3\HW3.uvprojx
Project File Date:  12/10/2018

<h2>Output:</h2>
*** Using Compiler 'V5.06 update 6 (build 750)', folder: 'C:\Keil_v5\ARM\ARMCC\Bin'
Rebuild target 'HW3'
compiling hw3_images.c...
compiling timers.c...
compiling hw3_staff.c...
compiling gpio_port.c...
..\drivers\c\gpio_port.c(82): warning:  #188-D: enumerated type mixed with another type
         return 0;
..\drivers\c\gpio_port.c(490): warning:  #111-D: statement is unreachable
    return true;
..\drivers\c\gpio_port.c(492): warning:  #1-D: last line of file ends without a newline
    
..\drivers\c\gpio_port.c: 3 warnings, 0 errors
compiling hw3_interrupts.c...
compiling main.c...
compiling hw3.c...
hw3.c(372): warning:  #177-D: variable "values"  was declared but never referenced
    uint8_t values[80];
hw3.c(376): warning:  #177-D: variable "status"  was declared but never referenced
    bool status = true;
hw3.c(378): warning:  #177-D: variable "numChar1"  was declared but never referenced
  	int numChar1;
hw3.c(379): warning:  #177-D: variable "numChar2"  was declared but never referenced
  	int numChar2;
hw3.c(380): warning:  #177-D: variable "numChar3"  was declared but never referenced
  	int numChar3;
hw3.c(428): warning:  #177-D: variable "values"  was declared but never referenced
    uint8_t values[80];
hw3.c(429): warning:  #177-D: variable "read_val"  was declared but never referenced
    uint8_t read_val;
hw3.c(430): warning:  #177-D: variable "status"  was declared but never referenced
    bool status = true;
hw3.c(432): warning:  #550-D: variable "idx"  was set but never used
  	int idx = 0;
hw3.c(595): warning:  #223-D: function "ft6x06_init" declared implicitly
  	ft6x06_init();
hw3.c(629): warning:  #223-D: function "ft6x06_read_td_status" declared implicitly
  		touch_event = ft6x06_read_td_status();
hw3.c(633): warning:  #223-D: function "ft6x06_read_x" declared implicitly
  			x = ft6x06_read_x();
hw3.c(634): warning:  #223-D: function "ft6x06_read_y" declared implicitly
  			y = ft6x06_read_y();
hw3.c: 13 warnings, 0 errors
compiling pc_buffer.c...
compiling adc.c...
compiling spi.c...
compiling i2c.c...
compiling uart.c...
..\drivers\c\uart.c(184): warning:  #188-D: enumerated type mixed with another type
         return 0;
..\drivers\c\uart.c: 1 warning, 0 errors
compiling lcd.c...
compiling ps2.c...
compiling spi_select.c...
compiling accel.c...
compiling ece353_images.c...
compiling lcd_images.c...
compiling eeprom.c...
assembling startup_TM4C123.s...
compiling MCP23017.c...
compiling serial_debug.c...
compiling launchpad_io.c...
compiling ft6x06.c...
compiling ws2812b_ice.c...
compiling system_TM4C123.c...
linking...
Program Size: Code=12048 RO-data=1964 RW-data=284 ZI-data=636  
".\obj\ece353_base_project.axf" - 0 Error(s), 17 Warning(s).

<h2>Software Packages used:</h2>

Package Vendor: ARM
                http://www.keil.com/pack/ARM.CMSIS.5.4.0.pack
                ARM.CMSIS.5.4.0
                CMSIS (Cortex Microcontroller Software Interface Standard)
   * Component: CORE Version: 5.1.2

Package Vendor: Keil
                http://www.keil.com/pack/Keil.TM4C_DFP.1.1.0.pack
                Keil.TM4C_DFP.1.1.0
                Texas Instruments Tiva C Series Device Support and Examples
   * Component: Startup Version: 1.0.1

<h2>Collection of Component include folders:</h2>
  .\RTE\_HW3
  C:\Keil_v5\ARM\PACK\ARM\CMSIS\5.4.0\CMSIS\Core\Include
  C:\Keil_v5\ARM\PACK\Keil\TM4C_DFP\1.1.0\Device\Include\TM4C123

<h2>Collection of Component Files used:</h2>

   * Component: ARM::CMSIS:CORE:5.1.2

   * Component: Keil::Device:Startup:1.0.1
      Include file:  Device\Include\TM4C123\TM4C123.h
      Source file:   Device\Source\ARM\startup_TM4C123.s
      Source file:   Device\Source\system_TM4C123.c
Build Time Elapsed:  00:00:02
</pre>
</body>
</html>
