Component: ARM Compiler 5.06 update 6 (build 750) Tool: armlink [4d35ed]

==============================================================================

Section Cross References

    main.o(.text) refers to hw2.o(.text) for initialize_serial_debug
    main.o(.text) refers to hw3.o(.text) for hw3_main
    main.o(.text) refers to hw3.o(.data) for STUDENT_NAME
    hw3_staff.o(.text) refers to hw3_staff.o(.data) for lfsr
    hw3_staff.o(.text) refers to hw3_staff.o(.constdata) for MOV_DIR
    hw3.o(.text) refers to gpio_port.o(.text) for gpio_enable_port
    hw3.o(.text) refers to lcd.o(.text) for lcd_config_gpio
    hw3.o(.text) refers to accel.o(.text) for accel_initialize
    hw3.o(.text) refers to timers.o(.text) for gp_timer_config_32
    hw3.o(.text) refers to hw3_staff.o(.text) for hw3_hardware_validate
    hw3.o(.text) refers to hw3.o(.data) for MOVE_INVADER
    hw3.o(.text) refers to hw3_images.o(.constdata) for galaga_enemyBitmaps
    hw3_interrupts.o(.text) refers to hw3.o(.text) for contact_edge
    hw3_interrupts.o(.text) refers to accel.o(.text) for accel_read_x
    hw3_interrupts.o(.text) refers to hw3_images.o(.constdata) for shipWidthPixels
    hw3_interrupts.o(.text) refers to hw3.o(.data) for SHIP_Y_COORD
    hw3_interrupts.o(.text) refers to hw3_interrupts.o(.data) for direction
    lcd.o(.text) refers to lcd.o(i.lcd_write_data_u16) for lcd_write_data_u16
    lcd.o(.text) refers to gpio_port.o(.text) for gpio_enable_port
    ps2.o(.text) refers to adc.o(.text) for initialize_adc
    accel.o(.text) refers to spi.o(.text) for spiTx
    accel.o(.text) refers to spi_select.o(.text) for spi_select_init
    accel.o(.text) refers to gpio_port.o(.text) for gpio_enable_port
    spi_select.o(.text) refers to gpio_port.o(.text) for gpio_enable_port
    startup_tm4c123.o(RESET) refers to startup_tm4c123.o(STACK) for __initial_sp
    startup_tm4c123.o(RESET) refers to startup_tm4c123.o(.text) for Reset_Handler
    startup_tm4c123.o(RESET) refers to hw3_interrupts.o(.text) for ADC0SS2_Handler
    startup_tm4c123.o(.text) refers to system_tm4c123.o(.text) for SystemInit
    startup_tm4c123.o(.text) refers to entry.o(.ARM.Collect$$$$00000000) for __main
    system_tm4c123.o(.text) refers to system_tm4c123.o(.data) for SystemCoreClock
    entry.o(.ARM.Collect$$$$00000000) refers (Special) to entry10a.o(.ARM.Collect$$$$0000000D) for __rt_final_cpp
    entry.o(.ARM.Collect$$$$00000000) refers (Special) to entry11a.o(.ARM.Collect$$$$0000000F) for __rt_final_exit
    entry.o(.ARM.Collect$$$$00000000) refers (Special) to entry7b.o(.ARM.Collect$$$$00000008) for _main_clock
    entry.o(.ARM.Collect$$$$00000000) refers (Special) to entry8b.o(.ARM.Collect$$$$0000000A) for _main_cpp_init
    entry.o(.ARM.Collect$$$$00000000) refers (Special) to entry9a.o(.ARM.Collect$$$$0000000B) for _main_init
    entry.o(.ARM.Collect$$$$00000000) refers (Special) to entry5.o(.ARM.Collect$$$$00000004) for _main_scatterload
    entry.o(.ARM.Collect$$$$00000000) refers (Special) to entry2.o(.ARM.Collect$$$$00000001) for _main_stk
    entry2.o(.ARM.Collect$$$$00000001) refers to entry2.o(.ARM.Collect$$$$00002712) for __lit__00000000
    entry2.o(.ARM.Collect$$$$00002712) refers to startup_tm4c123.o(STACK) for __initial_sp
    entry2.o(__vectab_stack_and_reset_area) refers to startup_tm4c123.o(STACK) for __initial_sp
    entry2.o(__vectab_stack_and_reset_area) refers to entry.o(.ARM.Collect$$$$00000000) for __main
    entry5.o(.ARM.Collect$$$$00000004) refers to init.o(.text) for __scatterload
    entry9a.o(.ARM.Collect$$$$0000000B) refers to main.o(.text) for main
    entry9b.o(.ARM.Collect$$$$0000000C) refers to main.o(.text) for main
    init.o(.text) refers to entry5.o(.ARM.Collect$$$$00000004) for __main_after_scatterload


==============================================================================

Removing Unused input sections from the image.

    Removing main.o(.rev16_text), (4 bytes).
    Removing main.o(.revsh_text), (4 bytes).
    Removing main.o(.rrx_text), (6 bytes).
    Removing hw3_staff.o(.rev16_text), (4 bytes).
    Removing hw3_staff.o(.revsh_text), (4 bytes).
    Removing hw3_staff.o(.rrx_text), (6 bytes).
    Removing hw3.o(.rev16_text), (4 bytes).
    Removing hw3.o(.revsh_text), (4 bytes).
    Removing hw3.o(.rrx_text), (6 bytes).
    Removing hw3_interrupts.o(.rev16_text), (4 bytes).
    Removing hw3_interrupts.o(.revsh_text), (4 bytes).
    Removing hw3_interrupts.o(.rrx_text), (6 bytes).
    Removing gpio_port.o(.rev16_text), (4 bytes).
    Removing gpio_port.o(.revsh_text), (4 bytes).
    Removing gpio_port.o(.rrx_text), (6 bytes).
    Removing timers.o(.rev16_text), (4 bytes).
    Removing timers.o(.revsh_text), (4 bytes).
    Removing timers.o(.rrx_text), (6 bytes).
    Removing adc.o(.rev16_text), (4 bytes).
    Removing adc.o(.revsh_text), (4 bytes).
    Removing adc.o(.rrx_text), (6 bytes).
    Removing adc.o(.text), (160 bytes).
    Removing spi.o(.rev16_text), (4 bytes).
    Removing spi.o(.revsh_text), (4 bytes).
    Removing spi.o(.rrx_text), (6 bytes).
    Removing lcd.o(.rev16_text), (4 bytes).
    Removing lcd.o(.revsh_text), (4 bytes).
    Removing lcd.o(.rrx_text), (6 bytes).
    Removing ps2.o(.rev16_text), (4 bytes).
    Removing ps2.o(.revsh_text), (4 bytes).
    Removing ps2.o(.rrx_text), (6 bytes).
    Removing ps2.o(.text), (164 bytes).
    Removing accel.o(.rev16_text), (4 bytes).
    Removing accel.o(.revsh_text), (4 bytes).
    Removing accel.o(.rrx_text), (6 bytes).
    Removing spi_select.o(.rev16_text), (4 bytes).
    Removing spi_select.o(.revsh_text), (4 bytes).
    Removing spi_select.o(.rrx_text), (6 bytes).
    Removing startup_tm4c123.o(HEAP), (0 bytes).
    Removing system_tm4c123.o(.rev16_text), (4 bytes).
    Removing system_tm4c123.o(.revsh_text), (4 bytes).
    Removing system_tm4c123.o(.rrx_text), (6 bytes).
    Removing hw2.o(.rev16_text), (4 bytes).
    Removing hw2.o(.revsh_text), (4 bytes).
    Removing hw2.o(.rrx_text), (6 bytes).

45 unused section(s) (total 520 bytes) removed from the image.

==============================================================================

Image Symbol Table

    Local Symbols

    Symbol Name                              Value     Ov Type        Size  Object(Section)

    RESET                                    0x00000000   Section      620  startup_tm4c123.o(RESET)
    ../clib/microlib/init/entry.s            0x00000000   Number         0  entry.o ABSOLUTE
    ../clib/microlib/init/entry.s            0x00000000   Number         0  entry7b.o ABSOLUTE
    ../clib/microlib/init/entry.s            0x00000000   Number         0  entry2.o ABSOLUTE
    ../clib/microlib/init/entry.s            0x00000000   Number         0  entry9b.o ABSOLUTE
    ../clib/microlib/init/entry.s            0x00000000   Number         0  entry11b.o ABSOLUTE
    ../clib/microlib/init/entry.s            0x00000000   Number         0  entry11a.o ABSOLUTE
    ../clib/microlib/init/entry.s            0x00000000   Number         0  entry10b.o ABSOLUTE
    ../clib/microlib/init/entry.s            0x00000000   Number         0  entry10a.o ABSOLUTE
    ../clib/microlib/init/entry.s            0x00000000   Number         0  entry9a.o ABSOLUTE
    ../clib/microlib/init/entry.s            0x00000000   Number         0  entry8b.o ABSOLUTE
    ../clib/microlib/init/entry.s            0x00000000   Number         0  entry5.o ABSOLUTE
    ../clib/microlib/init/entry.s            0x00000000   Number         0  entry7a.o ABSOLUTE
    ../clib/microlib/init/entry.s            0x00000000   Number         0  entry8a.o ABSOLUTE
    ..\\drivers\\c\\adc.c                    0x00000000   Number         0  adc.o ABSOLUTE
    ..\\drivers\\c\\gpio_port.c              0x00000000   Number         0  gpio_port.o ABSOLUTE
    ..\\drivers\\c\\spi.c                    0x00000000   Number         0  spi.o ABSOLUTE
    ..\\drivers\\c\\timers.c                 0x00000000   Number         0  timers.o ABSOLUTE
    ..\\peripherals\\c\\accel.c              0x00000000   Number         0  accel.o ABSOLUTE
    ..\\peripherals\\c\\lcd.c                0x00000000   Number         0  lcd.o ABSOLUTE
    ..\\peripherals\\c\\ps2.c                0x00000000   Number         0  ps2.o ABSOLUTE
    ..\\peripherals\\c\\spi_select.c         0x00000000   Number         0  spi_select.o ABSOLUTE
    ..\drivers\c\adc.c                       0x00000000   Number         0  adc.o ABSOLUTE
    ..\drivers\c\gpio_port.c                 0x00000000   Number         0  gpio_port.o ABSOLUTE
    ..\drivers\c\spi.c                       0x00000000   Number         0  spi.o ABSOLUTE
    ..\drivers\c\timers.c                    0x00000000   Number         0  timers.o ABSOLUTE
    ..\peripherals\c\accel.c                 0x00000000   Number         0  accel.o ABSOLUTE
    ..\peripherals\c\lcd.c                   0x00000000   Number         0  lcd.o ABSOLUTE
    ..\peripherals\c\ps2.c                   0x00000000   Number         0  ps2.o ABSOLUTE
    ..\peripherals\c\spi_select.c            0x00000000   Number         0  spi_select.o ABSOLUTE
    RTE\Device\TM4C123GH6PM\startup_TM4C123.s 0x00000000   Number         0  startup_tm4c123.o ABSOLUTE
    RTE\Device\TM4C123GH6PM\system_TM4C123.c 0x00000000   Number         0  system_tm4c123.o ABSOLUTE
    RTE\\Device\\TM4C123GH6PM\\system_TM4C123.c 0x00000000   Number         0  system_tm4c123.o ABSOLUTE
    dc.s                                     0x00000000   Number         0  dc.o ABSOLUTE
    handlers.s                               0x00000000   Number         0  handlers.o ABSOLUTE
    hw2.c                                    0x00000000   Number         0  hw2.o ABSOLUTE
    hw2.c                                    0x00000000   Number         0  hw2.o ABSOLUTE
    hw3.c                                    0x00000000   Number         0  hw3.o ABSOLUTE
    hw3.c                                    0x00000000   Number         0  hw3.o ABSOLUTE
    hw3_images.c                             0x00000000   Number         0  hw3_images.o ABSOLUTE
    hw3_interrupts.c                         0x00000000   Number         0  hw3_interrupts.o ABSOLUTE
    hw3_interrupts.c                         0x00000000   Number         0  hw3_interrupts.o ABSOLUTE
    hw3_staff.c                              0x00000000   Number         0  hw3_staff.o ABSOLUTE
    hw3_staff.c                              0x00000000   Number         0  hw3_staff.o ABSOLUTE
    init.s                                   0x00000000   Number         0  init.o ABSOLUTE
    main.c                                   0x00000000   Number         0  main.o ABSOLUTE
    main.c                                   0x00000000   Number         0  main.o ABSOLUTE
    .ARM.Collect$$$$00000000                 0x0000026c   Section        0  entry.o(.ARM.Collect$$$$00000000)
    .ARM.Collect$$$$00000001                 0x0000026c   Section        4  entry2.o(.ARM.Collect$$$$00000001)
    .ARM.Collect$$$$00000004                 0x00000270   Section        4  entry5.o(.ARM.Collect$$$$00000004)
    .ARM.Collect$$$$00000008                 0x00000274   Section        0  entry7b.o(.ARM.Collect$$$$00000008)
    .ARM.Collect$$$$0000000A                 0x00000274   Section        0  entry8b.o(.ARM.Collect$$$$0000000A)
    .ARM.Collect$$$$0000000B                 0x00000274   Section        8  entry9a.o(.ARM.Collect$$$$0000000B)
    .ARM.Collect$$$$0000000D                 0x0000027c   Section        0  entry10a.o(.ARM.Collect$$$$0000000D)
    .ARM.Collect$$$$0000000F                 0x0000027c   Section        0  entry11a.o(.ARM.Collect$$$$0000000F)
    .ARM.Collect$$$$00002712                 0x0000027c   Section        4  entry2.o(.ARM.Collect$$$$00002712)
    __lit__00000000                          0x0000027c   Data           4  entry2.o(.ARM.Collect$$$$00002712)
    .text                                    0x00000280   Section        0  main.o(.text)
    .text                                    0x00000310   Section        0  hw3_staff.o(.text)
    .text                                    0x00000390   Section        0  hw3.o(.text)
    __NVIC_DisableIRQ                        0x00000391   Thumb Code    54  hw3.o(.text)
    __NVIC_SetPriority                       0x000003c7   Thumb Code    32  hw3.o(.text)
    verify_base_addr                         0x000004a5   Thumb Code    64  hw3.o(.text)
    __NVIC_EnableIRQ                         0x000008c1   Thumb Code    26  hw3.o(.text)
    .text                                    0x00000918   Section        0  hw3_interrupts.o(.text)
    .text                                    0x00000ac8   Section        0  gpio_port.o(.text)
    verify_base_addr                         0x00000ac9   Thumb Code    64  gpio_port.o(.text)
    .text                                    0x00000d60   Section        0  timers.o(.text)
    verify_base_addr                         0x00000d61   Thumb Code    64  timers.o(.text)
    get_clock_masks                          0x00000da1   Thumb Code   106  timers.o(.text)
    .text                                    0x00000ed8   Section        0  spi.o(.text)
    .text                                    0x00001074   Section        0  lcd.o(.text)
    delayms                                  0x00001075   Thumb Code    26  lcd.o(.text)
    lcd_write_cmd_u8                         0x0000108f   Thumb Code    40  lcd.o(.text)
    lcd_write_data_u8                        0x000010b7   Thumb Code    28  lcd.o(.text)
    .text                                    0x00001508   Section        0  accel.o(.text)
    accel_reg_read                           0x00001509   Thumb Code    44  accel.o(.text)
    accel_reg_write                          0x00001535   Thumb Code    36  accel.o(.text)
    accel_CSN_low                            0x0000167d   Thumb Code    18  accel.o(.text)
    accel_CSN_high                           0x0000168f   Thumb Code    18  accel.o(.text)
    .text                                    0x000016a8   Section        0  spi_select.o(.text)
    .text                                    0x0000174c   Section      252  startup_tm4c123.o(.text)
    $v0                                      0x0000174c   Number         0  startup_tm4c123.o(.text)
    .text                                    0x00001848   Section        0  system_tm4c123.o(.text)
    getOscClk                                0x00001849   Thumb Code   182  system_tm4c123.o(.text)
    .text                                    0x00001a94   Section        0  hw2.o(.text)
    .text                                    0x00001be4   Section       36  init.o(.text)
    i.__scatterload_copy                     0x00001c08   Section       14  handlers.o(i.__scatterload_copy)
    i.__scatterload_null                     0x00001c16   Section        2  handlers.o(i.__scatterload_null)
    i.__scatterload_zeroinit                 0x00001c18   Section       14  handlers.o(i.__scatterload_zeroinit)
    i.lcd_write_data_u16                     0x00001c28   Section        0  lcd.o(i.lcd_write_data_u16)
    .constdata                               0x00001c64   Section       20  hw3_staff.o(.constdata)
    MOVE_AMOUNT                              0x00001c64   Data          16  hw3_staff.o(.constdata)
    MOV_DIR                                  0x00001c74   Data           4  hw3_staff.o(.constdata)
    .constdata                               0x00001c78   Section      260  hw3_images.o(.constdata)
    .data                                    0x20000000   Section        2  hw3_staff.o(.data)
    lfsr                                     0x20000000   Data           2  hw3_staff.o(.data)
    .data                                    0x20000002   Section       26  hw3.o(.data)
    .data                                    0x2000001c   Section        4  hw3_interrupts.o(.data)
    current_dir                              0x2000001d   Data           1  hw3_interrupts.o(.data)
    move_count                               0x2000001e   Data           2  hw3_interrupts.o(.data)
    .data                                    0x20000020   Section        4  system_tm4c123.o(.data)
    STACK                                    0x20000028   Section      512  startup_tm4c123.o(STACK)

    Global Symbols

    Symbol Name                              Value     Ov Type        Size  Object(Section)

    BuildAttributes$$THM_ISAv4$E$P$D$K$B$S$7EM$VFPi3$EXTD16$VFPS$VFMA$PE$A:L22UL41UL21$X:L11$S22US41US21$IEEE1$IW$USESV6$~STKCKD$USESV7$~SHL$OSPACE$EBA8$MICROLIB$REQ8$PRES8$EABIv2 0x00000000   Number         0  anon$$obj.o ABSOLUTE
    __ARM_use_no_argv                        0x00000000   Number         0  main.o ABSOLUTE
    __Vectors                                0x00000000   Data           4  startup_tm4c123.o(RESET)
    __cpp_initialize__aeabi_                  - Undefined Weak Reference
    __cxa_finalize                            - Undefined Weak Reference
    __decompress                              - Undefined Weak Reference
    _clock_init                               - Undefined Weak Reference
    _microlib_exit                            - Undefined Weak Reference
    __Vectors_End                            0x0000026c   Data           0  startup_tm4c123.o(RESET)
    __Vectors_Size                           0x0000026c   Number         0  startup_tm4c123.o ABSOLUTE
    __main                                   0x0000026d   Thumb Code     0  entry.o(.ARM.Collect$$$$00000000)
    _main_stk                                0x0000026d   Thumb Code     0  entry2.o(.ARM.Collect$$$$00000001)
    _main_scatterload                        0x00000271   Thumb Code     0  entry5.o(.ARM.Collect$$$$00000004)
    __main_after_scatterload                 0x00000275   Thumb Code     0  entry5.o(.ARM.Collect$$$$00000004)
    _main_clock                              0x00000275   Thumb Code     0  entry7b.o(.ARM.Collect$$$$00000008)
    _main_cpp_init                           0x00000275   Thumb Code     0  entry8b.o(.ARM.Collect$$$$0000000A)
    _main_init                               0x00000275   Thumb Code     0  entry9a.o(.ARM.Collect$$$$0000000B)
    __rt_final_cpp                           0x0000027d   Thumb Code     0  entry10a.o(.ARM.Collect$$$$0000000D)
    __rt_final_exit                          0x0000027d   Thumb Code     0  entry11a.o(.ARM.Collect$$$$0000000F)
    main                                     0x00000281   Thumb Code    42  main.o(.text)
    generate_random_number                   0x00000311   Thumb Code    48  hw3_staff.o(.text)
    get_new_direction                        0x00000341   Thumb Code    36  hw3_staff.o(.text)
    get_new_move_count                       0x00000365   Thumb Code    28  hw3_staff.o(.text)
    hw3_hardware_validate                    0x00000381   Thumb Code     4  hw3_staff.o(.text)
    contact_edge                             0x000003e7   Thumb Code   128  hw3.o(.text)
    move_image                               0x00000467   Thumb Code    62  hw3.o(.text)
    countdown_timer                          0x000004e5   Thumb Code    60  hw3.o(.text)
    check_game_over                          0x00000521   Thumb Code   372  hw3.o(.text)
    init_adc                                 0x00000695   Thumb Code    62  hw3.o(.text)
    init_interrupt_adc                       0x000006d3   Thumb Code   106  hw3.o(.text)
    init_hardware                            0x0000073d   Thumb Code   202  hw3.o(.text)
    hw3_main                                 0x00000807   Thumb Code   186  hw3.o(.text)
    TIMER2A_Handler                          0x00000919   Thumb Code    70  hw3_interrupts.o(.text)
    TIMER3A_Handler                          0x0000095f   Thumb Code   144  hw3_interrupts.o(.text)
    TIMER4A_Handler                          0x000009ef   Thumb Code    84  hw3_interrupts.o(.text)
    ADC0SS2_Handler                          0x00000a43   Thumb Code    64  hw3_interrupts.o(.text)
    gpio_get_irq_num                         0x00000b09   Thumb Code    74  gpio_port.o(.text)
    gpio_enable_port                         0x00000b53   Thumb Code   166  gpio_port.o(.text)
    gpio_config_digital_enable               0x00000bf9   Thumb Code    34  gpio_port.o(.text)
    gpio_config_enable_output                0x00000c1b   Thumb Code    34  gpio_port.o(.text)
    gpio_config_enable_input                 0x00000c3d   Thumb Code    34  gpio_port.o(.text)
    gpio_config_enable_pullup                0x00000c5f   Thumb Code    34  gpio_port.o(.text)
    gpio_config_enable_pulldown              0x00000c81   Thumb Code    34  gpio_port.o(.text)
    gpio_config_analog_enable                0x00000ca3   Thumb Code    34  gpio_port.o(.text)
    gpio_config_alternate_function           0x00000cc5   Thumb Code    34  gpio_port.o(.text)
    gpio_config_port_control                 0x00000ce7   Thumb Code    50  gpio_port.o(.text)
    gpio_config_open_drain                   0x00000d19   Thumb Code    34  gpio_port.o(.text)
    gpio_config_falling_edge_irq             0x00000d3b   Thumb Code     6  gpio_port.o(.text)
    gp_timer_wait                            0x00000e0b   Thumb Code    64  timers.o(.text)
    gp_timer_config_32                       0x00000e4b   Thumb Code   124  timers.o(.text)
    spiVerifyBaseAddr                        0x00000ed9   Thumb Code    34  spi.o(.text)
    initialize_spi                           0x00000efb   Thumb Code   258  spi.o(.text)
    spiTx                                    0x00000ffd   Thumb Code    94  spi.o(.text)
    lcd_set_pos                              0x000010d3   Thumb Code    58  lcd.o(.text)
    lcd_clear_screen                         0x0000110d   Thumb Code    52  lcd.o(.text)
    lcd_draw_image                           0x00001141   Thumb Code   242  lcd.o(.text)
    lcd_config_gpio                          0x00001233   Thumb Code   152  lcd.o(.text)
    lcd_config_screen                        0x000012cb   Thumb Code   568  lcd.o(.text)
    accel_read_x                             0x00001559   Thumb Code    22  accel.o(.text)
    accel_read_y                             0x0000156f   Thumb Code    22  accel.o(.text)
    accel_read_z                             0x00001585   Thumb Code    22  accel.o(.text)
    accel_initialize                         0x0000159b   Thumb Code   226  accel.o(.text)
    spi_select                               0x000016a9   Thumb Code    62  spi_select.o(.text)
    spi_select_init                          0x000016e7   Thumb Code    92  spi_select.o(.text)
    Reset_Handler                            0x0000174d   Thumb Code     8  startup_tm4c123.o(.text)
    NMI_Handler                              0x00001755   Thumb Code     2  startup_tm4c123.o(.text)
    HardFault_Handler                        0x00001757   Thumb Code     2  startup_tm4c123.o(.text)
    MemManage_Handler                        0x00001759   Thumb Code     2  startup_tm4c123.o(.text)
    BusFault_Handler                         0x0000175b   Thumb Code     2  startup_tm4c123.o(.text)
    UsageFault_Handler                       0x0000175d   Thumb Code     2  startup_tm4c123.o(.text)
    SVC_Handler                              0x0000175f   Thumb Code     2  startup_tm4c123.o(.text)
    DebugMon_Handler                         0x00001761   Thumb Code     2  startup_tm4c123.o(.text)
    PendSV_Handler                           0x00001763   Thumb Code     2  startup_tm4c123.o(.text)
    SysTick_Handler                          0x00001765   Thumb Code     2  startup_tm4c123.o(.text)
    GPIOA_Handler                            0x00001767   Thumb Code     2  startup_tm4c123.o(.text)
    GPIOB_Handler                            0x00001769   Thumb Code     2  startup_tm4c123.o(.text)
    GPIOC_Handler                            0x0000176b   Thumb Code     2  startup_tm4c123.o(.text)
    GPIOD_Handler                            0x0000176d   Thumb Code     2  startup_tm4c123.o(.text)
    GPIOE_Handler                            0x0000176f   Thumb Code     2  startup_tm4c123.o(.text)
    UART0_Handler                            0x00001771   Thumb Code     2  startup_tm4c123.o(.text)
    UART1_Handler                            0x00001773   Thumb Code     2  startup_tm4c123.o(.text)
    SSI0_Handler                             0x00001775   Thumb Code     2  startup_tm4c123.o(.text)
    I2C0_Handler                             0x00001777   Thumb Code     2  startup_tm4c123.o(.text)
    PMW0_FAULT_Handler                       0x00001779   Thumb Code     2  startup_tm4c123.o(.text)
    PWM0_0_Handler                           0x0000177b   Thumb Code     2  startup_tm4c123.o(.text)
    PWM0_1_Handler                           0x0000177d   Thumb Code     2  startup_tm4c123.o(.text)
    PWM0_2_Handler                           0x0000177f   Thumb Code     2  startup_tm4c123.o(.text)
    QEI0_Handler                             0x00001781   Thumb Code     2  startup_tm4c123.o(.text)
    ADC0SS0_Handler                          0x00001783   Thumb Code     2  startup_tm4c123.o(.text)
    ADC0SS1_Handler                          0x00001785   Thumb Code     2  startup_tm4c123.o(.text)
    ADC0SS3_Handler                          0x00001789   Thumb Code     2  startup_tm4c123.o(.text)
    WDT0_Handler                             0x0000178b   Thumb Code     2  startup_tm4c123.o(.text)
    TIMER0A_Handler                          0x0000178d   Thumb Code     2  startup_tm4c123.o(.text)
    TIMER0B_Handler                          0x0000178f   Thumb Code     2  startup_tm4c123.o(.text)
    TIMER1A_Handler                          0x00001791   Thumb Code     2  startup_tm4c123.o(.text)
    TIMER1B_Handler                          0x00001793   Thumb Code     2  startup_tm4c123.o(.text)
    TIMER2B_Handler                          0x00001797   Thumb Code     2  startup_tm4c123.o(.text)
    COMP0_Handler                            0x00001799   Thumb Code     2  startup_tm4c123.o(.text)
    COMP1_Handler                            0x0000179b   Thumb Code     2  startup_tm4c123.o(.text)
    COMP2_Handler                            0x0000179d   Thumb Code     2  startup_tm4c123.o(.text)
    SYSCTL_Handler                           0x0000179f   Thumb Code     2  startup_tm4c123.o(.text)
    FLASH_Handler                            0x000017a1   Thumb Code     2  startup_tm4c123.o(.text)
    GPIOF_Handler                            0x000017a3   Thumb Code     2  startup_tm4c123.o(.text)
    GPIOG_Handler                            0x000017a5   Thumb Code     2  startup_tm4c123.o(.text)
    GPIOH_Handler                            0x000017a7   Thumb Code     2  startup_tm4c123.o(.text)
    UART2_Handler                            0x000017a9   Thumb Code     2  startup_tm4c123.o(.text)
    SSI1_Handler                             0x000017ab   Thumb Code     2  startup_tm4c123.o(.text)
    TIMER3B_Handler                          0x000017af   Thumb Code     2  startup_tm4c123.o(.text)
    I2C1_Handler                             0x000017b1   Thumb Code     2  startup_tm4c123.o(.text)
    QEI1_Handler                             0x000017b3   Thumb Code     2  startup_tm4c123.o(.text)
    CAN0_Handler                             0x000017b5   Thumb Code     2  startup_tm4c123.o(.text)
    CAN1_Handler                             0x000017b7   Thumb Code     2  startup_tm4c123.o(.text)
    CAN2_Handler                             0x000017b9   Thumb Code     2  startup_tm4c123.o(.text)
    HIB_Handler                              0x000017bb   Thumb Code     2  startup_tm4c123.o(.text)
    USB0_Handler                             0x000017bd   Thumb Code     2  startup_tm4c123.o(.text)
    PWM0_3_Handler                           0x000017bf   Thumb Code     2  startup_tm4c123.o(.text)
    UDMA_Handler                             0x000017c1   Thumb Code     2  startup_tm4c123.o(.text)
    UDMAERR_Handler                          0x000017c3   Thumb Code     2  startup_tm4c123.o(.text)
    ADC1SS0_Handler                          0x000017c5   Thumb Code     2  startup_tm4c123.o(.text)
    ADC1SS1_Handler                          0x000017c7   Thumb Code     2  startup_tm4c123.o(.text)
    ADC1SS2_Handler                          0x000017c9   Thumb Code     2  startup_tm4c123.o(.text)
    ADC1SS3_Handler                          0x000017cb   Thumb Code     2  startup_tm4c123.o(.text)
    GPIOJ_Handler                            0x000017cd   Thumb Code     2  startup_tm4c123.o(.text)
    GPIOK_Handler                            0x000017cf   Thumb Code     2  startup_tm4c123.o(.text)
    GPIOL_Handler                            0x000017d1   Thumb Code     2  startup_tm4c123.o(.text)
    SSI2_Handler                             0x000017d3   Thumb Code     2  startup_tm4c123.o(.text)
    SSI3_Handler                             0x000017d5   Thumb Code     2  startup_tm4c123.o(.text)
    UART3_Handler                            0x000017d7   Thumb Code     2  startup_tm4c123.o(.text)
    UART4_Handler                            0x000017d9   Thumb Code     2  startup_tm4c123.o(.text)
    UART5_Handler                            0x000017db   Thumb Code     2  startup_tm4c123.o(.text)
    UART6_Handler                            0x000017dd   Thumb Code     2  startup_tm4c123.o(.text)
    UART7_Handler                            0x000017df   Thumb Code     2  startup_tm4c123.o(.text)
    I2C2_Handler                             0x000017e1   Thumb Code     2  startup_tm4c123.o(.text)
    I2C3_Handler                             0x000017e3   Thumb Code     2  startup_tm4c123.o(.text)
    TIMER4B_Handler                          0x000017e7   Thumb Code     2  startup_tm4c123.o(.text)
    TIMER5A_Handler                          0x000017e9   Thumb Code     2  startup_tm4c123.o(.text)
    TIMER5B_Handler                          0x000017eb   Thumb Code     2  startup_tm4c123.o(.text)
    WTIMER0A_Handler                         0x000017ed   Thumb Code     2  startup_tm4c123.o(.text)
    WTIMER0B_Handler                         0x000017ef   Thumb Code     2  startup_tm4c123.o(.text)
    WTIMER1A_Handler                         0x000017f1   Thumb Code     2  startup_tm4c123.o(.text)
    WTIMER1B_Handler                         0x000017f3   Thumb Code     2  startup_tm4c123.o(.text)
    WTIMER2A_Handler                         0x000017f5   Thumb Code     2  startup_tm4c123.o(.text)
    WTIMER2B_Handler                         0x000017f7   Thumb Code     2  startup_tm4c123.o(.text)
    WTIMER3A_Handler                         0x000017f9   Thumb Code     2  startup_tm4c123.o(.text)
    WTIMER3B_Handler                         0x000017fb   Thumb Code     2  startup_tm4c123.o(.text)
    WTIMER4A_Handler                         0x000017fd   Thumb Code     2  startup_tm4c123.o(.text)
    WTIMER4B_Handler                         0x000017ff   Thumb Code     2  startup_tm4c123.o(.text)
    WTIMER5A_Handler                         0x00001801   Thumb Code     2  startup_tm4c123.o(.text)
    WTIMER5B_Handler                         0x00001803   Thumb Code     2  startup_tm4c123.o(.text)
    FPU_Handler                              0x00001805   Thumb Code     2  startup_tm4c123.o(.text)
    I2C4_Handler                             0x00001807   Thumb Code     2  startup_tm4c123.o(.text)
    I2C5_Handler                             0x00001809   Thumb Code     2  startup_tm4c123.o(.text)
    GPIOM_Handler                            0x0000180b   Thumb Code     2  startup_tm4c123.o(.text)
    GPION_Handler                            0x0000180d   Thumb Code     2  startup_tm4c123.o(.text)
    QEI2_Handler                             0x0000180f   Thumb Code     2  startup_tm4c123.o(.text)
    GPIOP0_Handler                           0x00001811   Thumb Code     2  startup_tm4c123.o(.text)
    GPIOP1_Handler                           0x00001813   Thumb Code     2  startup_tm4c123.o(.text)
    GPIOP2_Handler                           0x00001815   Thumb Code     2  startup_tm4c123.o(.text)
    GPIOP3_Handler                           0x00001817   Thumb Code     2  startup_tm4c123.o(.text)
    GPIOP4_Handler                           0x00001819   Thumb Code     2  startup_tm4c123.o(.text)
    GPIOP5_Handler                           0x0000181b   Thumb Code     2  startup_tm4c123.o(.text)
    GPIOP6_Handler                           0x0000181d   Thumb Code     2  startup_tm4c123.o(.text)
    GPIOP7_Handler                           0x0000181f   Thumb Code     2  startup_tm4c123.o(.text)
    GPIOQ0_Handler                           0x00001821   Thumb Code     2  startup_tm4c123.o(.text)
    GPIOQ1_Handler                           0x00001823   Thumb Code     2  startup_tm4c123.o(.text)
    GPIOQ2_Handler                           0x00001825   Thumb Code     2  startup_tm4c123.o(.text)
    GPIOQ3_Handler                           0x00001827   Thumb Code     2  startup_tm4c123.o(.text)
    GPIOQ4_Handler                           0x00001829   Thumb Code     2  startup_tm4c123.o(.text)
    GPIOQ5_Handler                           0x0000182b   Thumb Code     2  startup_tm4c123.o(.text)
    GPIOQ6_Handler                           0x0000182d   Thumb Code     2  startup_tm4c123.o(.text)
    GPIOQ7_Handler                           0x0000182f   Thumb Code     2  startup_tm4c123.o(.text)
    GPIOR_Handler                            0x00001831   Thumb Code     2  startup_tm4c123.o(.text)
    GPIOS_Handler                            0x00001833   Thumb Code     2  startup_tm4c123.o(.text)
    PMW1_0_Handler                           0x00001835   Thumb Code     2  startup_tm4c123.o(.text)
    PWM1_1_Handler                           0x00001837   Thumb Code     2  startup_tm4c123.o(.text)
    PWM1_2_Handler                           0x00001839   Thumb Code     2  startup_tm4c123.o(.text)
    PWM1_3_Handler                           0x0000183b   Thumb Code     2  startup_tm4c123.o(.text)
    PWM1_FAULT_Handler                       0x0000183d   Thumb Code     2  startup_tm4c123.o(.text)
    SystemCoreClockUpdate                    0x000018ff   Thumb Code   184  system_tm4c123.o(.text)
    SystemInit                               0x000019b7   Thumb Code   112  system_tm4c123.o(.text)
    staff_uart_config_gpio                   0x00001a95   Thumb Code    82  hw2.o(.text)
    staff_uart_config_polling                0x00001ae7   Thumb Code    68  hw2.o(.text)
    put_string                               0x00001b2b   Thumb Code    34  hw2.o(.text)
    put_char                                 0x00001b4d   Thumb Code    20  hw2.o(.text)
    get_char                                 0x00001b61   Thumb Code    62  hw2.o(.text)
    get_string                               0x00001b9f   Thumb Code    40  hw2.o(.text)
    initialize_serial_debug                  0x00001bc7   Thumb Code    12  hw2.o(.text)
    __scatterload                            0x00001be5   Thumb Code    28  init.o(.text)
    __scatterload_rt2                        0x00001be5   Thumb Code     0  init.o(.text)
    __scatterload_copy                       0x00001c09   Thumb Code    14  handlers.o(i.__scatterload_copy)
    __scatterload_null                       0x00001c17   Thumb Code     2  handlers.o(i.__scatterload_null)
    __scatterload_zeroinit                   0x00001c19   Thumb Code    14  handlers.o(i.__scatterload_zeroinit)
    lcd_write_data_u16                       0x00001c29   Thumb Code    48  lcd.o(i.lcd_write_data_u16)
    shipBitmaps                              0x00001c78   Data         128  hw3_images.o(.constdata)
    shipWidthPixels                          0x00001cf8   Data           1  hw3_images.o(.constdata)
    shipHeightPixels                         0x00001cf9   Data           1  hw3_images.o(.constdata)
    galaga_enemyBitmaps                      0x00001cfa   Data         120  hw3_images.o(.constdata)
    galaga_enemyWidthPixels                  0x00001d72   Data           1  hw3_images.o(.constdata)
    galaga_enemyHeightPixels                 0x00001d73   Data           1  hw3_images.o(.constdata)
    laser                                    0x00001d74   Data           6  hw3_images.o(.constdata)
    laserHeight                              0x00001d7a   Data           1  hw3_images.o(.constdata)
    laserWidth                               0x00001d7b   Data           1  hw3_images.o(.constdata)
    Region$$Table$$Base                      0x00001d7c   Number         0  anon$$obj.o(Region$$Table)
    Region$$Table$$Limit                     0x00001d9c   Number         0  anon$$obj.o(Region$$Table)
    SHIP_X_COORD                             0x20000002   Data           2  hw3.o(.data)
    SHIP_Y_COORD                             0x20000004   Data           2  hw3.o(.data)
    galaga_enemy_X_COORD                     0x20000006   Data           2  hw3.o(.data)
    galaga_enemy_Y_COORD                     0x20000008   Data           2  hw3.o(.data)
    laser_X_COORD                            0x2000000a   Data           2  hw3.o(.data)
    laser_Y_COORD                            0x2000000c   Data           2  hw3.o(.data)
    MOVE_INVADER                             0x2000000e   Data           1  hw3.o(.data)
    MOVE_SHIP                                0x2000000f   Data           1  hw3.o(.data)
    STUDENT_NAME                             0x20000010   Data          12  hw3.o(.data)
    direction                                0x2000001c   Data           1  hw3_interrupts.o(.data)
    SystemCoreClock                          0x20000020   Data           4  system_tm4c123.o(.data)
    __initial_sp                             0x20000228   Data           0  startup_tm4c123.o(STACK)



==============================================================================

Memory Map of the image

  Image Entry point : 0x0000174d

  Load Region LR_1 (Base: 0x00000000, Size: 0x00001dc0, Max: 0xffffffff, ABSOLUTE)

    Execution Region ER_RO (Exec base: 0x00000000, Load base: 0x00000000, Size: 0x00001d9c, Max: 0xffffffff, ABSOLUTE)

    Exec Addr    Load Addr    Size         Type   Attr      Idx    E Section Name        Object

    0x00000000   0x00000000   0x0000026c   Data   RO          418    RESET               startup_tm4c123.o
    0x0000026c   0x0000026c   0x00000000   Code   RO          509  * .ARM.Collect$$$$00000000  mc_w.l(entry.o)
    0x0000026c   0x0000026c   0x00000004   Code   RO          512    .ARM.Collect$$$$00000001  mc_w.l(entry2.o)
    0x00000270   0x00000270   0x00000004   Code   RO          515    .ARM.Collect$$$$00000004  mc_w.l(entry5.o)
    0x00000274   0x00000274   0x00000000   Code   RO          517    .ARM.Collect$$$$00000008  mc_w.l(entry7b.o)
    0x00000274   0x00000274   0x00000000   Code   RO          519    .ARM.Collect$$$$0000000A  mc_w.l(entry8b.o)
    0x00000274   0x00000274   0x00000008   Code   RO          520    .ARM.Collect$$$$0000000B  mc_w.l(entry9a.o)
    0x0000027c   0x0000027c   0x00000000   Code   RO          522    .ARM.Collect$$$$0000000D  mc_w.l(entry10a.o)
    0x0000027c   0x0000027c   0x00000000   Code   RO          524    .ARM.Collect$$$$0000000F  mc_w.l(entry11a.o)
    0x0000027c   0x0000027c   0x00000004   Code   RO          513    .ARM.Collect$$$$00002712  mc_w.l(entry2.o)
    0x00000280   0x00000280   0x00000090   Code   RO            4    .text               main.o
    0x00000310   0x00000310   0x00000080   Code   RO          120    .text               hw3_staff.o
    0x00000390   0x00000390   0x00000588   Code   RO          147    .text               hw3.o
    0x00000918   0x00000918   0x000001b0   Code   RO          181    .text               hw3_interrupts.o
    0x00000ac8   0x00000ac8   0x00000298   Code   RO          221    .text               gpio_port.o
    0x00000d60   0x00000d60   0x00000178   Code   RO          245    .text               timers.o
    0x00000ed8   0x00000ed8   0x0000019c   Code   RO          293    .text               spi.o
    0x00001074   0x00001074   0x00000494   Code   RO          317    .text               lcd.o
    0x00001508   0x00001508   0x000001a0   Code   RO          371    .text               accel.o
    0x000016a8   0x000016a8   0x000000a4   Code   RO          395    .text               spi_select.o
    0x0000174c   0x0000174c   0x000000fc   Code   RO          419  * .text               startup_tm4c123.o
    0x00001848   0x00001848   0x0000024c   Code   RO          426    .text               system_tm4c123.o
    0x00001a94   0x00001a94   0x00000150   Code   RO          456    .text               hw3_f18.lib(hw2.o)
    0x00001be4   0x00001be4   0x00000024   Code   RO          526    .text               mc_w.l(init.o)
    0x00001c08   0x00001c08   0x0000000e   Code   RO          530    i.__scatterload_copy  mc_w.l(handlers.o)
    0x00001c16   0x00001c16   0x00000002   Code   RO          531    i.__scatterload_null  mc_w.l(handlers.o)
    0x00001c18   0x00001c18   0x0000000e   Code   RO          532    i.__scatterload_zeroinit  mc_w.l(handlers.o)
    0x00001c26   0x00001c26   0x00000002   PAD
    0x00001c28   0x00001c28   0x0000003c   Code   RO          335    i.lcd_write_data_u16  lcd.o
    0x00001c64   0x00001c64   0x00000014   Data   RO          121    .constdata          hw3_staff.o
    0x00001c78   0x00001c78   0x00000104   Data   RO          205    .constdata          hw3_images.o
    0x00001d7c   0x00001d7c   0x00000020   Data   RO          528    Region$$Table       anon$$obj.o


    Execution Region ER_RW (Exec base: 0x20000000, Load base: 0x00001d9c, Size: 0x00000024, Max: 0xffffffff, ABSOLUTE)

    Exec Addr    Load Addr    Size         Type   Attr      Idx    E Section Name        Object

    0x20000000   0x00001d9c   0x00000002   Data   RW          122    .data               hw3_staff.o
    0x20000002   0x00001d9e   0x0000001a   Data   RW          148    .data               hw3.o
    0x2000001c   0x00001db8   0x00000004   Data   RW          182    .data               hw3_interrupts.o
    0x20000020   0x00001dbc   0x00000004   Data   RW          427    .data               system_tm4c123.o


    Execution Region ER_ZI (Exec base: 0x20000024, Load base: 0x00001dc0, Size: 0x00000204, Max: 0xffffffff, ABSOLUTE)

    Exec Addr    Load Addr    Size         Type   Attr      Idx    E Section Name        Object

    0x20000024   0x00001dc0   0x00000004   PAD
    0x20000028        -       0x00000200   Zero   RW          416    STACK               startup_tm4c123.o


==============================================================================

Image component sizes


      Code (inc. data)   RO Data    RW Data    ZI Data      Debug   Object Name

       416          8          0          0          0       2118   accel.o
       664         32          0          0          0       5154   gpio_port.o
      1416        106          0         26          0      34922   hw3.o
         0          0        260          0          0        893   hw3_images.o
       432         70          0          4          0       1746   hw3_interrupts.o
       128         12         20          2          0       1772   hw3_staff.o
      1232         36          0          0          0       3801   lcd.o
       144        102          0          0          0      28403   main.o
       412         26          0          0          0       1881   spi.o
       164         10          0          0          0        873   spi_select.o
       252         10        620          0        512       5440   startup_tm4c123.o
       588        134          0          4          0       1553   system_tm4c123.o
       376         18          0          0          0       2095   timers.o

    ----------------------------------------------------------------------
      6224        564        932         36        516      90651   Object Totals
         0          0         32          0          0          0   (incl. Generated)
         0          0          0          0          4          0   (incl. Padding)

    ----------------------------------------------------------------------

      Code (inc. data)   RO Data    RW Data    ZI Data      Debug   Library Member Name

       336         18          0          0          0       1619   hw2.o
         0          0          0          0          0          0   entry.o
         0          0          0          0          0          0   entry10a.o
         0          0          0          0          0          0   entry11a.o
         8          4          0          0          0          0   entry2.o
         4          0          0          0          0          0   entry5.o
         0          0          0          0          0          0   entry7b.o
         0          0          0          0          0          0   entry8b.o
         8          4          0          0          0          0   entry9a.o
        30          0          0          0          0          0   handlers.o
        36          8          0          0          0         68   init.o

    ----------------------------------------------------------------------
       424         34          0          0          0       1687   Library Totals
         2          0          0          0          0          0   (incl. Padding)

    ----------------------------------------------------------------------

      Code (inc. data)   RO Data    RW Data    ZI Data      Debug   Library Name

       336         18          0          0          0       1619   hw3_f18.lib
        86         16          0          0          0         68   mc_w.l

    ----------------------------------------------------------------------
       424         34          0          0          0       1687   Library Totals

    ----------------------------------------------------------------------

==============================================================================


      Code (inc. data)   RO Data    RW Data    ZI Data      Debug   

      6648        598        932         36        516      90742   Grand Totals
      6648        598        932         36        516      90742   ELF Image Totals
      6648        598        932         36          0          0   ROM Totals

==============================================================================

    Total RO  Size (Code + RO Data)                 7580 (   7.40kB)
    Total RW  Size (RW Data + ZI Data)               552 (   0.54kB)
    Total ROM Size (Code + RO Data + RW Data)       7616 (   7.44kB)

==============================================================================

