Component: ARM Compiler 5.06 update 6 (build 750) Tool: armlink [4d35ed]

==============================================================================

Section Cross References

    main.o(.text) refers to hw2.o(.text) for initialize_serial_debug
    main.o(.text) refers to hw3.o(.text) for hw3_main
    main.o(.text) refers to hw3.o(.data) for STUDENT_NAME
    hw3_staff.o(.text) refers to hw3_staff.o(.data) for lfsr
    hw3_staff.o(.text) refers to hw3_staff.o(.constdata) for MOV_DIR
    hw3.o(.text) refers to rand.o(.text) for rand
    hw3.o(.text) refers to printf3.o(i.__0printf$3) for __2printf
    hw3.o(.text) refers to eeprom.o(.text) for eeprom_byte_write
    hw3.o(.text) refers to strcpy.o(.text) for strcpy
    hw3.o(.text) refers to gpio_port.o(.text) for gpio_enable_port
    hw3.o(.text) refers to lcd.o(.text) for lcd_config_gpio
    hw3.o(.text) refers to accel.o(.text) for accel_initialize
    hw3.o(.text) refers to mcp23017.o(.text) for mcp23017_init
    hw3.o(.text) refers to timers.o(.text) for gp_timer_config_32
    hw3.o(.text) refers to hw3_staff.o(.text) for hw3_hardware_validate
    hw3.o(.text) refers to hw3.o(.data) for string1
    hw3.o(.text) refers to hw3_images.o(.constdata) for zeroBitmaps
    hw3_interrupts.o(.text) refers to hw3.o(.text) for contact_edge
    hw3_interrupts.o(.text) refers to accel.o(.text) for accel_read_x
    hw3_interrupts.o(.text) refers to hw3_images.o(.constdata) for shipWidthPixels
    hw3_interrupts.o(.text) refers to hw3.o(.data) for SHIP_Y_COORD
    hw3_interrupts.o(.text) refers to hw3_interrupts.o(.data) for direction
    lcd.o(.text) refers to lcd.o(i.lcd_write_data_u16) for lcd_write_data_u16
    lcd.o(.text) refers to gpio_port.o(.text) for gpio_enable_port
    ps2.o(.text) refers to adc.o(.text) for initialize_adc
    accel.o(.text) refers to spi.o(.text) for spiTx
    accel.o(.text) refers to spi_select.o(.text) for spi_select_init
    accel.o(.text) refers to gpio_port.o(.text) for gpio_enable_port
    spi_select.o(.text) refers to gpio_port.o(.text) for gpio_enable_port
    eeprom.o(.text) refers to i2c.o(.text) for i2cVerifyBaseAddr
    eeprom.o(.text) refers to gpio_port.o(.text) for gpio_enable_port
    mcp23017.o(.text) refers to i2c.o(.text) for I2CMasterBusy
    mcp23017.o(.text) refers to gpio_port.o(.text) for gpio_enable_port
    startup_tm4c123.o(RESET) refers to startup_tm4c123.o(STACK) for __initial_sp
    startup_tm4c123.o(RESET) refers to startup_tm4c123.o(.text) for Reset_Handler
    startup_tm4c123.o(RESET) refers to hw3_interrupts.o(.text) for ADC0SS2_Handler
    startup_tm4c123.o(.text) refers to system_tm4c123.o(.text) for SystemInit
    startup_tm4c123.o(.text) refers to entry.o(.ARM.Collect$$$$00000000) for __main
    system_tm4c123.o(.text) refers to system_tm4c123.o(.data) for SystemCoreClock
    entry.o(.ARM.Collect$$$$00000000) refers (Special) to entry10a.o(.ARM.Collect$$$$0000000D) for __rt_final_cpp
    entry.o(.ARM.Collect$$$$00000000) refers (Special) to entry11a.o(.ARM.Collect$$$$0000000F) for __rt_final_exit
    entry.o(.ARM.Collect$$$$00000000) refers (Special) to entry7b.o(.ARM.Collect$$$$00000008) for _main_clock
    entry.o(.ARM.Collect$$$$00000000) refers (Special) to entry8b.o(.ARM.Collect$$$$0000000A) for _main_cpp_init
    entry.o(.ARM.Collect$$$$00000000) refers (Special) to entry9a.o(.ARM.Collect$$$$0000000B) for _main_init
    entry.o(.ARM.Collect$$$$00000000) refers (Special) to entry5.o(.ARM.Collect$$$$00000004) for _main_scatterload
    entry.o(.ARM.Collect$$$$00000000) refers (Special) to entry2.o(.ARM.Collect$$$$00000001) for _main_stk
    rand.o(.text) refers to rand.o(.data) for .data
    printfb.o(i.__0fprintf$bare) refers to printfb.o(i._printf_core) for _printf_core
    printfb.o(i.__0fprintf$bare) refers to fputc.o(i.fputc) for fputc
    printfb.o(i.__0printf$bare) refers to printfb.o(i._printf_core) for _printf_core
    printfb.o(i.__0printf$bare) refers to fputc.o(i.fputc) for fputc
    printfb.o(i.__0printf$bare) refers to stdout.o(.data) for __stdout
    printfb.o(i.__0snprintf$bare) refers to printfb.o(i._printf_core) for _printf_core
    printfb.o(i.__0snprintf$bare) refers to printfb.o(i._snputc) for _snputc
    printfb.o(i.__0sprintf$bare) refers to printfb.o(i._printf_core) for _printf_core
    printfb.o(i.__0sprintf$bare) refers to printfb.o(i._sputc) for _sputc
    printfb.o(i.__0vfprintf$bare) refers to printfb.o(i._printf_core) for _printf_core
    printfb.o(i.__0vfprintf$bare) refers to fputc.o(i.fputc) for fputc
    printfb.o(i.__0vprintf$bare) refers to printfb.o(i._printf_core) for _printf_core
    printfb.o(i.__0vprintf$bare) refers to fputc.o(i.fputc) for fputc
    printfb.o(i.__0vprintf$bare) refers to stdout.o(.data) for __stdout
    printfb.o(i.__0vsnprintf$bare) refers to printfb.o(i._printf_core) for _printf_core
    printfb.o(i.__0vsnprintf$bare) refers to printfb.o(i._snputc) for _snputc
    printfb.o(i.__0vsprintf$bare) refers to printfb.o(i._printf_core) for _printf_core
    printfb.o(i.__0vsprintf$bare) refers to printfb.o(i._sputc) for _sputc
    printf0.o(i.__0fprintf$0) refers to printf0.o(i._printf_core) for _printf_core
    printf0.o(i.__0fprintf$0) refers to fputc.o(i.fputc) for fputc
    printf0.o(i.__0printf$0) refers to printf0.o(i._printf_core) for _printf_core
    printf0.o(i.__0printf$0) refers to fputc.o(i.fputc) for fputc
    printf0.o(i.__0printf$0) refers to stdout.o(.data) for __stdout
    printf0.o(i.__0snprintf$0) refers to printf0.o(i._printf_core) for _printf_core
    printf0.o(i.__0snprintf$0) refers to printf0.o(i._snputc) for _snputc
    printf0.o(i.__0sprintf$0) refers to printf0.o(i._printf_core) for _printf_core
    printf0.o(i.__0sprintf$0) refers to printf0.o(i._sputc) for _sputc
    printf0.o(i.__0vfprintf$0) refers to printf0.o(i._printf_core) for _printf_core
    printf0.o(i.__0vfprintf$0) refers to fputc.o(i.fputc) for fputc
    printf0.o(i.__0vprintf$0) refers to printf0.o(i._printf_core) for _printf_core
    printf0.o(i.__0vprintf$0) refers to fputc.o(i.fputc) for fputc
    printf0.o(i.__0vprintf$0) refers to stdout.o(.data) for __stdout
    printf0.o(i.__0vsnprintf$0) refers to printf0.o(i._printf_core) for _printf_core
    printf0.o(i.__0vsnprintf$0) refers to printf0.o(i._snputc) for _snputc
    printf0.o(i.__0vsprintf$0) refers to printf0.o(i._printf_core) for _printf_core
    printf0.o(i.__0vsprintf$0) refers to printf0.o(i._sputc) for _sputc
    printf1.o(i.__0fprintf$1) refers to printf1.o(i._printf_core) for _printf_core
    printf1.o(i.__0fprintf$1) refers to fputc.o(i.fputc) for fputc
    printf1.o(i.__0printf$1) refers to printf1.o(i._printf_core) for _printf_core
    printf1.o(i.__0printf$1) refers to fputc.o(i.fputc) for fputc
    printf1.o(i.__0printf$1) refers to stdout.o(.data) for __stdout
    printf1.o(i.__0snprintf$1) refers to printf1.o(i._printf_core) for _printf_core
    printf1.o(i.__0snprintf$1) refers to printf1.o(i._snputc) for _snputc
    printf1.o(i.__0sprintf$1) refers to printf1.o(i._printf_core) for _printf_core
    printf1.o(i.__0sprintf$1) refers to printf1.o(i._sputc) for _sputc
    printf1.o(i.__0vfprintf$1) refers to printf1.o(i._printf_core) for _printf_core
    printf1.o(i.__0vfprintf$1) refers to fputc.o(i.fputc) for fputc
    printf1.o(i.__0vprintf$1) refers to printf1.o(i._printf_core) for _printf_core
    printf1.o(i.__0vprintf$1) refers to fputc.o(i.fputc) for fputc
    printf1.o(i.__0vprintf$1) refers to stdout.o(.data) for __stdout
    printf1.o(i.__0vsnprintf$1) refers to printf1.o(i._printf_core) for _printf_core
    printf1.o(i.__0vsnprintf$1) refers to printf1.o(i._snputc) for _snputc
    printf1.o(i.__0vsprintf$1) refers to printf1.o(i._printf_core) for _printf_core
    printf1.o(i.__0vsprintf$1) refers to printf1.o(i._sputc) for _sputc
    printf1.o(i._printf_core) refers to uidiv.o(.text) for __aeabi_uidivmod
    printf2.o(i.__0fprintf$2) refers to printf2.o(i._printf_core) for _printf_core
    printf2.o(i.__0fprintf$2) refers to fputc.o(i.fputc) for fputc
    printf2.o(i.__0printf$2) refers to printf2.o(i._printf_core) for _printf_core
    printf2.o(i.__0printf$2) refers to fputc.o(i.fputc) for fputc
    printf2.o(i.__0printf$2) refers to stdout.o(.data) for __stdout
    printf2.o(i.__0snprintf$2) refers to printf2.o(i._printf_core) for _printf_core
    printf2.o(i.__0snprintf$2) refers to printf2.o(i._snputc) for _snputc
    printf2.o(i.__0sprintf$2) refers to printf2.o(i._printf_core) for _printf_core
    printf2.o(i.__0sprintf$2) refers to printf2.o(i._sputc) for _sputc
    printf2.o(i.__0vfprintf$2) refers to printf2.o(i._printf_core) for _printf_core
    printf2.o(i.__0vfprintf$2) refers to fputc.o(i.fputc) for fputc
    printf2.o(i.__0vprintf$2) refers to printf2.o(i._printf_core) for _printf_core
    printf2.o(i.__0vprintf$2) refers to fputc.o(i.fputc) for fputc
    printf2.o(i.__0vprintf$2) refers to stdout.o(.data) for __stdout
    printf2.o(i.__0vsnprintf$2) refers to printf2.o(i._printf_core) for _printf_core
    printf2.o(i.__0vsnprintf$2) refers to printf2.o(i._snputc) for _snputc
    printf2.o(i.__0vsprintf$2) refers to printf2.o(i._printf_core) for _printf_core
    printf2.o(i.__0vsprintf$2) refers to printf2.o(i._sputc) for _sputc
    printf3.o(i.__0fprintf$3) refers to printf3.o(i._printf_core) for _printf_core
    printf3.o(i.__0fprintf$3) refers to fputc.o(i.fputc) for fputc
    printf3.o(i.__0printf$3) refers to printf3.o(i._printf_core) for _printf_core
    printf3.o(i.__0printf$3) refers to fputc.o(i.fputc) for fputc
    printf3.o(i.__0printf$3) refers to stdout.o(.data) for __stdout
    printf3.o(i.__0snprintf$3) refers to printf3.o(i._printf_core) for _printf_core
    printf3.o(i.__0snprintf$3) refers to printf3.o(i._snputc) for _snputc
    printf3.o(i.__0sprintf$3) refers to printf3.o(i._printf_core) for _printf_core
    printf3.o(i.__0sprintf$3) refers to printf3.o(i._sputc) for _sputc
    printf3.o(i.__0vfprintf$3) refers to printf3.o(i._printf_core) for _printf_core
    printf3.o(i.__0vfprintf$3) refers to fputc.o(i.fputc) for fputc
    printf3.o(i.__0vprintf$3) refers to printf3.o(i._printf_core) for _printf_core
    printf3.o(i.__0vprintf$3) refers to fputc.o(i.fputc) for fputc
    printf3.o(i.__0vprintf$3) refers to stdout.o(.data) for __stdout
    printf3.o(i.__0vsnprintf$3) refers to printf3.o(i._printf_core) for _printf_core
    printf3.o(i.__0vsnprintf$3) refers to printf3.o(i._snputc) for _snputc
    printf3.o(i.__0vsprintf$3) refers to printf3.o(i._printf_core) for _printf_core
    printf3.o(i.__0vsprintf$3) refers to printf3.o(i._sputc) for _sputc
    printf3.o(i._printf_core) refers to uidiv.o(.text) for __aeabi_uidivmod
    printf4.o(i.__0fprintf$4) refers to printf4.o(i._printf_core) for _printf_core
    printf4.o(i.__0fprintf$4) refers to fputc.o(i.fputc) for fputc
    printf4.o(i.__0printf$4) refers to printf4.o(i._printf_core) for _printf_core
    printf4.o(i.__0printf$4) refers to fputc.o(i.fputc) for fputc
    printf4.o(i.__0printf$4) refers to stdout.o(.data) for __stdout
    printf4.o(i.__0snprintf$4) refers to printf4.o(i._printf_core) for _printf_core
    printf4.o(i.__0snprintf$4) refers to printf4.o(i._snputc) for _snputc
    printf4.o(i.__0sprintf$4) refers to printf4.o(i._printf_core) for _printf_core
    printf4.o(i.__0sprintf$4) refers to printf4.o(i._sputc) for _sputc
    printf4.o(i.__0vfprintf$4) refers to printf4.o(i._printf_core) for _printf_core
    printf4.o(i.__0vfprintf$4) refers to fputc.o(i.fputc) for fputc
    printf4.o(i.__0vprintf$4) refers to printf4.o(i._printf_core) for _printf_core
    printf4.o(i.__0vprintf$4) refers to fputc.o(i.fputc) for fputc
    printf4.o(i.__0vprintf$4) refers to stdout.o(.data) for __stdout
    printf4.o(i.__0vsnprintf$4) refers to printf4.o(i._printf_core) for _printf_core
    printf4.o(i.__0vsnprintf$4) refers to printf4.o(i._snputc) for _snputc
    printf4.o(i.__0vsprintf$4) refers to printf4.o(i._printf_core) for _printf_core
    printf4.o(i.__0vsprintf$4) refers to printf4.o(i._sputc) for _sputc
    printf4.o(i._printf_core) refers to uldiv.o(.text) for __aeabi_uldivmod
    printf5.o(i.__0fprintf$5) refers to printf5.o(i._printf_core) for _printf_core
    printf5.o(i.__0fprintf$5) refers to fputc.o(i.fputc) for fputc
    printf5.o(i.__0printf$5) refers to printf5.o(i._printf_core) for _printf_core
    printf5.o(i.__0printf$5) refers to fputc.o(i.fputc) for fputc
    printf5.o(i.__0printf$5) refers to stdout.o(.data) for __stdout
    printf5.o(i.__0snprintf$5) refers to printf5.o(i._printf_core) for _printf_core
    printf5.o(i.__0snprintf$5) refers to printf5.o(i._snputc) for _snputc
    printf5.o(i.__0sprintf$5) refers to printf5.o(i._printf_core) for _printf_core
    printf5.o(i.__0sprintf$5) refers to printf5.o(i._sputc) for _sputc
    printf5.o(i.__0vfprintf$5) refers to printf5.o(i._printf_core) for _printf_core
    printf5.o(i.__0vfprintf$5) refers to fputc.o(i.fputc) for fputc
    printf5.o(i.__0vprintf$5) refers to printf5.o(i._printf_core) for _printf_core
    printf5.o(i.__0vprintf$5) refers to fputc.o(i.fputc) for fputc
    printf5.o(i.__0vprintf$5) refers to stdout.o(.data) for __stdout
    printf5.o(i.__0vsnprintf$5) refers to printf5.o(i._printf_core) for _printf_core
    printf5.o(i.__0vsnprintf$5) refers to printf5.o(i._snputc) for _snputc
    printf5.o(i.__0vsprintf$5) refers to printf5.o(i._printf_core) for _printf_core
    printf5.o(i.__0vsprintf$5) refers to printf5.o(i._sputc) for _sputc
    printf5.o(i._printf_core) refers to uldiv.o(.text) for __aeabi_uldivmod
    printf6.o(i.__0fprintf$6) refers to printf6.o(i._printf_core) for _printf_core
    printf6.o(i.__0fprintf$6) refers to fputc.o(i.fputc) for fputc
    printf6.o(i.__0printf$6) refers to printf6.o(i._printf_core) for _printf_core
    printf6.o(i.__0printf$6) refers to fputc.o(i.fputc) for fputc
    printf6.o(i.__0printf$6) refers to stdout.o(.data) for __stdout
    printf6.o(i.__0snprintf$6) refers to printf6.o(i._printf_core) for _printf_core
    printf6.o(i.__0snprintf$6) refers to printf6.o(i._snputc) for _snputc
    printf6.o(i.__0sprintf$6) refers to printf6.o(i._printf_core) for _printf_core
    printf6.o(i.__0sprintf$6) refers to printf6.o(i._sputc) for _sputc
    printf6.o(i.__0vfprintf$6) refers to printf6.o(i._printf_core) for _printf_core
    printf6.o(i.__0vfprintf$6) refers to fputc.o(i.fputc) for fputc
    printf6.o(i.__0vprintf$6) refers to printf6.o(i._printf_core) for _printf_core
    printf6.o(i.__0vprintf$6) refers to fputc.o(i.fputc) for fputc
    printf6.o(i.__0vprintf$6) refers to stdout.o(.data) for __stdout
    printf6.o(i.__0vsnprintf$6) refers to printf6.o(i._printf_core) for _printf_core
    printf6.o(i.__0vsnprintf$6) refers to printf6.o(i._snputc) for _snputc
    printf6.o(i.__0vsprintf$6) refers to printf6.o(i._printf_core) for _printf_core
    printf6.o(i.__0vsprintf$6) refers to printf6.o(i._sputc) for _sputc
    printf6.o(i._printf_core) refers to printf6.o(i._printf_pre_padding) for _printf_pre_padding
    printf6.o(i._printf_core) refers to uidiv.o(.text) for __aeabi_uidivmod
    printf6.o(i._printf_core) refers to printf6.o(i._printf_post_padding) for _printf_post_padding
    printf7.o(i.__0fprintf$7) refers to printf7.o(i._printf_core) for _printf_core
    printf7.o(i.__0fprintf$7) refers to fputc.o(i.fputc) for fputc
    printf7.o(i.__0printf$7) refers to printf7.o(i._printf_core) for _printf_core
    printf7.o(i.__0printf$7) refers to fputc.o(i.fputc) for fputc
    printf7.o(i.__0printf$7) refers to stdout.o(.data) for __stdout
    printf7.o(i.__0snprintf$7) refers to printf7.o(i._printf_core) for _printf_core
    printf7.o(i.__0snprintf$7) refers to printf7.o(i._snputc) for _snputc
    printf7.o(i.__0sprintf$7) refers to printf7.o(i._printf_core) for _printf_core
    printf7.o(i.__0sprintf$7) refers to printf7.o(i._sputc) for _sputc
    printf7.o(i.__0vfprintf$7) refers to printf7.o(i._printf_core) for _printf_core
    printf7.o(i.__0vfprintf$7) refers to fputc.o(i.fputc) for fputc
    printf7.o(i.__0vprintf$7) refers to printf7.o(i._printf_core) for _printf_core
    printf7.o(i.__0vprintf$7) refers to fputc.o(i.fputc) for fputc
    printf7.o(i.__0vprintf$7) refers to stdout.o(.data) for __stdout
    printf7.o(i.__0vsnprintf$7) refers to printf7.o(i._printf_core) for _printf_core
    printf7.o(i.__0vsnprintf$7) refers to printf7.o(i._snputc) for _snputc
    printf7.o(i.__0vsprintf$7) refers to printf7.o(i._printf_core) for _printf_core
    printf7.o(i.__0vsprintf$7) refers to printf7.o(i._sputc) for _sputc
    printf7.o(i._printf_core) refers to printf7.o(i._printf_pre_padding) for _printf_pre_padding
    printf7.o(i._printf_core) refers to uldiv.o(.text) for __aeabi_uldivmod
    printf7.o(i._printf_core) refers to printf7.o(i._printf_post_padding) for _printf_post_padding
    printf8.o(i.__0fprintf$8) refers to printf8.o(i._printf_core) for _printf_core
    printf8.o(i.__0fprintf$8) refers to fputc.o(i.fputc) for fputc
    printf8.o(i.__0printf$8) refers to printf8.o(i._printf_core) for _printf_core
    printf8.o(i.__0printf$8) refers to fputc.o(i.fputc) for fputc
    printf8.o(i.__0printf$8) refers to stdout.o(.data) for __stdout
    printf8.o(i.__0snprintf$8) refers to printf8.o(i._printf_core) for _printf_core
    printf8.o(i.__0snprintf$8) refers to printf8.o(i._snputc) for _snputc
    printf8.o(i.__0sprintf$8) refers to printf8.o(i._printf_core) for _printf_core
    printf8.o(i.__0sprintf$8) refers to printf8.o(i._sputc) for _sputc
    printf8.o(i.__0vfprintf$8) refers to printf8.o(i._printf_core) for _printf_core
    printf8.o(i.__0vfprintf$8) refers to fputc.o(i.fputc) for fputc
    printf8.o(i.__0vprintf$8) refers to printf8.o(i._printf_core) for _printf_core
    printf8.o(i.__0vprintf$8) refers to fputc.o(i.fputc) for fputc
    printf8.o(i.__0vprintf$8) refers to stdout.o(.data) for __stdout
    printf8.o(i.__0vsnprintf$8) refers to printf8.o(i._printf_core) for _printf_core
    printf8.o(i.__0vsnprintf$8) refers to printf8.o(i._snputc) for _snputc
    printf8.o(i.__0vsprintf$8) refers to printf8.o(i._printf_core) for _printf_core
    printf8.o(i.__0vsprintf$8) refers to printf8.o(i._sputc) for _sputc
    printf8.o(i._printf_core) refers to printf8.o(i._printf_pre_padding) for _printf_pre_padding
    printf8.o(i._printf_core) refers to uldiv.o(.text) for __aeabi_uldivmod
    printf8.o(i._printf_core) refers to printf8.o(i._printf_post_padding) for _printf_post_padding
    printfa.o(i.__0fprintf) refers (Special) to iusefp.o(.text) for __I$use$fp
    printfa.o(i.__0fprintf) refers to printfa.o(i._printf_core) for _printf_core
    printfa.o(i.__0fprintf) refers to fputc.o(i.fputc) for fputc
    printfa.o(i.__0printf) refers (Special) to iusefp.o(.text) for __I$use$fp
    printfa.o(i.__0printf) refers to printfa.o(i._printf_core) for _printf_core
    printfa.o(i.__0printf) refers to fputc.o(i.fputc) for fputc
    printfa.o(i.__0printf) refers to stdout.o(.data) for __stdout
    printfa.o(i.__0snprintf) refers (Special) to iusefp.o(.text) for __I$use$fp
    printfa.o(i.__0snprintf) refers to printfa.o(i._printf_core) for _printf_core
    printfa.o(i.__0snprintf) refers to printfa.o(i._snputc) for _snputc
    printfa.o(i.__0sprintf) refers (Special) to iusefp.o(.text) for __I$use$fp
    printfa.o(i.__0sprintf) refers to printfa.o(i._printf_core) for _printf_core
    printfa.o(i.__0sprintf) refers to printfa.o(i._sputc) for _sputc
    printfa.o(i.__0vfprintf) refers (Special) to iusefp.o(.text) for __I$use$fp
    printfa.o(i.__0vfprintf) refers to printfa.o(i._printf_core) for _printf_core
    printfa.o(i.__0vfprintf) refers to fputc.o(i.fputc) for fputc
    printfa.o(i.__0vprintf) refers (Special) to iusefp.o(.text) for __I$use$fp
    printfa.o(i.__0vprintf) refers to printfa.o(i._printf_core) for _printf_core
    printfa.o(i.__0vprintf) refers to fputc.o(i.fputc) for fputc
    printfa.o(i.__0vprintf) refers to stdout.o(.data) for __stdout
    printfa.o(i.__0vsnprintf) refers (Special) to iusefp.o(.text) for __I$use$fp
    printfa.o(i.__0vsnprintf) refers to printfa.o(i._printf_core) for _printf_core
    printfa.o(i.__0vsnprintf) refers to printfa.o(i._snputc) for _snputc
    printfa.o(i.__0vsprintf) refers (Special) to iusefp.o(.text) for __I$use$fp
    printfa.o(i.__0vsprintf) refers to printfa.o(i._printf_core) for _printf_core
    printfa.o(i.__0vsprintf) refers to printfa.o(i._sputc) for _sputc
    printfa.o(i._fp_digits) refers (Special) to iusefp.o(.text) for __I$use$fp
    printfa.o(i._fp_digits) refers to dmul.o(.text) for __aeabi_dmul
    printfa.o(i._fp_digits) refers to ddiv.o(.text) for __aeabi_ddiv
    printfa.o(i._fp_digits) refers to cdrcmple.o(.text) for __aeabi_cdrcmple
    printfa.o(i._fp_digits) refers to dadd.o(.text) for __aeabi_dadd
    printfa.o(i._fp_digits) refers to dfixul.o(.text) for __aeabi_d2ulz
    printfa.o(i._fp_digits) refers to uldiv.o(.text) for __aeabi_uldivmod
    printfa.o(i._printf_core) refers (Special) to iusefp.o(.text) for __I$use$fp
    printfa.o(i._printf_core) refers to printfa.o(i._printf_pre_padding) for _printf_pre_padding
    printfa.o(i._printf_core) refers to uldiv.o(.text) for __aeabi_uldivmod
    printfa.o(i._printf_core) refers to printfa.o(i._printf_post_padding) for _printf_post_padding
    printfa.o(i._printf_core) refers to printfa.o(i._fp_digits) for _fp_digits
    printfa.o(i._printf_core) refers to uidiv.o(.text) for __aeabi_uidivmod
    printfa.o(i._printf_post_padding) refers (Special) to iusefp.o(.text) for __I$use$fp
    printfa.o(i._printf_pre_padding) refers (Special) to iusefp.o(.text) for __I$use$fp
    printfa.o(i._snputc) refers (Special) to iusefp.o(.text) for __I$use$fp
    printfa.o(i._sputc) refers (Special) to iusefp.o(.text) for __I$use$fp
    entry2.o(.ARM.Collect$$$$00000001) refers to entry2.o(.ARM.Collect$$$$00002712) for __lit__00000000
    entry2.o(.ARM.Collect$$$$00002712) refers to startup_tm4c123.o(STACK) for __initial_sp
    entry2.o(__vectab_stack_and_reset_area) refers to startup_tm4c123.o(STACK) for __initial_sp
    entry2.o(__vectab_stack_and_reset_area) refers to entry.o(.ARM.Collect$$$$00000000) for __main
    entry5.o(.ARM.Collect$$$$00000004) refers to init.o(.text) for __scatterload
    entry9a.o(.ARM.Collect$$$$0000000B) refers to main.o(.text) for main
    entry9b.o(.ARM.Collect$$$$0000000C) refers to main.o(.text) for main
    fputc.o(i.fputc) refers (Special) to iusesemip.o(.text) for __I$use$semihosting$fputc
    fputc.o(i.fputc) refers (Special) to semi.o(.text) for __semihosting_library_function
    uldiv.o(.text) refers to llushr.o(.text) for __aeabi_llsr
    uldiv.o(.text) refers to llshl.o(.text) for __aeabi_llsl
    dadd.o(.text) refers to llshl.o(.text) for __aeabi_llsl
    dadd.o(.text) refers to llsshr.o(.text) for __aeabi_lasr
    dadd.o(.text) refers to depilogue.o(.text) for _double_epilogue
    dmul.o(.text) refers to depilogue.o(.text) for _double_epilogue
    ddiv.o(.text) refers to depilogue.o(.text) for _double_round
    dfixul.o(.text) refers to llushr.o(.text) for __aeabi_llsr
    dfixul.o(.text) refers to llshl.o(.text) for __aeabi_llsl
    init.o(.text) refers to entry5.o(.ARM.Collect$$$$00000004) for __main_after_scatterload
    depilogue.o(.text) refers to llshl.o(.text) for __aeabi_llsl
    depilogue.o(.text) refers to llushr.o(.text) for __aeabi_llsr


==============================================================================

Removing Unused input sections from the image.

    Removing main.o(.rev16_text), (4 bytes).
    Removing main.o(.revsh_text), (4 bytes).
    Removing main.o(.rrx_text), (6 bytes).
    Removing hw3_staff.o(.rev16_text), (4 bytes).
    Removing hw3_staff.o(.revsh_text), (4 bytes).
    Removing hw3_staff.o(.rrx_text), (6 bytes).
    Removing hw3.o(.rev16_text), (4 bytes).
    Removing hw3.o(.revsh_text), (4 bytes).
    Removing hw3.o(.rrx_text), (6 bytes).
    Removing hw3_interrupts.o(.rev16_text), (4 bytes).
    Removing hw3_interrupts.o(.revsh_text), (4 bytes).
    Removing hw3_interrupts.o(.rrx_text), (6 bytes).
    Removing gpio_port.o(.rev16_text), (4 bytes).
    Removing gpio_port.o(.revsh_text), (4 bytes).
    Removing gpio_port.o(.rrx_text), (6 bytes).
    Removing timers.o(.rev16_text), (4 bytes).
    Removing timers.o(.revsh_text), (4 bytes).
    Removing timers.o(.rrx_text), (6 bytes).
    Removing adc.o(.rev16_text), (4 bytes).
    Removing adc.o(.revsh_text), (4 bytes).
    Removing adc.o(.rrx_text), (6 bytes).
    Removing adc.o(.text), (160 bytes).
    Removing spi.o(.rev16_text), (4 bytes).
    Removing spi.o(.revsh_text), (4 bytes).
    Removing spi.o(.rrx_text), (6 bytes).
    Removing i2c.o(.rev16_text), (4 bytes).
    Removing i2c.o(.revsh_text), (4 bytes).
    Removing i2c.o(.rrx_text), (6 bytes).
    Removing lcd.o(.rev16_text), (4 bytes).
    Removing lcd.o(.revsh_text), (4 bytes).
    Removing lcd.o(.rrx_text), (6 bytes).
    Removing ps2.o(.rev16_text), (4 bytes).
    Removing ps2.o(.revsh_text), (4 bytes).
    Removing ps2.o(.rrx_text), (6 bytes).
    Removing ps2.o(.text), (164 bytes).
    Removing accel.o(.rev16_text), (4 bytes).
    Removing accel.o(.revsh_text), (4 bytes).
    Removing accel.o(.rrx_text), (6 bytes).
    Removing spi_select.o(.rev16_text), (4 bytes).
    Removing spi_select.o(.revsh_text), (4 bytes).
    Removing spi_select.o(.rrx_text), (6 bytes).
    Removing eeprom.o(.rev16_text), (4 bytes).
    Removing eeprom.o(.revsh_text), (4 bytes).
    Removing eeprom.o(.rrx_text), (6 bytes).
    Removing mcp23017.o(.rev16_text), (4 bytes).
    Removing mcp23017.o(.revsh_text), (4 bytes).
    Removing mcp23017.o(.rrx_text), (6 bytes).
    Removing startup_tm4c123.o(HEAP), (0 bytes).
    Removing system_tm4c123.o(.rev16_text), (4 bytes).
    Removing system_tm4c123.o(.revsh_text), (4 bytes).
    Removing system_tm4c123.o(.rrx_text), (6 bytes).
    Removing hw2.o(.rev16_text), (4 bytes).
    Removing hw2.o(.revsh_text), (4 bytes).
    Removing hw2.o(.rrx_text), (6 bytes).
    Removing dadd.o(.text), (334 bytes).
    Removing dmul.o(.text), (228 bytes).
    Removing ddiv.o(.text), (222 bytes).
    Removing dfixul.o(.text), (48 bytes).
    Removing cdrcmple.o(.text), (48 bytes).
    Removing depilogue.o(.text), (186 bytes).

60 unused section(s) (total 1628 bytes) removed from the image.

==============================================================================

Image Symbol Table

    Local Symbols

    Symbol Name                              Value     Ov Type        Size  Object(Section)

    RESET                                    0x00000000   Section      620  startup_tm4c123.o(RESET)
    ../clib/microlib/division.c              0x00000000   Number         0  uldiv.o ABSOLUTE
    ../clib/microlib/division.c              0x00000000   Number         0  uidiv.o ABSOLUTE
    ../clib/microlib/init/entry.s            0x00000000   Number         0  entry10b.o ABSOLUTE
    ../clib/microlib/init/entry.s            0x00000000   Number         0  entry2.o ABSOLUTE
    ../clib/microlib/init/entry.s            0x00000000   Number         0  entry5.o ABSOLUTE
    ../clib/microlib/init/entry.s            0x00000000   Number         0  entry7a.o ABSOLUTE
    ../clib/microlib/init/entry.s            0x00000000   Number         0  entry7b.o ABSOLUTE
    ../clib/microlib/init/entry.s            0x00000000   Number         0  entry8b.o ABSOLUTE
    ../clib/microlib/init/entry.s            0x00000000   Number         0  entry8a.o ABSOLUTE
    ../clib/microlib/init/entry.s            0x00000000   Number         0  entry9a.o ABSOLUTE
    ../clib/microlib/init/entry.s            0x00000000   Number         0  entry.o ABSOLUTE
    ../clib/microlib/init/entry.s            0x00000000   Number         0  entry9b.o ABSOLUTE
    ../clib/microlib/init/entry.s            0x00000000   Number         0  entry10a.o ABSOLUTE
    ../clib/microlib/init/entry.s            0x00000000   Number         0  entry11b.o ABSOLUTE
    ../clib/microlib/init/entry.s            0x00000000   Number         0  entry11a.o ABSOLUTE
    ../clib/microlib/longlong.c              0x00000000   Number         0  llushr.o ABSOLUTE
    ../clib/microlib/longlong.c              0x00000000   Number         0  llsshr.o ABSOLUTE
    ../clib/microlib/longlong.c              0x00000000   Number         0  llshl.o ABSOLUTE
    ../clib/microlib/printf/printf.c         0x00000000   Number         0  printf4.o ABSOLUTE
    ../clib/microlib/printf/printf.c         0x00000000   Number         0  printf3.o ABSOLUTE
    ../clib/microlib/printf/printf.c         0x00000000   Number         0  printf2.o ABSOLUTE
    ../clib/microlib/printf/printf.c         0x00000000   Number         0  printf6.o ABSOLUTE
    ../clib/microlib/printf/printf.c         0x00000000   Number         0  printf1.o ABSOLUTE
    ../clib/microlib/printf/printf.c         0x00000000   Number         0  printf0.o ABSOLUTE
    ../clib/microlib/printf/printf.c         0x00000000   Number         0  printf5.o ABSOLUTE
    ../clib/microlib/printf/printf.c         0x00000000   Number         0  printfb.o ABSOLUTE
    ../clib/microlib/printf/printf.c         0x00000000   Number         0  printfa.o ABSOLUTE
    ../clib/microlib/printf/printf.c         0x00000000   Number         0  printf8.o ABSOLUTE
    ../clib/microlib/printf/printf.c         0x00000000   Number         0  printf7.o ABSOLUTE
    ../clib/microlib/printf/stubs.s          0x00000000   Number         0  stubs.o ABSOLUTE
    ../clib/microlib/stdio/fputc.c           0x00000000   Number         0  fputc.o ABSOLUTE
    ../clib/microlib/stdio/semi.s            0x00000000   Number         0  semi.o ABSOLUTE
    ../clib/microlib/stdio/streams.c         0x00000000   Number         0  stdout.o ABSOLUTE
    ../clib/microlib/stdlib/rand.c           0x00000000   Number         0  rand.o ABSOLUTE
    ../clib/microlib/string/strcpy.c         0x00000000   Number         0  strcpy.o ABSOLUTE
    ../clib/microlib/stubs.s                 0x00000000   Number         0  iusesemip.o ABSOLUTE
    ../clib/microlib/stubs.s                 0x00000000   Number         0  iusefp.o ABSOLUTE
    ../fplib/microlib/fpadd.c                0x00000000   Number         0  dadd.o ABSOLUTE
    ../fplib/microlib/fpdiv.c                0x00000000   Number         0  ddiv.o ABSOLUTE
    ../fplib/microlib/fpepilogue.c           0x00000000   Number         0  depilogue.o ABSOLUTE
    ../fplib/microlib/fpfix.c                0x00000000   Number         0  dfixul.o ABSOLUTE
    ../fplib/microlib/fpmul.c                0x00000000   Number         0  dmul.o ABSOLUTE
    ..\\drivers\\c\\adc.c                    0x00000000   Number         0  adc.o ABSOLUTE
    ..\\drivers\\c\\gpio_port.c              0x00000000   Number         0  gpio_port.o ABSOLUTE
    ..\\drivers\\c\\i2c.c                    0x00000000   Number         0  i2c.o ABSOLUTE
    ..\\drivers\\c\\spi.c                    0x00000000   Number         0  spi.o ABSOLUTE
    ..\\drivers\\c\\timers.c                 0x00000000   Number         0  timers.o ABSOLUTE
    ..\\peripherals\\c\\MCP23017.c           0x00000000   Number         0  mcp23017.o ABSOLUTE
    ..\\peripherals\\c\\accel.c              0x00000000   Number         0  accel.o ABSOLUTE
    ..\\peripherals\\c\\eeprom.c             0x00000000   Number         0  eeprom.o ABSOLUTE
    ..\\peripherals\\c\\lcd.c                0x00000000   Number         0  lcd.o ABSOLUTE
    ..\\peripherals\\c\\ps2.c                0x00000000   Number         0  ps2.o ABSOLUTE
    ..\\peripherals\\c\\spi_select.c         0x00000000   Number         0  spi_select.o ABSOLUTE
    ..\drivers\c\adc.c                       0x00000000   Number         0  adc.o ABSOLUTE
    ..\drivers\c\gpio_port.c                 0x00000000   Number         0  gpio_port.o ABSOLUTE
    ..\drivers\c\i2c.c                       0x00000000   Number         0  i2c.o ABSOLUTE
    ..\drivers\c\spi.c                       0x00000000   Number         0  spi.o ABSOLUTE
    ..\drivers\c\timers.c                    0x00000000   Number         0  timers.o ABSOLUTE
    ..\peripherals\c\MCP23017.c              0x00000000   Number         0  mcp23017.o ABSOLUTE
    ..\peripherals\c\accel.c                 0x00000000   Number         0  accel.o ABSOLUTE
    ..\peripherals\c\eeprom.c                0x00000000   Number         0  eeprom.o ABSOLUTE
    ..\peripherals\c\lcd.c                   0x00000000   Number         0  lcd.o ABSOLUTE
    ..\peripherals\c\ps2.c                   0x00000000   Number         0  ps2.o ABSOLUTE
    ..\peripherals\c\spi_select.c            0x00000000   Number         0  spi_select.o ABSOLUTE
    RTE\Device\TM4C123GH6PM\startup_TM4C123.s 0x00000000   Number         0  startup_tm4c123.o ABSOLUTE
    RTE\Device\TM4C123GH6PM\system_TM4C123.c 0x00000000   Number         0  system_tm4c123.o ABSOLUTE
    RTE\\Device\\TM4C123GH6PM\\system_TM4C123.c 0x00000000   Number         0  system_tm4c123.o ABSOLUTE
    cdrcmple.s                               0x00000000   Number         0  cdrcmple.o ABSOLUTE
    dc.s                                     0x00000000   Number         0  dc.o ABSOLUTE
    handlers.s                               0x00000000   Number         0  handlers.o ABSOLUTE
    hw2.c                                    0x00000000   Number         0  hw2.o ABSOLUTE
    hw2.c                                    0x00000000   Number         0  hw2.o ABSOLUTE
    hw3.c                                    0x00000000   Number         0  hw3.o ABSOLUTE
    hw3.c                                    0x00000000   Number         0  hw3.o ABSOLUTE
    hw3_images.c                             0x00000000   Number         0  hw3_images.o ABSOLUTE
    hw3_interrupts.c                         0x00000000   Number         0  hw3_interrupts.o ABSOLUTE
    hw3_interrupts.c                         0x00000000   Number         0  hw3_interrupts.o ABSOLUTE
    hw3_staff.c                              0x00000000   Number         0  hw3_staff.o ABSOLUTE
    hw3_staff.c                              0x00000000   Number         0  hw3_staff.o ABSOLUTE
    init.s                                   0x00000000   Number         0  init.o ABSOLUTE
    main.c                                   0x00000000   Number         0  main.o ABSOLUTE
    main.c                                   0x00000000   Number         0  main.o ABSOLUTE
    .ARM.Collect$$$$00000000                 0x0000026c   Section        0  entry.o(.ARM.Collect$$$$00000000)
    .ARM.Collect$$$$00000001                 0x0000026c   Section        4  entry2.o(.ARM.Collect$$$$00000001)
    .ARM.Collect$$$$00000004                 0x00000270   Section        4  entry5.o(.ARM.Collect$$$$00000004)
    .ARM.Collect$$$$00000008                 0x00000274   Section        0  entry7b.o(.ARM.Collect$$$$00000008)
    .ARM.Collect$$$$0000000A                 0x00000274   Section        0  entry8b.o(.ARM.Collect$$$$0000000A)
    .ARM.Collect$$$$0000000B                 0x00000274   Section        8  entry9a.o(.ARM.Collect$$$$0000000B)
    .ARM.Collect$$$$0000000D                 0x0000027c   Section        0  entry10a.o(.ARM.Collect$$$$0000000D)
    .ARM.Collect$$$$0000000F                 0x0000027c   Section        0  entry11a.o(.ARM.Collect$$$$0000000F)
    .ARM.Collect$$$$00002712                 0x0000027c   Section        4  entry2.o(.ARM.Collect$$$$00002712)
    __lit__00000000                          0x0000027c   Data           4  entry2.o(.ARM.Collect$$$$00002712)
    .text                                    0x00000280   Section        0  main.o(.text)
    .text                                    0x00000310   Section        0  hw3_staff.o(.text)
    .text                                    0x00000390   Section        0  hw3.o(.text)
    __NVIC_DisableIRQ                        0x00000391   Thumb Code    54  hw3.o(.text)
    __NVIC_SetPriority                       0x000003c7   Thumb Code    32  hw3.o(.text)
    verify_base_addr                         0x000004f3   Thumb Code    64  hw3.o(.text)
    __NVIC_EnableIRQ                         0x00000ac9   Thumb Code    26  hw3.o(.text)
    .text                                    0x00000b50   Section        0  hw3_interrupts.o(.text)
    .text                                    0x00000d3c   Section        0  gpio_port.o(.text)
    verify_base_addr                         0x00000d3d   Thumb Code    64  gpio_port.o(.text)
    .text                                    0x00000fe4   Section        0  timers.o(.text)
    verify_base_addr                         0x00000fe5   Thumb Code    64  timers.o(.text)
    get_clock_masks                          0x00001025   Thumb Code   106  timers.o(.text)
    .text                                    0x0000115c   Section        0  spi.o(.text)
    .text                                    0x000012f8   Section        0  i2c.o(.text)
    .text                                    0x00001500   Section        0  lcd.o(.text)
    delayms                                  0x00001501   Thumb Code    26  lcd.o(.text)
    lcd_write_cmd_u8                         0x0000151b   Thumb Code    40  lcd.o(.text)
    lcd_write_data_u8                        0x00001543   Thumb Code    28  lcd.o(.text)
    .text                                    0x00001994   Section        0  accel.o(.text)
    accel_reg_read                           0x00001995   Thumb Code    44  accel.o(.text)
    accel_reg_write                          0x000019c1   Thumb Code    36  accel.o(.text)
    accel_CSN_low                            0x00001b09   Thumb Code    18  accel.o(.text)
    accel_CSN_high                           0x00001b1b   Thumb Code    18  accel.o(.text)
    .text                                    0x00001b34   Section        0  spi_select.o(.text)
    .text                                    0x00001bd8   Section        0  eeprom.o(.text)
    eeprom_wait_for_write                    0x00001bd9   Thumb Code    68  eeprom.o(.text)
    .text                                    0x00001d80   Section        0  mcp23017.o(.text)
    IO_expander_byte_write                   0x00001d81   Thumb Code    76  mcp23017.o(.text)
    .text                                    0x00001f40   Section      252  startup_tm4c123.o(.text)
    $v0                                      0x00001f40   Number         0  startup_tm4c123.o(.text)
    .text                                    0x0000203c   Section        0  system_tm4c123.o(.text)
    getOscClk                                0x0000203d   Thumb Code   182  system_tm4c123.o(.text)
    .text                                    0x00002288   Section        0  hw2.o(.text)
    .text                                    0x000023d8   Section        0  rand.o(.text)
    .text                                    0x000023fc   Section        0  strcpy.o(.text)
    .text                                    0x0000240e   Section        0  uidiv.o(.text)
    .text                                    0x0000243c   Section       36  init.o(.text)
    .text                                    0x00002460   Section        0  semi.o(.text)
    .text                                    0x00002460   Section        0  iusesemip.o(.text)
    i.__0printf$3                            0x00002460   Section        0  printf3.o(i.__0printf$3)
    i.__scatterload_copy                     0x00002480   Section       14  handlers.o(i.__scatterload_copy)
    i.__scatterload_null                     0x0000248e   Section        2  handlers.o(i.__scatterload_null)
    i.__scatterload_zeroinit                 0x00002490   Section       14  handlers.o(i.__scatterload_zeroinit)
    i._printf_core                           0x000024a0   Section        0  printf3.o(i._printf_core)
    _printf_core                             0x000024a1   Thumb Code   436  printf3.o(i._printf_core)
    i.fputc                                  0x00002658   Section        0  fputc.o(i.fputc)
    i.lcd_write_data_u16                     0x0000266c   Section        0  lcd.o(i.lcd_write_data_u16)
    .constdata                               0x000026a8   Section       20  hw3_staff.o(.constdata)
    MOVE_AMOUNT                              0x000026a8   Data          16  hw3_staff.o(.constdata)
    MOV_DIR                                  0x000026b8   Data           4  hw3_staff.o(.constdata)
    .constdata                               0x000026bc   Section     1188  hw3_images.o(.constdata)
    .data                                    0x20000000   Section        2  hw3_staff.o(.data)
    lfsr                                     0x20000000   Data           2  hw3_staff.o(.data)
    .data                                    0x20000002   Section      266  hw3.o(.data)
    .data                                    0x2000010c   Section        6  hw3_interrupts.o(.data)
    current_dir                              0x2000010d   Data           1  hw3_interrupts.o(.data)
    next_dir                                 0x2000010e   Data           1  hw3_interrupts.o(.data)
    move_count                               0x20000110   Data           2  hw3_interrupts.o(.data)
    .data                                    0x20000114   Section        4  system_tm4c123.o(.data)
    .data                                    0x20000118   Section        4  rand.o(.data)
    _rand_state                              0x20000118   Data           4  rand.o(.data)
    .data                                    0x2000011c   Section        4  stdout.o(.data)
    STACK                                    0x20000120   Section      512  startup_tm4c123.o(STACK)

    Global Symbols

    Symbol Name                              Value     Ov Type        Size  Object(Section)

    BuildAttributes$$THM_ISAv4$E$P$D$K$B$S$7EM$VFPi3$EXTD16$VFPS$VFMA$PE$A:L22UL41UL21$X:L11$S22US41US21$IEEE1$IW$USESV6$~STKCKD$USESV7$~SHL$OSPACE$ROPI$EBA8$MICROLIB$REQ8$PRES8$EABIv2 0x00000000   Number         0  anon$$obj.o ABSOLUTE
    __ARM_use_no_argv                        0x00000000   Number         0  main.o ABSOLUTE
    __Vectors                                0x00000000   Data           4  startup_tm4c123.o(RESET)
    _printf_a                                0x00000000   Number         0  stubs.o ABSOLUTE
    _printf_c                                0x00000000   Number         0  stubs.o ABSOLUTE
    _printf_charcount                        0x00000000   Number         0  stubs.o ABSOLUTE
    _printf_d                                0x00000000   Number         0  stubs.o ABSOLUTE
    _printf_e                                0x00000000   Number         0  stubs.o ABSOLUTE
    _printf_f                                0x00000000   Number         0  stubs.o ABSOLUTE
    _printf_flags                            0x00000000   Number         0  stubs.o ABSOLUTE
    _printf_fp_dec                           0x00000000   Number         0  stubs.o ABSOLUTE
    _printf_fp_hex                           0x00000000   Number         0  stubs.o ABSOLUTE
    _printf_g                                0x00000000   Number         0  stubs.o ABSOLUTE
    _printf_i                                0x00000000   Number         0  stubs.o ABSOLUTE
    _printf_int_dec                          0x00000000   Number         0  stubs.o ABSOLUTE
    _printf_l                                0x00000000   Number         0  stubs.o ABSOLUTE
    _printf_lc                               0x00000000   Number         0  stubs.o ABSOLUTE
    _printf_ll                               0x00000000   Number         0  stubs.o ABSOLUTE
    _printf_lld                              0x00000000   Number         0  stubs.o ABSOLUTE
    _printf_lli                              0x00000000   Number         0  stubs.o ABSOLUTE
    _printf_llo                              0x00000000   Number         0  stubs.o ABSOLUTE
    _printf_llu                              0x00000000   Number         0  stubs.o ABSOLUTE
    _printf_llx                              0x00000000   Number         0  stubs.o ABSOLUTE
    _printf_longlong_dec                     0x00000000   Number         0  stubs.o ABSOLUTE
    _printf_longlong_hex                     0x00000000   Number         0  stubs.o ABSOLUTE
    _printf_longlong_oct                     0x00000000   Number         0  stubs.o ABSOLUTE
    _printf_ls                               0x00000000   Number         0  stubs.o ABSOLUTE
    _printf_mbtowc                           0x00000000   Number         0  stubs.o ABSOLUTE
    _printf_n                                0x00000000   Number         0  stubs.o ABSOLUTE
    _printf_o                                0x00000000   Number         0  stubs.o ABSOLUTE
    _printf_p                                0x00000000   Number         0  stubs.o ABSOLUTE
    _printf_percent                          0x00000000   Number         0  stubs.o ABSOLUTE
    _printf_pre_padding                      0x00000000   Number         0  stubs.o ABSOLUTE
    _printf_return_value                     0x00000000   Number         0  stubs.o ABSOLUTE
    _printf_s                                0x00000000   Number         0  stubs.o ABSOLUTE
    _printf_sizespec                         0x00000000   Number         0  stubs.o ABSOLUTE
    _printf_str                              0x00000000   Number         0  stubs.o ABSOLUTE
    _printf_truncate_signed                  0x00000000   Number         0  stubs.o ABSOLUTE
    _printf_truncate_unsigned                0x00000000   Number         0  stubs.o ABSOLUTE
    _printf_u                                0x00000000   Number         0  stubs.o ABSOLUTE
    _printf_wc                               0x00000000   Number         0  stubs.o ABSOLUTE
    _printf_wctomb                           0x00000000   Number         0  stubs.o ABSOLUTE
    _printf_widthprec                        0x00000000   Number         0  stubs.o ABSOLUTE
    _printf_x                                0x00000000   Number         0  stubs.o ABSOLUTE
    __cpp_initialize__aeabi_                  - Undefined Weak Reference
    __cxa_finalize                            - Undefined Weak Reference
    __decompress                              - Undefined Weak Reference
    _clock_init                               - Undefined Weak Reference
    _microlib_exit                            - Undefined Weak Reference
    __Vectors_End                            0x0000026c   Data           0  startup_tm4c123.o(RESET)
    __Vectors_Size                           0x0000026c   Number         0  startup_tm4c123.o ABSOLUTE
    __main                                   0x0000026d   Thumb Code     0  entry.o(.ARM.Collect$$$$00000000)
    _main_stk                                0x0000026d   Thumb Code     0  entry2.o(.ARM.Collect$$$$00000001)
    _main_scatterload                        0x00000271   Thumb Code     0  entry5.o(.ARM.Collect$$$$00000004)
    __main_after_scatterload                 0x00000275   Thumb Code     0  entry5.o(.ARM.Collect$$$$00000004)
    _main_clock                              0x00000275   Thumb Code     0  entry7b.o(.ARM.Collect$$$$00000008)
    _main_cpp_init                           0x00000275   Thumb Code     0  entry8b.o(.ARM.Collect$$$$0000000A)
    _main_init                               0x00000275   Thumb Code     0  entry9a.o(.ARM.Collect$$$$0000000B)
    __rt_final_cpp                           0x0000027d   Thumb Code     0  entry10a.o(.ARM.Collect$$$$0000000D)
    __rt_final_exit                          0x0000027d   Thumb Code     0  entry11a.o(.ARM.Collect$$$$0000000F)
    main                                     0x00000281   Thumb Code    42  main.o(.text)
    generate_random_number                   0x00000311   Thumb Code    48  hw3_staff.o(.text)
    get_new_direction                        0x00000341   Thumb Code    36  hw3_staff.o(.text)
    get_new_move_count                       0x00000365   Thumb Code    28  hw3_staff.o(.text)
    hw3_hardware_validate                    0x00000381   Thumb Code     4  hw3_staff.o(.text)
    contact_edge                             0x000003e7   Thumb Code   190  hw3.o(.text)
    move_image                               0x000004a5   Thumb Code    78  hw3.o(.text)
    countdown_timer                          0x00000533   Thumb Code    60  hw3.o(.text)
    check_game_over                          0x0000056f   Thumb Code   198  hw3.o(.text)
    init_adc                                 0x00000635   Thumb Code    62  hw3.o(.text)
    eeprom_game_data                         0x00000673   Thumb Code   140  hw3.o(.text)
    eeprom_read_board_data                   0x000006ff   Thumb Code   316  hw3.o(.text)
    eeprom_write                             0x0000083b   Thumb Code   136  hw3.o(.text)
    init_interrupt_adc                       0x000008c3   Thumb Code   106  hw3.o(.text)
    init_hardware                            0x0000092d   Thumb Code   160  hw3.o(.text)
    hw3_main                                 0x000009cd   Thumb Code   252  hw3.o(.text)
    TIMER2A_Handler                          0x00000b51   Thumb Code    70  hw3_interrupts.o(.text)
    TIMER3A_Handler                          0x00000b97   Thumb Code   142  hw3_interrupts.o(.text)
    TIMER4A_Handler                          0x00000c25   Thumb Code    84  hw3_interrupts.o(.text)
    ADC0SS2_Handler                          0x00000c79   Thumb Code    64  hw3_interrupts.o(.text)
    GPIOF_Handler                            0x00000cb9   Thumb Code    60  hw3_interrupts.o(.text)
    gpio_get_irq_num                         0x00000d7d   Thumb Code    74  gpio_port.o(.text)
    gpio_enable_port                         0x00000dc7   Thumb Code   166  gpio_port.o(.text)
    gpio_config_digital_enable               0x00000e6d   Thumb Code    34  gpio_port.o(.text)
    gpio_config_enable_output                0x00000e8f   Thumb Code    34  gpio_port.o(.text)
    gpio_config_enable_input                 0x00000eb1   Thumb Code    34  gpio_port.o(.text)
    gpio_config_enable_pullup                0x00000ed3   Thumb Code    34  gpio_port.o(.text)
    gpio_config_enable_pulldown              0x00000ef5   Thumb Code    34  gpio_port.o(.text)
    gpio_config_analog_enable                0x00000f17   Thumb Code    34  gpio_port.o(.text)
    gpio_config_alternate_function           0x00000f39   Thumb Code    34  gpio_port.o(.text)
    gpio_config_port_control                 0x00000f5b   Thumb Code    50  gpio_port.o(.text)
    gpio_config_open_drain                   0x00000f8d   Thumb Code    34  gpio_port.o(.text)
    gpio_config_falling_edge_irq             0x00000faf   Thumb Code    22  gpio_port.o(.text)
    gp_timer_wait                            0x0000108f   Thumb Code    64  timers.o(.text)
    gp_timer_config_32                       0x000010cf   Thumb Code   124  timers.o(.text)
    spiVerifyBaseAddr                        0x0000115d   Thumb Code    34  spi.o(.text)
    initialize_spi                           0x0000117f   Thumb Code   258  spi.o(.text)
    spiTx                                    0x00001281   Thumb Code    94  spi.o(.text)
    initializeI2CMaster                      0x000012f9   Thumb Code   160  i2c.o(.text)
    i2cVerifyBaseAddr                        0x00001399   Thumb Code    36  i2c.o(.text)
    i2cSetSlaveAddr                          0x000013bd   Thumb Code    30  i2c.o(.text)
    i2cStop                                  0x000013db   Thumb Code    26  i2c.o(.text)
    I2CMasterBusy                            0x000013f5   Thumb Code    34  i2c.o(.text)
    I2CMasterAdrAck                          0x00001417   Thumb Code    34  i2c.o(.text)
    I2CMasterDatAck                          0x00001439   Thumb Code    34  i2c.o(.text)
    i2cSendByte                              0x0000145b   Thumb Code    82  i2c.o(.text)
    i2cGetByte                               0x000014ad   Thumb Code    60  i2c.o(.text)
    lcd_set_pos                              0x0000155f   Thumb Code    58  lcd.o(.text)
    lcd_clear_screen                         0x00001599   Thumb Code    52  lcd.o(.text)
    lcd_draw_image                           0x000015cd   Thumb Code   242  lcd.o(.text)
    lcd_config_gpio                          0x000016bf   Thumb Code   152  lcd.o(.text)
    lcd_config_screen                        0x00001757   Thumb Code   568  lcd.o(.text)
    accel_read_x                             0x000019e5   Thumb Code    22  accel.o(.text)
    accel_read_y                             0x000019fb   Thumb Code    22  accel.o(.text)
    accel_read_z                             0x00001a11   Thumb Code    22  accel.o(.text)
    accel_initialize                         0x00001a27   Thumb Code   226  accel.o(.text)
    spi_select                               0x00001b35   Thumb Code    62  spi_select.o(.text)
    spi_select_init                          0x00001b73   Thumb Code    92  spi_select.o(.text)
    eeprom_byte_write                        0x00001c1d   Thumb Code    88  eeprom.o(.text)
    eeprom_byte_read                         0x00001c75   Thumb Code   106  eeprom.o(.text)
    eeprom_init                              0x00001cdf   Thumb Code   156  eeprom.o(.text)
    initialize_buttons                       0x00001dcd   Thumb Code   112  mcp23017.o(.text)
    read_button                              0x00001e3d   Thumb Code    88  mcp23017.o(.text)
    mcp23017_init                            0x00001e95   Thumb Code   156  mcp23017.o(.text)
    Reset_Handler                            0x00001f41   Thumb Code     8  startup_tm4c123.o(.text)
    NMI_Handler                              0x00001f49   Thumb Code     2  startup_tm4c123.o(.text)
    HardFault_Handler                        0x00001f4b   Thumb Code     2  startup_tm4c123.o(.text)
    MemManage_Handler                        0x00001f4d   Thumb Code     2  startup_tm4c123.o(.text)
    BusFault_Handler                         0x00001f4f   Thumb Code     2  startup_tm4c123.o(.text)
    UsageFault_Handler                       0x00001f51   Thumb Code     2  startup_tm4c123.o(.text)
    SVC_Handler                              0x00001f53   Thumb Code     2  startup_tm4c123.o(.text)
    DebugMon_Handler                         0x00001f55   Thumb Code     2  startup_tm4c123.o(.text)
    PendSV_Handler                           0x00001f57   Thumb Code     2  startup_tm4c123.o(.text)
    SysTick_Handler                          0x00001f59   Thumb Code     2  startup_tm4c123.o(.text)
    GPIOA_Handler                            0x00001f5b   Thumb Code     2  startup_tm4c123.o(.text)
    GPIOB_Handler                            0x00001f5d   Thumb Code     2  startup_tm4c123.o(.text)
    GPIOC_Handler                            0x00001f5f   Thumb Code     2  startup_tm4c123.o(.text)
    GPIOD_Handler                            0x00001f61   Thumb Code     2  startup_tm4c123.o(.text)
    GPIOE_Handler                            0x00001f63   Thumb Code     2  startup_tm4c123.o(.text)
    UART0_Handler                            0x00001f65   Thumb Code     2  startup_tm4c123.o(.text)
    UART1_Handler                            0x00001f67   Thumb Code     2  startup_tm4c123.o(.text)
    SSI0_Handler                             0x00001f69   Thumb Code     2  startup_tm4c123.o(.text)
    I2C0_Handler                             0x00001f6b   Thumb Code     2  startup_tm4c123.o(.text)
    PMW0_FAULT_Handler                       0x00001f6d   Thumb Code     2  startup_tm4c123.o(.text)
    PWM0_0_Handler                           0x00001f6f   Thumb Code     2  startup_tm4c123.o(.text)
    PWM0_1_Handler                           0x00001f71   Thumb Code     2  startup_tm4c123.o(.text)
    PWM0_2_Handler                           0x00001f73   Thumb Code     2  startup_tm4c123.o(.text)
    QEI0_Handler                             0x00001f75   Thumb Code     2  startup_tm4c123.o(.text)
    ADC0SS0_Handler                          0x00001f77   Thumb Code     2  startup_tm4c123.o(.text)
    ADC0SS1_Handler                          0x00001f79   Thumb Code     2  startup_tm4c123.o(.text)
    ADC0SS3_Handler                          0x00001f7d   Thumb Code     2  startup_tm4c123.o(.text)
    WDT0_Handler                             0x00001f7f   Thumb Code     2  startup_tm4c123.o(.text)
    TIMER0A_Handler                          0x00001f81   Thumb Code     2  startup_tm4c123.o(.text)
    TIMER0B_Handler                          0x00001f83   Thumb Code     2  startup_tm4c123.o(.text)
    TIMER1A_Handler                          0x00001f85   Thumb Code     2  startup_tm4c123.o(.text)
    TIMER1B_Handler                          0x00001f87   Thumb Code     2  startup_tm4c123.o(.text)
    TIMER2B_Handler                          0x00001f8b   Thumb Code     2  startup_tm4c123.o(.text)
    COMP0_Handler                            0x00001f8d   Thumb Code     2  startup_tm4c123.o(.text)
    COMP1_Handler                            0x00001f8f   Thumb Code     2  startup_tm4c123.o(.text)
    COMP2_Handler                            0x00001f91   Thumb Code     2  startup_tm4c123.o(.text)
    SYSCTL_Handler                           0x00001f93   Thumb Code     2  startup_tm4c123.o(.text)
    FLASH_Handler                            0x00001f95   Thumb Code     2  startup_tm4c123.o(.text)
    GPIOG_Handler                            0x00001f99   Thumb Code     2  startup_tm4c123.o(.text)
    GPIOH_Handler                            0x00001f9b   Thumb Code     2  startup_tm4c123.o(.text)
    UART2_Handler                            0x00001f9d   Thumb Code     2  startup_tm4c123.o(.text)
    SSI1_Handler                             0x00001f9f   Thumb Code     2  startup_tm4c123.o(.text)
    TIMER3B_Handler                          0x00001fa3   Thumb Code     2  startup_tm4c123.o(.text)
    I2C1_Handler                             0x00001fa5   Thumb Code     2  startup_tm4c123.o(.text)
    QEI1_Handler                             0x00001fa7   Thumb Code     2  startup_tm4c123.o(.text)
    CAN0_Handler                             0x00001fa9   Thumb Code     2  startup_tm4c123.o(.text)
    CAN1_Handler                             0x00001fab   Thumb Code     2  startup_tm4c123.o(.text)
    CAN2_Handler                             0x00001fad   Thumb Code     2  startup_tm4c123.o(.text)
    HIB_Handler                              0x00001faf   Thumb Code     2  startup_tm4c123.o(.text)
    USB0_Handler                             0x00001fb1   Thumb Code     2  startup_tm4c123.o(.text)
    PWM0_3_Handler                           0x00001fb3   Thumb Code     2  startup_tm4c123.o(.text)
    UDMA_Handler                             0x00001fb5   Thumb Code     2  startup_tm4c123.o(.text)
    UDMAERR_Handler                          0x00001fb7   Thumb Code     2  startup_tm4c123.o(.text)
    ADC1SS0_Handler                          0x00001fb9   Thumb Code     2  startup_tm4c123.o(.text)
    ADC1SS1_Handler                          0x00001fbb   Thumb Code     2  startup_tm4c123.o(.text)
    ADC1SS2_Handler                          0x00001fbd   Thumb Code     2  startup_tm4c123.o(.text)
    ADC1SS3_Handler                          0x00001fbf   Thumb Code     2  startup_tm4c123.o(.text)
    GPIOJ_Handler                            0x00001fc1   Thumb Code     2  startup_tm4c123.o(.text)
    GPIOK_Handler                            0x00001fc3   Thumb Code     2  startup_tm4c123.o(.text)
    GPIOL_Handler                            0x00001fc5   Thumb Code     2  startup_tm4c123.o(.text)
    SSI2_Handler                             0x00001fc7   Thumb Code     2  startup_tm4c123.o(.text)
    SSI3_Handler                             0x00001fc9   Thumb Code     2  startup_tm4c123.o(.text)
    UART3_Handler                            0x00001fcb   Thumb Code     2  startup_tm4c123.o(.text)
    UART4_Handler                            0x00001fcd   Thumb Code     2  startup_tm4c123.o(.text)
    UART5_Handler                            0x00001fcf   Thumb Code     2  startup_tm4c123.o(.text)
    UART6_Handler                            0x00001fd1   Thumb Code     2  startup_tm4c123.o(.text)
    UART7_Handler                            0x00001fd3   Thumb Code     2  startup_tm4c123.o(.text)
    I2C2_Handler                             0x00001fd5   Thumb Code     2  startup_tm4c123.o(.text)
    I2C3_Handler                             0x00001fd7   Thumb Code     2  startup_tm4c123.o(.text)
    TIMER4B_Handler                          0x00001fdb   Thumb Code     2  startup_tm4c123.o(.text)
    TIMER5A_Handler                          0x00001fdd   Thumb Code     2  startup_tm4c123.o(.text)
    TIMER5B_Handler                          0x00001fdf   Thumb Code     2  startup_tm4c123.o(.text)
    WTIMER0A_Handler                         0x00001fe1   Thumb Code     2  startup_tm4c123.o(.text)
    WTIMER0B_Handler                         0x00001fe3   Thumb Code     2  startup_tm4c123.o(.text)
    WTIMER1A_Handler                         0x00001fe5   Thumb Code     2  startup_tm4c123.o(.text)
    WTIMER1B_Handler                         0x00001fe7   Thumb Code     2  startup_tm4c123.o(.text)
    WTIMER2A_Handler                         0x00001fe9   Thumb Code     2  startup_tm4c123.o(.text)
    WTIMER2B_Handler                         0x00001feb   Thumb Code     2  startup_tm4c123.o(.text)
    WTIMER3A_Handler                         0x00001fed   Thumb Code     2  startup_tm4c123.o(.text)
    WTIMER3B_Handler                         0x00001fef   Thumb Code     2  startup_tm4c123.o(.text)
    WTIMER4A_Handler                         0x00001ff1   Thumb Code     2  startup_tm4c123.o(.text)
    WTIMER4B_Handler                         0x00001ff3   Thumb Code     2  startup_tm4c123.o(.text)
    WTIMER5A_Handler                         0x00001ff5   Thumb Code     2  startup_tm4c123.o(.text)
    WTIMER5B_Handler                         0x00001ff7   Thumb Code     2  startup_tm4c123.o(.text)
    FPU_Handler                              0x00001ff9   Thumb Code     2  startup_tm4c123.o(.text)
    I2C4_Handler                             0x00001ffb   Thumb Code     2  startup_tm4c123.o(.text)
    I2C5_Handler                             0x00001ffd   Thumb Code     2  startup_tm4c123.o(.text)
    GPIOM_Handler                            0x00001fff   Thumb Code     2  startup_tm4c123.o(.text)
    GPION_Handler                            0x00002001   Thumb Code     2  startup_tm4c123.o(.text)
    QEI2_Handler                             0x00002003   Thumb Code     2  startup_tm4c123.o(.text)
    GPIOP0_Handler                           0x00002005   Thumb Code     2  startup_tm4c123.o(.text)
    GPIOP1_Handler                           0x00002007   Thumb Code     2  startup_tm4c123.o(.text)
    GPIOP2_Handler                           0x00002009   Thumb Code     2  startup_tm4c123.o(.text)
    GPIOP3_Handler                           0x0000200b   Thumb Code     2  startup_tm4c123.o(.text)
    GPIOP4_Handler                           0x0000200d   Thumb Code     2  startup_tm4c123.o(.text)
    GPIOP5_Handler                           0x0000200f   Thumb Code     2  startup_tm4c123.o(.text)
    GPIOP6_Handler                           0x00002011   Thumb Code     2  startup_tm4c123.o(.text)
    GPIOP7_Handler                           0x00002013   Thumb Code     2  startup_tm4c123.o(.text)
    GPIOQ0_Handler                           0x00002015   Thumb Code     2  startup_tm4c123.o(.text)
    GPIOQ1_Handler                           0x00002017   Thumb Code     2  startup_tm4c123.o(.text)
    GPIOQ2_Handler                           0x00002019   Thumb Code     2  startup_tm4c123.o(.text)
    GPIOQ3_Handler                           0x0000201b   Thumb Code     2  startup_tm4c123.o(.text)
    GPIOQ4_Handler                           0x0000201d   Thumb Code     2  startup_tm4c123.o(.text)
    GPIOQ5_Handler                           0x0000201f   Thumb Code     2  startup_tm4c123.o(.text)
    GPIOQ6_Handler                           0x00002021   Thumb Code     2  startup_tm4c123.o(.text)
    GPIOQ7_Handler                           0x00002023   Thumb Code     2  startup_tm4c123.o(.text)
    GPIOR_Handler                            0x00002025   Thumb Code     2  startup_tm4c123.o(.text)
    GPIOS_Handler                            0x00002027   Thumb Code     2  startup_tm4c123.o(.text)
    PMW1_0_Handler                           0x00002029   Thumb Code     2  startup_tm4c123.o(.text)
    PWM1_1_Handler                           0x0000202b   Thumb Code     2  startup_tm4c123.o(.text)
    PWM1_2_Handler                           0x0000202d   Thumb Code     2  startup_tm4c123.o(.text)
    PWM1_3_Handler                           0x0000202f   Thumb Code     2  startup_tm4c123.o(.text)
    PWM1_FAULT_Handler                       0x00002031   Thumb Code     2  startup_tm4c123.o(.text)
    SystemCoreClockUpdate                    0x000020f3   Thumb Code   184  system_tm4c123.o(.text)
    SystemInit                               0x000021ab   Thumb Code   112  system_tm4c123.o(.text)
    staff_uart_config_gpio                   0x00002289   Thumb Code    82  hw2.o(.text)
    staff_uart_config_polling                0x000022db   Thumb Code    68  hw2.o(.text)
    put_string                               0x0000231f   Thumb Code    34  hw2.o(.text)
    put_char                                 0x00002341   Thumb Code    20  hw2.o(.text)
    get_char                                 0x00002355   Thumb Code    62  hw2.o(.text)
    get_string                               0x00002393   Thumb Code    40  hw2.o(.text)
    initialize_serial_debug                  0x000023bb   Thumb Code    12  hw2.o(.text)
    rand                                     0x000023d9   Thumb Code    20  rand.o(.text)
    srand                                    0x000023ed   Thumb Code     6  rand.o(.text)
    strcpy                                   0x000023fd   Thumb Code    18  strcpy.o(.text)
    __aeabi_uidiv                            0x0000240f   Thumb Code     0  uidiv.o(.text)
    __aeabi_uidivmod                         0x0000240f   Thumb Code    44  uidiv.o(.text)
    __scatterload                            0x0000243d   Thumb Code    28  init.o(.text)
    __scatterload_rt2                        0x0000243d   Thumb Code     0  init.o(.text)
    __0printf$3                              0x00002461   Thumb Code    22  printf3.o(i.__0printf$3)
    __1printf$3                              0x00002461   Thumb Code     0  printf3.o(i.__0printf$3)
    __2printf                                0x00002461   Thumb Code     0  printf3.o(i.__0printf$3)
    __I$use$semihosting$fputc                0x00002461   Thumb Code     0  iusesemip.o(.text)
    __semihosting_library_function           0x00002461   Thumb Code     0  semi.o(.text)
    __scatterload_copy                       0x00002481   Thumb Code    14  handlers.o(i.__scatterload_copy)
    __scatterload_null                       0x0000248f   Thumb Code     2  handlers.o(i.__scatterload_null)
    __scatterload_zeroinit                   0x00002491   Thumb Code    14  handlers.o(i.__scatterload_zeroinit)
    fputc                                    0x00002659   Thumb Code    18  fputc.o(i.fputc)
    lcd_write_data_u16                       0x0000266d   Thumb Code    48  lcd.o(i.lcd_write_data_u16)
    shipBitmaps                              0x000026bc   Data         128  hw3_images.o(.constdata)
    shipWidthPixels                          0x0000273c   Data           1  hw3_images.o(.constdata)
    shipHeightPixels                         0x0000273d   Data           1  hw3_images.o(.constdata)
    galaga_enemyBitmaps                      0x0000273e   Data         128  hw3_images.o(.constdata)
    galaga_enemyWidthPixels                  0x000027be   Data           1  hw3_images.o(.constdata)
    galaga_enemyHeightPixels                 0x000027bf   Data           1  hw3_images.o(.constdata)
    laser                                    0x000027c0   Data           6  hw3_images.o(.constdata)
    laserHeight                              0x000027c6   Data           1  hw3_images.o(.constdata)
    laserWidth                               0x000027c7   Data           1  hw3_images.o(.constdata)
    zeroBitmaps                              0x000027c8   Data          90  hw3_images.o(.constdata)
    zeroWidthPixels                          0x00002822   Data           1  hw3_images.o(.constdata)
    zeroHeightPixels                         0x00002823   Data           1  hw3_images.o(.constdata)
    oneBitmaps                               0x00002824   Data          90  hw3_images.o(.constdata)
    oneWidthPixels                           0x0000287e   Data           1  hw3_images.o(.constdata)
    oneHeightPixels                          0x0000287f   Data           1  hw3_images.o(.constdata)
    twoBitmaps                               0x00002880   Data          90  hw3_images.o(.constdata)
    twoWidthPixels                           0x000028da   Data           1  hw3_images.o(.constdata)
    twoHeightPixels                          0x000028db   Data           1  hw3_images.o(.constdata)
    threeBitmaps                             0x000028dc   Data          90  hw3_images.o(.constdata)
    threeWidthPixels                         0x00002936   Data           1  hw3_images.o(.constdata)
    threeHeightPixels                        0x00002937   Data           1  hw3_images.o(.constdata)
    fourBitmaps                              0x00002938   Data          90  hw3_images.o(.constdata)
    fourWidthPixels                          0x00002992   Data           1  hw3_images.o(.constdata)
    fourHeightPixels                         0x00002993   Data           1  hw3_images.o(.constdata)
    fiveBitmaps                              0x00002994   Data          90  hw3_images.o(.constdata)
    fiveWidthPixels                          0x000029ee   Data           1  hw3_images.o(.constdata)
    fiveHeightPixels                         0x000029ef   Data           1  hw3_images.o(.constdata)
    sixBitmaps                               0x000029f0   Data          90  hw3_images.o(.constdata)
    sixWidthPixels                           0x00002a4a   Data           1  hw3_images.o(.constdata)
    sixHeightPixels                          0x00002a4b   Data           1  hw3_images.o(.constdata)
    sevenBitmaps                             0x00002a4c   Data          90  hw3_images.o(.constdata)
    sevenWidthPixels                         0x00002aa6   Data           1  hw3_images.o(.constdata)
    sevenHeightPixels                        0x00002aa7   Data           1  hw3_images.o(.constdata)
    eightBitmaps                             0x00002aa8   Data          90  hw3_images.o(.constdata)
    eightWidthPixels                         0x00002b02   Data           1  hw3_images.o(.constdata)
    eightHeightPixels                        0x00002b03   Data           1  hw3_images.o(.constdata)
    nineBitmaps                              0x00002b04   Data          90  hw3_images.o(.constdata)
    nineWidthPixels                          0x00002b5e   Data           1  hw3_images.o(.constdata)
    nineHeightPixels                         0x00002b5f   Data           1  hw3_images.o(.constdata)
    Region$$Table$$Base                      0x00002b60   Number         0  anon$$obj.o(Region$$Table)
    Region$$Table$$Limit                     0x00002b80   Number         0  anon$$obj.o(Region$$Table)
    SHIP_X_COORD                             0x20000002   Data           2  hw3.o(.data)
    SHIP_Y_COORD                             0x20000004   Data           2  hw3.o(.data)
    galaga_enemy_X_COORD                     0x20000006   Data           2  hw3.o(.data)
    galaga_enemy_Y_COORD                     0x20000008   Data           2  hw3.o(.data)
    laser_X_COORD                            0x2000000a   Data           2  hw3.o(.data)
    laser_Y_COORD                            0x2000000c   Data           2  hw3.o(.data)
    MOVE_INVADER                             0x2000000e   Data           1  hw3.o(.data)
    MOVE_SHIP                                0x2000000f   Data           1  hw3.o(.data)
    STUDENT_NAME                             0x20000010   Data          12  hw3.o(.data)
    string1                                  0x2000001c   Data          80  hw3.o(.data)
    string2                                  0x2000006c   Data          80  hw3.o(.data)
    string3                                  0x200000bc   Data          80  hw3.o(.data)
    direction                                0x2000010c   Data           1  hw3_interrupts.o(.data)
    SystemCoreClock                          0x20000114   Data           4  system_tm4c123.o(.data)
    __stdout                                 0x2000011c   Data           4  stdout.o(.data)
    __initial_sp                             0x20000320   Data           0  startup_tm4c123.o(STACK)



==============================================================================

Memory Map of the image

  Image Entry point : 0x00001f41

  Load Region LR_1 (Base: 0x00000000, Size: 0x00002ca0, Max: 0xffffffff, ABSOLUTE)

    Execution Region ER_RO (Exec base: 0x00000000, Load base: 0x00000000, Size: 0x00002b80, Max: 0xffffffff, ABSOLUTE)

    Exec Addr    Load Addr    Size         Type   Attr      Idx    E Section Name        Object

    0x00000000   0x00000000   0x0000026c   Data   RO          503    RESET               startup_tm4c123.o
    0x0000026c   0x0000026c   0x00000000   Code   RO          594  * .ARM.Collect$$$$00000000  mc_w.l(entry.o)
    0x0000026c   0x0000026c   0x00000004   Code   RO          863    .ARM.Collect$$$$00000001  mc_w.l(entry2.o)
    0x00000270   0x00000270   0x00000004   Code   RO          866    .ARM.Collect$$$$00000004  mc_w.l(entry5.o)
    0x00000274   0x00000274   0x00000000   Code   RO          868    .ARM.Collect$$$$00000008  mc_w.l(entry7b.o)
    0x00000274   0x00000274   0x00000000   Code   RO          870    .ARM.Collect$$$$0000000A  mc_w.l(entry8b.o)
    0x00000274   0x00000274   0x00000008   Code   RO          871    .ARM.Collect$$$$0000000B  mc_w.l(entry9a.o)
    0x0000027c   0x0000027c   0x00000000   Code   RO          873    .ARM.Collect$$$$0000000D  mc_w.l(entry10a.o)
    0x0000027c   0x0000027c   0x00000000   Code   RO          875    .ARM.Collect$$$$0000000F  mc_w.l(entry11a.o)
    0x0000027c   0x0000027c   0x00000004   Code   RO          864    .ARM.Collect$$$$00002712  mc_w.l(entry2.o)
    0x00000280   0x00000280   0x00000090   Code   RO            4    .text               main.o
    0x00000310   0x00000310   0x00000080   Code   RO          126    .text               hw3_staff.o
    0x00000390   0x00000390   0x000007c0   Code   RO          153    .text               hw3.o
    0x00000b50   0x00000b50   0x000001ec   Code   RO          190    .text               hw3_interrupts.o
    0x00000d3c   0x00000d3c   0x000002a8   Code   RO          230    .text               gpio_port.o
    0x00000fe4   0x00000fe4   0x00000178   Code   RO          254    .text               timers.o
    0x0000115c   0x0000115c   0x0000019c   Code   RO          302    .text               spi.o
    0x000012f8   0x000012f8   0x00000208   Code   RO          326    .text               i2c.o
    0x00001500   0x00001500   0x00000494   Code   RO          350    .text               lcd.o
    0x00001994   0x00001994   0x000001a0   Code   RO          404    .text               accel.o
    0x00001b34   0x00001b34   0x000000a4   Code   RO          428    .text               spi_select.o
    0x00001bd8   0x00001bd8   0x000001a8   Code   RO          452    .text               eeprom.o
    0x00001d80   0x00001d80   0x000001c0   Code   RO          476    .text               mcp23017.o
    0x00001f40   0x00001f40   0x000000fc   Code   RO          504  * .text               startup_tm4c123.o
    0x0000203c   0x0000203c   0x0000024c   Code   RO          511    .text               system_tm4c123.o
    0x00002288   0x00002288   0x00000150   Code   RO          541    .text               hw3_f18.lib(hw2.o)
    0x000023d8   0x000023d8   0x00000024   Code   RO          597    .text               mc_w.l(rand.o)
    0x000023fc   0x000023fc   0x00000012   Code   RO          600    .text               mc_w.l(strcpy.o)
    0x0000240e   0x0000240e   0x0000002c   Code   RO          880    .text               mc_w.l(uidiv.o)
    0x0000243a   0x0000243a   0x00000002   PAD
    0x0000243c   0x0000243c   0x00000024   Code   RO          895    .text               mc_w.l(init.o)
    0x00002460   0x00002460   0x00000000   Code   RO          897    .text               mc_w.l(semi.o)
    0x00002460   0x00002460   0x00000000   Code   RO          904    .text               mc_w.l(iusesemip.o)
    0x00002460   0x00002460   0x00000020   Code   RO          691    i.__0printf$3       mc_w.l(printf3.o)
    0x00002480   0x00002480   0x0000000e   Code   RO          909    i.__scatterload_copy  mc_w.l(handlers.o)
    0x0000248e   0x0000248e   0x00000002   Code   RO          910    i.__scatterload_null  mc_w.l(handlers.o)
    0x00002490   0x00002490   0x0000000e   Code   RO          911    i.__scatterload_zeroinit  mc_w.l(handlers.o)
    0x0000249e   0x0000249e   0x00000002   PAD
    0x000024a0   0x000024a0   0x000001b8   Code   RO          698    i._printf_core      mc_w.l(printf3.o)
    0x00002658   0x00002658   0x00000012   Code   RO          877    i.fputc             mc_w.l(fputc.o)
    0x0000266a   0x0000266a   0x00000002   PAD
    0x0000266c   0x0000266c   0x0000003c   Code   RO          368    i.lcd_write_data_u16  lcd.o
    0x000026a8   0x000026a8   0x00000014   Data   RO          127    .constdata          hw3_staff.o
    0x000026bc   0x000026bc   0x000004a4   Data   RO          214    .constdata          hw3_images.o
    0x00002b60   0x00002b60   0x00000020   Data   RO          907    Region$$Table       anon$$obj.o


    Execution Region ER_RW (Exec base: 0x20000000, Load base: 0x00002b80, Size: 0x00000120, Max: 0xffffffff, ABSOLUTE)

    Exec Addr    Load Addr    Size         Type   Attr      Idx    E Section Name        Object

    0x20000000   0x00002b80   0x00000002   Data   RW          128    .data               hw3_staff.o
    0x20000002   0x00002b82   0x0000010a   Data   RW          154    .data               hw3.o
    0x2000010c   0x00002c8c   0x00000006   Data   RW          191    .data               hw3_interrupts.o
    0x20000112   0x00002c92   0x00000002   PAD
    0x20000114   0x00002c94   0x00000004   Data   RW          512    .data               system_tm4c123.o
    0x20000118   0x00002c98   0x00000004   Data   RW          598    .data               mc_w.l(rand.o)
    0x2000011c   0x00002c9c   0x00000004   Data   RW          879    .data               mc_w.l(stdout.o)


    Execution Region ER_ZI (Exec base: 0x20000120, Load base: 0x00002ca0, Size: 0x00000200, Max: 0xffffffff, ABSOLUTE)

    Exec Addr    Load Addr    Size         Type   Attr      Idx    E Section Name        Object

    0x20000120        -       0x00000200   Zero   RW          501    STACK               startup_tm4c123.o


==============================================================================

Image component sizes


      Code (inc. data)   RO Data    RW Data    ZI Data      Debug   Object Name

       416          8          0          0          0       2118   accel.o
       424          6          0          0          0       2277   eeprom.o
       680         32          0          0          0       5218   gpio_port.o
      1984        268          0        266          0      36795   hw3.o
         0          0       1188          0          0       2391   hw3_images.o
       492         72          0          6          0       1896   hw3_interrupts.o
       128         12         20          2          0       1772   hw3_staff.o
       520         24          0          0          0       3673   i2c.o
      1232         36          0          0          0       3801   lcd.o
       144        102          0          0          0      29115   main.o
       448         16          0          0          0      32322   mcp23017.o
       412         26          0          0          0       1881   spi.o
       164         10          0          0          0        873   spi_select.o
       252         10        620          0        512       5440   startup_tm4c123.o
       588        134          0          4          0       1553   system_tm4c123.o
       376         18          0          0          0       2095   timers.o

    ----------------------------------------------------------------------
      8260        774       1860        280        512     133220   Object Totals
         0          0         32          0          0          0   (incl. Generated)
         0          0          0          2          0          0   (incl. Padding)

    ----------------------------------------------------------------------

      Code (inc. data)   RO Data    RW Data    ZI Data      Debug   Library Member Name

       336         18          0          0          0       1619   hw2.o
         0          0          0          0          0          0   entry.o
         0          0          0          0          0          0   entry10a.o
         0          0          0          0          0          0   entry11a.o
         8          4          0          0          0          0   entry2.o
         4          0          0          0          0          0   entry5.o
         0          0          0          0          0          0   entry7b.o
         0          0          0          0          0          0   entry8b.o
         8          4          0          0          0          0   entry9a.o
        18          0          0          0          0         80   fputc.o
        30          0          0          0          0          0   handlers.o
        36          8          0          0          0         68   init.o
         0          0          0          0          0          0   iusesemip.o
       472         14          0          0          0        184   printf3.o
        36         10          0          4          0        136   rand.o
         0          0          0          0          0          0   semi.o
         0          0          0          4          0          0   stdout.o
        18          0          0          0          0         68   strcpy.o
        44          0          0          0          0         80   uidiv.o

    ----------------------------------------------------------------------
      1016         58          0          8          0       2235   Library Totals
         6          0          0          0          0          0   (incl. Padding)

    ----------------------------------------------------------------------

      Code (inc. data)   RO Data    RW Data    ZI Data      Debug   Library Name

       336         18          0          0          0       1619   hw3_f18.lib
       674         40          0          8          0        616   mc_w.l

    ----------------------------------------------------------------------
      1016         58          0          8          0       2235   Library Totals

    ----------------------------------------------------------------------

==============================================================================


      Code (inc. data)   RO Data    RW Data    ZI Data      Debug   

      9276        832       1860        288        512     133303   Grand Totals
      9276        832       1860        288        512     133303   ELF Image Totals
      9276        832       1860        288          0          0   ROM Totals

==============================================================================

    Total RO  Size (Code + RO Data)                11136 (  10.88kB)
    Total RW  Size (RW Data + ZI Data)               800 (   0.78kB)
    Total ROM Size (Code + RO Data + RW Data)      11424 (  11.16kB)

==============================================================================

