Component: ARM Compiler 5.06 update 6 (build 750) Tool: armlink [4d35ed]

==============================================================================

Section Cross References

    main.o(.text) refers to hw2.o(.text) for initialize_serial_debug
    main.o(.text) refers to hw3.o(.text) for hw3_main
    main.o(.text) refers to hw3.o(.data) for STUDENT_NAME
    hw3_staff.o(.text) refers to hw3_staff.o(.data) for lfsr
    hw3_staff.o(.text) refers to hw3_staff.o(.constdata) for MOV_DIR
    hw3.o(.text) refers to gpio_port.o(.text) for gpio_enable_port
    hw3.o(.text) refers to lcd.o(.text) for lcd_config_gpio
    hw3.o(.text) refers to timers.o(.text) for gp_timer_config_32
    hw3.o(.text) refers to hw3_staff.o(.text) for hw3_hardware_validate
    hw3.o(.text) refers to hw3.o(.data) for MOVE_INVADER
    hw3.o(.text) refers to hw3_images.o(.constdata) for galaga_enemyBitmaps
    hw3_interrupts.o(.text) refers to hw3.o(.text) for contact_edge
    hw3_interrupts.o(.text) refers to hw3_staff.o(.text) for get_new_move_count
    hw3_interrupts.o(.text) refers to hw3_images.o(.constdata) for shipWidthPixels
    hw3_interrupts.o(.text) refers to hw3.o(.data) for SHIP_Y_COORD
    hw3_interrupts.o(.text) refers to hw3_interrupts.o(.data) for direction
    lcd.o(.text) refers to lcd.o(i.lcd_write_data_u16) for lcd_write_data_u16
    lcd.o(.text) refers to gpio_port.o(.text) for gpio_enable_port
    ps2.o(.text) refers to adc.o(.text) for initialize_adc
    mcp23017.o(.text) refers to i2c.o(.text) for i2cVerifyBaseAddr
    mcp23017.o(.text) refers to gpio_port.o(.text) for gpio_enable_port
    startup_tm4c123.o(RESET) refers to startup_tm4c123.o(STACK) for __initial_sp
    startup_tm4c123.o(RESET) refers to startup_tm4c123.o(.text) for Reset_Handler
    startup_tm4c123.o(RESET) refers to hw3_interrupts.o(.text) for ADC0SS2_Handler
    startup_tm4c123.o(.text) refers to system_tm4c123.o(.text) for SystemInit
    startup_tm4c123.o(.text) refers to entry.o(.ARM.Collect$$$$00000000) for __main
    system_tm4c123.o(.text) refers to system_tm4c123.o(.data) for SystemCoreClock
    entry.o(.ARM.Collect$$$$00000000) refers (Special) to entry10a.o(.ARM.Collect$$$$0000000D) for __rt_final_cpp
    entry.o(.ARM.Collect$$$$00000000) refers (Special) to entry11a.o(.ARM.Collect$$$$0000000F) for __rt_final_exit
    entry.o(.ARM.Collect$$$$00000000) refers (Special) to entry7b.o(.ARM.Collect$$$$00000008) for _main_clock
    entry.o(.ARM.Collect$$$$00000000) refers (Special) to entry8b.o(.ARM.Collect$$$$0000000A) for _main_cpp_init
    entry.o(.ARM.Collect$$$$00000000) refers (Special) to entry9a.o(.ARM.Collect$$$$0000000B) for _main_init
    entry.o(.ARM.Collect$$$$00000000) refers (Special) to entry5.o(.ARM.Collect$$$$00000004) for _main_scatterload
    entry.o(.ARM.Collect$$$$00000000) refers (Special) to entry2.o(.ARM.Collect$$$$00000001) for _main_stk
    entry2.o(.ARM.Collect$$$$00000001) refers to entry2.o(.ARM.Collect$$$$00002712) for __lit__00000000
    entry2.o(.ARM.Collect$$$$00002712) refers to startup_tm4c123.o(STACK) for __initial_sp
    entry2.o(__vectab_stack_and_reset_area) refers to startup_tm4c123.o(STACK) for __initial_sp
    entry2.o(__vectab_stack_and_reset_area) refers to entry.o(.ARM.Collect$$$$00000000) for __main
    entry5.o(.ARM.Collect$$$$00000004) refers to init.o(.text) for __scatterload
    entry9a.o(.ARM.Collect$$$$0000000B) refers to main.o(.text) for main
    entry9b.o(.ARM.Collect$$$$0000000C) refers to main.o(.text) for main
    init.o(.text) refers to entry5.o(.ARM.Collect$$$$00000004) for __main_after_scatterload


==============================================================================

Removing Unused input sections from the image.

    Removing main.o(.rev16_text), (4 bytes).
    Removing main.o(.revsh_text), (4 bytes).
    Removing main.o(.rrx_text), (6 bytes).
    Removing hw3_staff.o(.rev16_text), (4 bytes).
    Removing hw3_staff.o(.revsh_text), (4 bytes).
    Removing hw3_staff.o(.rrx_text), (6 bytes).
    Removing hw3.o(.rev16_text), (4 bytes).
    Removing hw3.o(.revsh_text), (4 bytes).
    Removing hw3.o(.rrx_text), (6 bytes).
    Removing hw3_interrupts.o(.rev16_text), (4 bytes).
    Removing hw3_interrupts.o(.revsh_text), (4 bytes).
    Removing hw3_interrupts.o(.rrx_text), (6 bytes).
    Removing gpio_port.o(.rev16_text), (4 bytes).
    Removing gpio_port.o(.revsh_text), (4 bytes).
    Removing gpio_port.o(.rrx_text), (6 bytes).
    Removing timers.o(.rev16_text), (4 bytes).
    Removing timers.o(.revsh_text), (4 bytes).
    Removing timers.o(.rrx_text), (6 bytes).
    Removing adc.o(.rev16_text), (4 bytes).
    Removing adc.o(.revsh_text), (4 bytes).
    Removing adc.o(.rrx_text), (6 bytes).
    Removing adc.o(.text), (160 bytes).
    Removing i2c.o(.rev16_text), (4 bytes).
    Removing i2c.o(.revsh_text), (4 bytes).
    Removing i2c.o(.rrx_text), (6 bytes).
    Removing i2c.o(.text), (520 bytes).
    Removing lcd.o(.rev16_text), (4 bytes).
    Removing lcd.o(.revsh_text), (4 bytes).
    Removing lcd.o(.rrx_text), (6 bytes).
    Removing ps2.o(.rev16_text), (4 bytes).
    Removing ps2.o(.revsh_text), (4 bytes).
    Removing ps2.o(.rrx_text), (6 bytes).
    Removing ps2.o(.text), (164 bytes).
    Removing mcp23017.o(.rev16_text), (4 bytes).
    Removing mcp23017.o(.revsh_text), (4 bytes).
    Removing mcp23017.o(.rrx_text), (6 bytes).
    Removing mcp23017.o(.text), (424 bytes).
    Removing startup_tm4c123.o(HEAP), (0 bytes).
    Removing system_tm4c123.o(.rev16_text), (4 bytes).
    Removing system_tm4c123.o(.revsh_text), (4 bytes).
    Removing system_tm4c123.o(.rrx_text), (6 bytes).
    Removing hw2.o(.rev16_text), (4 bytes).
    Removing hw2.o(.revsh_text), (4 bytes).
    Removing hw2.o(.rrx_text), (6 bytes).

44 unused section(s) (total 1450 bytes) removed from the image.

==============================================================================

Image Symbol Table

    Local Symbols

    Symbol Name                              Value     Ov Type        Size  Object(Section)

    RESET                                    0x00000000   Section      620  startup_tm4c123.o(RESET)
    ../clib/microlib/init/entry.s            0x00000000   Number         0  entry10a.o ABSOLUTE
    ../clib/microlib/init/entry.s            0x00000000   Number         0  entry10b.o ABSOLUTE
    ../clib/microlib/init/entry.s            0x00000000   Number         0  entry9a.o ABSOLUTE
    ../clib/microlib/init/entry.s            0x00000000   Number         0  entry8b.o ABSOLUTE
    ../clib/microlib/init/entry.s            0x00000000   Number         0  entry8a.o ABSOLUTE
    ../clib/microlib/init/entry.s            0x00000000   Number         0  entry7b.o ABSOLUTE
    ../clib/microlib/init/entry.s            0x00000000   Number         0  entry7a.o ABSOLUTE
    ../clib/microlib/init/entry.s            0x00000000   Number         0  entry5.o ABSOLUTE
    ../clib/microlib/init/entry.s            0x00000000   Number         0  entry.o ABSOLUTE
    ../clib/microlib/init/entry.s            0x00000000   Number         0  entry9b.o ABSOLUTE
    ../clib/microlib/init/entry.s            0x00000000   Number         0  entry2.o ABSOLUTE
    ../clib/microlib/init/entry.s            0x00000000   Number         0  entry11a.o ABSOLUTE
    ../clib/microlib/init/entry.s            0x00000000   Number         0  entry11b.o ABSOLUTE
    ..\\drivers\\c\\adc.c                    0x00000000   Number         0  adc.o ABSOLUTE
    ..\\drivers\\c\\gpio_port.c              0x00000000   Number         0  gpio_port.o ABSOLUTE
    ..\\drivers\\c\\i2c.c                    0x00000000   Number         0  i2c.o ABSOLUTE
    ..\\drivers\\c\\timers.c                 0x00000000   Number         0  timers.o ABSOLUTE
    ..\\peripherals\\c\\MCP23017.c           0x00000000   Number         0  mcp23017.o ABSOLUTE
    ..\\peripherals\\c\\lcd.c                0x00000000   Number         0  lcd.o ABSOLUTE
    ..\\peripherals\\c\\ps2.c                0x00000000   Number         0  ps2.o ABSOLUTE
    ..\drivers\c\adc.c                       0x00000000   Number         0  adc.o ABSOLUTE
    ..\drivers\c\gpio_port.c                 0x00000000   Number         0  gpio_port.o ABSOLUTE
    ..\drivers\c\i2c.c                       0x00000000   Number         0  i2c.o ABSOLUTE
    ..\drivers\c\timers.c                    0x00000000   Number         0  timers.o ABSOLUTE
    ..\peripherals\c\MCP23017.c              0x00000000   Number         0  mcp23017.o ABSOLUTE
    ..\peripherals\c\lcd.c                   0x00000000   Number         0  lcd.o ABSOLUTE
    ..\peripherals\c\ps2.c                   0x00000000   Number         0  ps2.o ABSOLUTE
    RTE\Device\TM4C123GH6PM\startup_TM4C123.s 0x00000000   Number         0  startup_tm4c123.o ABSOLUTE
    RTE\Device\TM4C123GH6PM\system_TM4C123.c 0x00000000   Number         0  system_tm4c123.o ABSOLUTE
    RTE\\Device\\TM4C123GH6PM\\system_TM4C123.c 0x00000000   Number         0  system_tm4c123.o ABSOLUTE
    dc.s                                     0x00000000   Number         0  dc.o ABSOLUTE
    handlers.s                               0x00000000   Number         0  handlers.o ABSOLUTE
    hw2.c                                    0x00000000   Number         0  hw2.o ABSOLUTE
    hw2.c                                    0x00000000   Number         0  hw2.o ABSOLUTE
    hw3.c                                    0x00000000   Number         0  hw3.o ABSOLUTE
    hw3.c                                    0x00000000   Number         0  hw3.o ABSOLUTE
    hw3_images.c                             0x00000000   Number         0  hw3_images.o ABSOLUTE
    hw3_interrupts.c                         0x00000000   Number         0  hw3_interrupts.o ABSOLUTE
    hw3_interrupts.c                         0x00000000   Number         0  hw3_interrupts.o ABSOLUTE
    hw3_staff.c                              0x00000000   Number         0  hw3_staff.o ABSOLUTE
    hw3_staff.c                              0x00000000   Number         0  hw3_staff.o ABSOLUTE
    init.s                                   0x00000000   Number         0  init.o ABSOLUTE
    main.c                                   0x00000000   Number         0  main.o ABSOLUTE
    main.c                                   0x00000000   Number         0  main.o ABSOLUTE
    .ARM.Collect$$$$00000000                 0x0000026c   Section        0  entry.o(.ARM.Collect$$$$00000000)
    .ARM.Collect$$$$00000001                 0x0000026c   Section        4  entry2.o(.ARM.Collect$$$$00000001)
    .ARM.Collect$$$$00000004                 0x00000270   Section        4  entry5.o(.ARM.Collect$$$$00000004)
    .ARM.Collect$$$$00000008                 0x00000274   Section        0  entry7b.o(.ARM.Collect$$$$00000008)
    .ARM.Collect$$$$0000000A                 0x00000274   Section        0  entry8b.o(.ARM.Collect$$$$0000000A)
    .ARM.Collect$$$$0000000B                 0x00000274   Section        8  entry9a.o(.ARM.Collect$$$$0000000B)
    .ARM.Collect$$$$0000000D                 0x0000027c   Section        0  entry10a.o(.ARM.Collect$$$$0000000D)
    .ARM.Collect$$$$0000000F                 0x0000027c   Section        0  entry11a.o(.ARM.Collect$$$$0000000F)
    .ARM.Collect$$$$00002712                 0x0000027c   Section        4  entry2.o(.ARM.Collect$$$$00002712)
    __lit__00000000                          0x0000027c   Data           4  entry2.o(.ARM.Collect$$$$00002712)
    .text                                    0x00000280   Section        0  main.o(.text)
    .text                                    0x00000310   Section        0  hw3_staff.o(.text)
    .text                                    0x00000390   Section        0  hw3.o(.text)
    __NVIC_DisableIRQ                        0x00000391   Thumb Code    54  hw3.o(.text)
    __NVIC_SetPriority                       0x000003c7   Thumb Code    32  hw3.o(.text)
    verify_base_addr                         0x000004a5   Thumb Code    64  hw3.o(.text)
    __NVIC_EnableIRQ                         0x000008c1   Thumb Code    26  hw3.o(.text)
    .text                                    0x00000914   Section        0  hw3_interrupts.o(.text)
    .text                                    0x00000a88   Section        0  gpio_port.o(.text)
    verify_base_addr                         0x00000a89   Thumb Code    64  gpio_port.o(.text)
    .text                                    0x00000d20   Section        0  timers.o(.text)
    verify_base_addr                         0x00000d21   Thumb Code    64  timers.o(.text)
    get_clock_masks                          0x00000d61   Thumb Code   106  timers.o(.text)
    .text                                    0x00000e98   Section        0  lcd.o(.text)
    delayms                                  0x00000e99   Thumb Code    26  lcd.o(.text)
    lcd_write_cmd_u8                         0x00000eb3   Thumb Code    40  lcd.o(.text)
    lcd_write_data_u8                        0x00000edb   Thumb Code    28  lcd.o(.text)
    .text                                    0x0000132c   Section      252  startup_tm4c123.o(.text)
    $v0                                      0x0000132c   Number         0  startup_tm4c123.o(.text)
    .text                                    0x00001428   Section        0  system_tm4c123.o(.text)
    getOscClk                                0x00001429   Thumb Code   182  system_tm4c123.o(.text)
    .text                                    0x00001674   Section        0  hw2.o(.text)
    .text                                    0x000017c4   Section       36  init.o(.text)
    i.__scatterload_copy                     0x000017e8   Section       14  handlers.o(i.__scatterload_copy)
    i.__scatterload_null                     0x000017f6   Section        2  handlers.o(i.__scatterload_null)
    i.__scatterload_zeroinit                 0x000017f8   Section       14  handlers.o(i.__scatterload_zeroinit)
    i.lcd_write_data_u16                     0x00001808   Section        0  lcd.o(i.lcd_write_data_u16)
    .constdata                               0x00001844   Section       20  hw3_staff.o(.constdata)
    MOVE_AMOUNT                              0x00001844   Data          16  hw3_staff.o(.constdata)
    MOV_DIR                                  0x00001854   Data           4  hw3_staff.o(.constdata)
    .constdata                               0x00001858   Section      252  hw3_images.o(.constdata)
    .data                                    0x20000000   Section        2  hw3_staff.o(.data)
    lfsr                                     0x20000000   Data           2  hw3_staff.o(.data)
    .data                                    0x20000002   Section       22  hw3.o(.data)
    .data                                    0x20000018   Section        8  hw3_interrupts.o(.data)
    current_dir                              0x20000019   Data           1  hw3_interrupts.o(.data)
    move_count                               0x2000001a   Data           2  hw3_interrupts.o(.data)
    next_dir                                 0x2000001c   Data           1  hw3_interrupts.o(.data)
    next_count                               0x2000001e   Data           2  hw3_interrupts.o(.data)
    .data                                    0x20000020   Section        4  system_tm4c123.o(.data)
    STACK                                    0x20000028   Section      512  startup_tm4c123.o(STACK)

    Global Symbols

    Symbol Name                              Value     Ov Type        Size  Object(Section)

    BuildAttributes$$THM_ISAv4$E$P$D$K$B$S$7EM$VFPi3$EXTD16$VFPS$VFMA$PE$A:L22UL41UL21$X:L11$S22US41US21$IEEE1$IW$USESV6$~STKCKD$USESV7$~SHL$OSPACE$EBA8$MICROLIB$REQ8$PRES8$EABIv2 0x00000000   Number         0  anon$$obj.o ABSOLUTE
    __ARM_use_no_argv                        0x00000000   Number         0  main.o ABSOLUTE
    __Vectors                                0x00000000   Data           4  startup_tm4c123.o(RESET)
    __cpp_initialize__aeabi_                  - Undefined Weak Reference
    __cxa_finalize                            - Undefined Weak Reference
    __decompress                              - Undefined Weak Reference
    _clock_init                               - Undefined Weak Reference
    _microlib_exit                            - Undefined Weak Reference
    __Vectors_End                            0x0000026c   Data           0  startup_tm4c123.o(RESET)
    __Vectors_Size                           0x0000026c   Number         0  startup_tm4c123.o ABSOLUTE
    __main                                   0x0000026d   Thumb Code     0  entry.o(.ARM.Collect$$$$00000000)
    _main_stk                                0x0000026d   Thumb Code     0  entry2.o(.ARM.Collect$$$$00000001)
    _main_scatterload                        0x00000271   Thumb Code     0  entry5.o(.ARM.Collect$$$$00000004)
    __main_after_scatterload                 0x00000275   Thumb Code     0  entry5.o(.ARM.Collect$$$$00000004)
    _main_clock                              0x00000275   Thumb Code     0  entry7b.o(.ARM.Collect$$$$00000008)
    _main_cpp_init                           0x00000275   Thumb Code     0  entry8b.o(.ARM.Collect$$$$0000000A)
    _main_init                               0x00000275   Thumb Code     0  entry9a.o(.ARM.Collect$$$$0000000B)
    __rt_final_cpp                           0x0000027d   Thumb Code     0  entry10a.o(.ARM.Collect$$$$0000000D)
    __rt_final_exit                          0x0000027d   Thumb Code     0  entry11a.o(.ARM.Collect$$$$0000000F)
    main                                     0x00000281   Thumb Code    42  main.o(.text)
    generate_random_number                   0x00000311   Thumb Code    48  hw3_staff.o(.text)
    get_new_direction                        0x00000341   Thumb Code    36  hw3_staff.o(.text)
    get_new_move_count                       0x00000365   Thumb Code    28  hw3_staff.o(.text)
    hw3_hardware_validate                    0x00000381   Thumb Code     4  hw3_staff.o(.text)
    contact_edge                             0x000003e7   Thumb Code   128  hw3.o(.text)
    move_image                               0x00000467   Thumb Code    62  hw3.o(.text)
    countdown_timer                          0x000004e5   Thumb Code    60  hw3.o(.text)
    check_game_over                          0x00000521   Thumb Code   368  hw3.o(.text)
    init_adc                                 0x00000691   Thumb Code    62  hw3.o(.text)
    init_interrupt_adc                       0x000006cf   Thumb Code   106  hw3.o(.text)
    init_hardware                            0x00000739   Thumb Code   202  hw3.o(.text)
    hw3_main                                 0x00000803   Thumb Code   190  hw3.o(.text)
    TIMER2A_Handler                          0x00000915   Thumb Code    70  hw3_interrupts.o(.text)
    TIMER3A_Handler                          0x0000095b   Thumb Code   126  hw3_interrupts.o(.text)
    TIMER4A_Handler                          0x000009d9   Thumb Code    34  hw3_interrupts.o(.text)
    ADC0SS2_Handler                          0x000009fb   Thumb Code    64  hw3_interrupts.o(.text)
    gpio_get_irq_num                         0x00000ac9   Thumb Code    74  gpio_port.o(.text)
    gpio_enable_port                         0x00000b13   Thumb Code   166  gpio_port.o(.text)
    gpio_config_digital_enable               0x00000bb9   Thumb Code    34  gpio_port.o(.text)
    gpio_config_enable_output                0x00000bdb   Thumb Code    34  gpio_port.o(.text)
    gpio_config_enable_input                 0x00000bfd   Thumb Code    34  gpio_port.o(.text)
    gpio_config_enable_pullup                0x00000c1f   Thumb Code    34  gpio_port.o(.text)
    gpio_config_enable_pulldown              0x00000c41   Thumb Code    34  gpio_port.o(.text)
    gpio_config_analog_enable                0x00000c63   Thumb Code    34  gpio_port.o(.text)
    gpio_config_alternate_function           0x00000c85   Thumb Code    34  gpio_port.o(.text)
    gpio_config_port_control                 0x00000ca7   Thumb Code    50  gpio_port.o(.text)
    gpio_config_open_drain                   0x00000cd9   Thumb Code    34  gpio_port.o(.text)
    gpio_config_falling_edge_irq             0x00000cfb   Thumb Code     6  gpio_port.o(.text)
    gp_timer_wait                            0x00000dcb   Thumb Code    64  timers.o(.text)
    gp_timer_config_32                       0x00000e0b   Thumb Code   124  timers.o(.text)
    lcd_set_pos                              0x00000ef7   Thumb Code    58  lcd.o(.text)
    lcd_clear_screen                         0x00000f31   Thumb Code    52  lcd.o(.text)
    lcd_draw_image                           0x00000f65   Thumb Code   242  lcd.o(.text)
    lcd_config_gpio                          0x00001057   Thumb Code   152  lcd.o(.text)
    lcd_config_screen                        0x000010ef   Thumb Code   568  lcd.o(.text)
    Reset_Handler                            0x0000132d   Thumb Code     8  startup_tm4c123.o(.text)
    NMI_Handler                              0x00001335   Thumb Code     2  startup_tm4c123.o(.text)
    HardFault_Handler                        0x00001337   Thumb Code     2  startup_tm4c123.o(.text)
    MemManage_Handler                        0x00001339   Thumb Code     2  startup_tm4c123.o(.text)
    BusFault_Handler                         0x0000133b   Thumb Code     2  startup_tm4c123.o(.text)
    UsageFault_Handler                       0x0000133d   Thumb Code     2  startup_tm4c123.o(.text)
    SVC_Handler                              0x0000133f   Thumb Code     2  startup_tm4c123.o(.text)
    DebugMon_Handler                         0x00001341   Thumb Code     2  startup_tm4c123.o(.text)
    PendSV_Handler                           0x00001343   Thumb Code     2  startup_tm4c123.o(.text)
    SysTick_Handler                          0x00001345   Thumb Code     2  startup_tm4c123.o(.text)
    GPIOA_Handler                            0x00001347   Thumb Code     2  startup_tm4c123.o(.text)
    GPIOB_Handler                            0x00001349   Thumb Code     2  startup_tm4c123.o(.text)
    GPIOC_Handler                            0x0000134b   Thumb Code     2  startup_tm4c123.o(.text)
    GPIOD_Handler                            0x0000134d   Thumb Code     2  startup_tm4c123.o(.text)
    GPIOE_Handler                            0x0000134f   Thumb Code     2  startup_tm4c123.o(.text)
    UART0_Handler                            0x00001351   Thumb Code     2  startup_tm4c123.o(.text)
    UART1_Handler                            0x00001353   Thumb Code     2  startup_tm4c123.o(.text)
    SSI0_Handler                             0x00001355   Thumb Code     2  startup_tm4c123.o(.text)
    I2C0_Handler                             0x00001357   Thumb Code     2  startup_tm4c123.o(.text)
    PMW0_FAULT_Handler                       0x00001359   Thumb Code     2  startup_tm4c123.o(.text)
    PWM0_0_Handler                           0x0000135b   Thumb Code     2  startup_tm4c123.o(.text)
    PWM0_1_Handler                           0x0000135d   Thumb Code     2  startup_tm4c123.o(.text)
    PWM0_2_Handler                           0x0000135f   Thumb Code     2  startup_tm4c123.o(.text)
    QEI0_Handler                             0x00001361   Thumb Code     2  startup_tm4c123.o(.text)
    ADC0SS0_Handler                          0x00001363   Thumb Code     2  startup_tm4c123.o(.text)
    ADC0SS1_Handler                          0x00001365   Thumb Code     2  startup_tm4c123.o(.text)
    ADC0SS3_Handler                          0x00001369   Thumb Code     2  startup_tm4c123.o(.text)
    WDT0_Handler                             0x0000136b   Thumb Code     2  startup_tm4c123.o(.text)
    TIMER0A_Handler                          0x0000136d   Thumb Code     2  startup_tm4c123.o(.text)
    TIMER0B_Handler                          0x0000136f   Thumb Code     2  startup_tm4c123.o(.text)
    TIMER1A_Handler                          0x00001371   Thumb Code     2  startup_tm4c123.o(.text)
    TIMER1B_Handler                          0x00001373   Thumb Code     2  startup_tm4c123.o(.text)
    TIMER2B_Handler                          0x00001377   Thumb Code     2  startup_tm4c123.o(.text)
    COMP0_Handler                            0x00001379   Thumb Code     2  startup_tm4c123.o(.text)
    COMP1_Handler                            0x0000137b   Thumb Code     2  startup_tm4c123.o(.text)
    COMP2_Handler                            0x0000137d   Thumb Code     2  startup_tm4c123.o(.text)
    SYSCTL_Handler                           0x0000137f   Thumb Code     2  startup_tm4c123.o(.text)
    FLASH_Handler                            0x00001381   Thumb Code     2  startup_tm4c123.o(.text)
    GPIOF_Handler                            0x00001383   Thumb Code     2  startup_tm4c123.o(.text)
    GPIOG_Handler                            0x00001385   Thumb Code     2  startup_tm4c123.o(.text)
    GPIOH_Handler                            0x00001387   Thumb Code     2  startup_tm4c123.o(.text)
    UART2_Handler                            0x00001389   Thumb Code     2  startup_tm4c123.o(.text)
    SSI1_Handler                             0x0000138b   Thumb Code     2  startup_tm4c123.o(.text)
    TIMER3B_Handler                          0x0000138f   Thumb Code     2  startup_tm4c123.o(.text)
    I2C1_Handler                             0x00001391   Thumb Code     2  startup_tm4c123.o(.text)
    QEI1_Handler                             0x00001393   Thumb Code     2  startup_tm4c123.o(.text)
    CAN0_Handler                             0x00001395   Thumb Code     2  startup_tm4c123.o(.text)
    CAN1_Handler                             0x00001397   Thumb Code     2  startup_tm4c123.o(.text)
    CAN2_Handler                             0x00001399   Thumb Code     2  startup_tm4c123.o(.text)
    HIB_Handler                              0x0000139b   Thumb Code     2  startup_tm4c123.o(.text)
    USB0_Handler                             0x0000139d   Thumb Code     2  startup_tm4c123.o(.text)
    PWM0_3_Handler                           0x0000139f   Thumb Code     2  startup_tm4c123.o(.text)
    UDMA_Handler                             0x000013a1   Thumb Code     2  startup_tm4c123.o(.text)
    UDMAERR_Handler                          0x000013a3   Thumb Code     2  startup_tm4c123.o(.text)
    ADC1SS0_Handler                          0x000013a5   Thumb Code     2  startup_tm4c123.o(.text)
    ADC1SS1_Handler                          0x000013a7   Thumb Code     2  startup_tm4c123.o(.text)
    ADC1SS2_Handler                          0x000013a9   Thumb Code     2  startup_tm4c123.o(.text)
    ADC1SS3_Handler                          0x000013ab   Thumb Code     2  startup_tm4c123.o(.text)
    GPIOJ_Handler                            0x000013ad   Thumb Code     2  startup_tm4c123.o(.text)
    GPIOK_Handler                            0x000013af   Thumb Code     2  startup_tm4c123.o(.text)
    GPIOL_Handler                            0x000013b1   Thumb Code     2  startup_tm4c123.o(.text)
    SSI2_Handler                             0x000013b3   Thumb Code     2  startup_tm4c123.o(.text)
    SSI3_Handler                             0x000013b5   Thumb Code     2  startup_tm4c123.o(.text)
    UART3_Handler                            0x000013b7   Thumb Code     2  startup_tm4c123.o(.text)
    UART4_Handler                            0x000013b9   Thumb Code     2  startup_tm4c123.o(.text)
    UART5_Handler                            0x000013bb   Thumb Code     2  startup_tm4c123.o(.text)
    UART6_Handler                            0x000013bd   Thumb Code     2  startup_tm4c123.o(.text)
    UART7_Handler                            0x000013bf   Thumb Code     2  startup_tm4c123.o(.text)
    I2C2_Handler                             0x000013c1   Thumb Code     2  startup_tm4c123.o(.text)
    I2C3_Handler                             0x000013c3   Thumb Code     2  startup_tm4c123.o(.text)
    TIMER4B_Handler                          0x000013c7   Thumb Code     2  startup_tm4c123.o(.text)
    TIMER5A_Handler                          0x000013c9   Thumb Code     2  startup_tm4c123.o(.text)
    TIMER5B_Handler                          0x000013cb   Thumb Code     2  startup_tm4c123.o(.text)
    WTIMER0A_Handler                         0x000013cd   Thumb Code     2  startup_tm4c123.o(.text)
    WTIMER0B_Handler                         0x000013cf   Thumb Code     2  startup_tm4c123.o(.text)
    WTIMER1A_Handler                         0x000013d1   Thumb Code     2  startup_tm4c123.o(.text)
    WTIMER1B_Handler                         0x000013d3   Thumb Code     2  startup_tm4c123.o(.text)
    WTIMER2A_Handler                         0x000013d5   Thumb Code     2  startup_tm4c123.o(.text)
    WTIMER2B_Handler                         0x000013d7   Thumb Code     2  startup_tm4c123.o(.text)
    WTIMER3A_Handler                         0x000013d9   Thumb Code     2  startup_tm4c123.o(.text)
    WTIMER3B_Handler                         0x000013db   Thumb Code     2  startup_tm4c123.o(.text)
    WTIMER4A_Handler                         0x000013dd   Thumb Code     2  startup_tm4c123.o(.text)
    WTIMER4B_Handler                         0x000013df   Thumb Code     2  startup_tm4c123.o(.text)
    WTIMER5A_Handler                         0x000013e1   Thumb Code     2  startup_tm4c123.o(.text)
    WTIMER5B_Handler                         0x000013e3   Thumb Code     2  startup_tm4c123.o(.text)
    FPU_Handler                              0x000013e5   Thumb Code     2  startup_tm4c123.o(.text)
    I2C4_Handler                             0x000013e7   Thumb Code     2  startup_tm4c123.o(.text)
    I2C5_Handler                             0x000013e9   Thumb Code     2  startup_tm4c123.o(.text)
    GPIOM_Handler                            0x000013eb   Thumb Code     2  startup_tm4c123.o(.text)
    GPION_Handler                            0x000013ed   Thumb Code     2  startup_tm4c123.o(.text)
    QEI2_Handler                             0x000013ef   Thumb Code     2  startup_tm4c123.o(.text)
    GPIOP0_Handler                           0x000013f1   Thumb Code     2  startup_tm4c123.o(.text)
    GPIOP1_Handler                           0x000013f3   Thumb Code     2  startup_tm4c123.o(.text)
    GPIOP2_Handler                           0x000013f5   Thumb Code     2  startup_tm4c123.o(.text)
    GPIOP3_Handler                           0x000013f7   Thumb Code     2  startup_tm4c123.o(.text)
    GPIOP4_Handler                           0x000013f9   Thumb Code     2  startup_tm4c123.o(.text)
    GPIOP5_Handler                           0x000013fb   Thumb Code     2  startup_tm4c123.o(.text)
    GPIOP6_Handler                           0x000013fd   Thumb Code     2  startup_tm4c123.o(.text)
    GPIOP7_Handler                           0x000013ff   Thumb Code     2  startup_tm4c123.o(.text)
    GPIOQ0_Handler                           0x00001401   Thumb Code     2  startup_tm4c123.o(.text)
    GPIOQ1_Handler                           0x00001403   Thumb Code     2  startup_tm4c123.o(.text)
    GPIOQ2_Handler                           0x00001405   Thumb Code     2  startup_tm4c123.o(.text)
    GPIOQ3_Handler                           0x00001407   Thumb Code     2  startup_tm4c123.o(.text)
    GPIOQ4_Handler                           0x00001409   Thumb Code     2  startup_tm4c123.o(.text)
    GPIOQ5_Handler                           0x0000140b   Thumb Code     2  startup_tm4c123.o(.text)
    GPIOQ6_Handler                           0x0000140d   Thumb Code     2  startup_tm4c123.o(.text)
    GPIOQ7_Handler                           0x0000140f   Thumb Code     2  startup_tm4c123.o(.text)
    GPIOR_Handler                            0x00001411   Thumb Code     2  startup_tm4c123.o(.text)
    GPIOS_Handler                            0x00001413   Thumb Code     2  startup_tm4c123.o(.text)
    PMW1_0_Handler                           0x00001415   Thumb Code     2  startup_tm4c123.o(.text)
    PWM1_1_Handler                           0x00001417   Thumb Code     2  startup_tm4c123.o(.text)
    PWM1_2_Handler                           0x00001419   Thumb Code     2  startup_tm4c123.o(.text)
    PWM1_3_Handler                           0x0000141b   Thumb Code     2  startup_tm4c123.o(.text)
    PWM1_FAULT_Handler                       0x0000141d   Thumb Code     2  startup_tm4c123.o(.text)
    SystemCoreClockUpdate                    0x000014df   Thumb Code   184  system_tm4c123.o(.text)
    SystemInit                               0x00001597   Thumb Code   112  system_tm4c123.o(.text)
    staff_uart_config_gpio                   0x00001675   Thumb Code    82  hw2.o(.text)
    staff_uart_config_polling                0x000016c7   Thumb Code    68  hw2.o(.text)
    put_string                               0x0000170b   Thumb Code    34  hw2.o(.text)
    put_char                                 0x0000172d   Thumb Code    20  hw2.o(.text)
    get_char                                 0x00001741   Thumb Code    62  hw2.o(.text)
    get_string                               0x0000177f   Thumb Code    40  hw2.o(.text)
    initialize_serial_debug                  0x000017a7   Thumb Code    12  hw2.o(.text)
    __scatterload                            0x000017c5   Thumb Code    28  init.o(.text)
    __scatterload_rt2                        0x000017c5   Thumb Code     0  init.o(.text)
    __scatterload_copy                       0x000017e9   Thumb Code    14  handlers.o(i.__scatterload_copy)
    __scatterload_null                       0x000017f7   Thumb Code     2  handlers.o(i.__scatterload_null)
    __scatterload_zeroinit                   0x000017f9   Thumb Code    14  handlers.o(i.__scatterload_zeroinit)
    lcd_write_data_u16                       0x00001809   Thumb Code    48  lcd.o(i.lcd_write_data_u16)
    shipBitmaps                              0x00001858   Data         128  hw3_images.o(.constdata)
    shipWidthPixels                          0x000018d8   Data           1  hw3_images.o(.constdata)
    shipHeightPixels                         0x000018d9   Data           1  hw3_images.o(.constdata)
    galaga_enemyBitmaps                      0x000018da   Data         120  hw3_images.o(.constdata)
    galaga_enemyWidthPixels                  0x00001952   Data           1  hw3_images.o(.constdata)
    galaga_enemyHeightPixels                 0x00001953   Data           1  hw3_images.o(.constdata)
    Region$$Table$$Base                      0x00001954   Number         0  anon$$obj.o(Region$$Table)
    Region$$Table$$Limit                     0x00001974   Number         0  anon$$obj.o(Region$$Table)
    SHIP_X_COORD                             0x20000002   Data           2  hw3.o(.data)
    SHIP_Y_COORD                             0x20000004   Data           2  hw3.o(.data)
    galaga_enemy0_X_COORD                    0x20000006   Data           2  hw3.o(.data)
    galaga_enemy0_Y_COORD                    0x20000008   Data           2  hw3.o(.data)
    MOVE_INVADER                             0x2000000a   Data           1  hw3.o(.data)
    MOVE_SHIP                                0x2000000b   Data           1  hw3.o(.data)
    STUDENT_NAME                             0x2000000c   Data          12  hw3.o(.data)
    direction                                0x20000018   Data           1  hw3_interrupts.o(.data)
    SystemCoreClock                          0x20000020   Data           4  system_tm4c123.o(.data)
    __initial_sp                             0x20000228   Data           0  startup_tm4c123.o(STACK)



==============================================================================

Memory Map of the image

  Image Entry point : 0x0000132d

  Load Region LR_1 (Base: 0x00000000, Size: 0x00001998, Max: 0xffffffff, ABSOLUTE)

    Execution Region ER_RO (Exec base: 0x00000000, Load base: 0x00000000, Size: 0x00001974, Max: 0xffffffff, ABSOLUTE)

    Exec Addr    Load Addr    Size         Type   Attr      Idx    E Section Name        Object

    0x00000000   0x00000000   0x0000026c   Data   RO          390    RESET               startup_tm4c123.o
    0x0000026c   0x0000026c   0x00000000   Code   RO          481  * .ARM.Collect$$$$00000000  mc_w.l(entry.o)
    0x0000026c   0x0000026c   0x00000004   Code   RO          484    .ARM.Collect$$$$00000001  mc_w.l(entry2.o)
    0x00000270   0x00000270   0x00000004   Code   RO          487    .ARM.Collect$$$$00000004  mc_w.l(entry5.o)
    0x00000274   0x00000274   0x00000000   Code   RO          489    .ARM.Collect$$$$00000008  mc_w.l(entry7b.o)
    0x00000274   0x00000274   0x00000000   Code   RO          491    .ARM.Collect$$$$0000000A  mc_w.l(entry8b.o)
    0x00000274   0x00000274   0x00000008   Code   RO          492    .ARM.Collect$$$$0000000B  mc_w.l(entry9a.o)
    0x0000027c   0x0000027c   0x00000000   Code   RO          494    .ARM.Collect$$$$0000000D  mc_w.l(entry10a.o)
    0x0000027c   0x0000027c   0x00000000   Code   RO          496    .ARM.Collect$$$$0000000F  mc_w.l(entry11a.o)
    0x0000027c   0x0000027c   0x00000004   Code   RO          485    .ARM.Collect$$$$00002712  mc_w.l(entry2.o)
    0x00000280   0x00000280   0x00000090   Code   RO            4    .text               main.o
    0x00000310   0x00000310   0x00000080   Code   RO          111    .text               hw3_staff.o
    0x00000390   0x00000390   0x00000584   Code   RO          138    .text               hw3.o
    0x00000914   0x00000914   0x00000174   Code   RO          172    .text               hw3_interrupts.o
    0x00000a88   0x00000a88   0x00000298   Code   RO          211    .text               gpio_port.o
    0x00000d20   0x00000d20   0x00000178   Code   RO          235    .text               timers.o
    0x00000e98   0x00000e98   0x00000494   Code   RO          310    .text               lcd.o
    0x0000132c   0x0000132c   0x000000fc   Code   RO          391  * .text               startup_tm4c123.o
    0x00001428   0x00001428   0x0000024c   Code   RO          398    .text               system_tm4c123.o
    0x00001674   0x00001674   0x00000150   Code   RO          428    .text               hw3_f18.lib(hw2.o)
    0x000017c4   0x000017c4   0x00000024   Code   RO          498    .text               mc_w.l(init.o)
    0x000017e8   0x000017e8   0x0000000e   Code   RO          502    i.__scatterload_copy  mc_w.l(handlers.o)
    0x000017f6   0x000017f6   0x00000002   Code   RO          503    i.__scatterload_null  mc_w.l(handlers.o)
    0x000017f8   0x000017f8   0x0000000e   Code   RO          504    i.__scatterload_zeroinit  mc_w.l(handlers.o)
    0x00001806   0x00001806   0x00000002   PAD
    0x00001808   0x00001808   0x0000003c   Code   RO          328    i.lcd_write_data_u16  lcd.o
    0x00001844   0x00001844   0x00000014   Data   RO          112    .constdata          hw3_staff.o
    0x00001858   0x00001858   0x000000fc   Data   RO          196    .constdata          hw3_images.o
    0x00001954   0x00001954   0x00000020   Data   RO          500    Region$$Table       anon$$obj.o


    Execution Region ER_RW (Exec base: 0x20000000, Load base: 0x00001974, Size: 0x00000024, Max: 0xffffffff, ABSOLUTE)

    Exec Addr    Load Addr    Size         Type   Attr      Idx    E Section Name        Object

    0x20000000   0x00001974   0x00000002   Data   RW          113    .data               hw3_staff.o
    0x20000002   0x00001976   0x00000016   Data   RW          139    .data               hw3.o
    0x20000018   0x0000198c   0x00000008   Data   RW          173    .data               hw3_interrupts.o
    0x20000020   0x00001994   0x00000004   Data   RW          399    .data               system_tm4c123.o


    Execution Region ER_ZI (Exec base: 0x20000024, Load base: 0x00001998, Size: 0x00000204, Max: 0xffffffff, ABSOLUTE)

    Exec Addr    Load Addr    Size         Type   Attr      Idx    E Section Name        Object

    0x20000024   0x00001998   0x00000004   PAD
    0x20000028        -       0x00000200   Zero   RW          388    STACK               startup_tm4c123.o


==============================================================================

Image component sizes


      Code (inc. data)   RO Data    RW Data    ZI Data      Debug   Object Name

       664         32          0          0          0       5110   gpio_port.o
      1412        106          0         22          0      34696   hw3.o
         0          0        252          0          0        728   hw3_images.o
       372         78          0          8          0       1746   hw3_interrupts.o
       128         12         20          2          0       1708   hw3_staff.o
      1232         36          0          0          0       3741   lcd.o
       144        102          0          0          0      27739   main.o
       252         10        620          0        512       5420   startup_tm4c123.o
       588        134          0          4          0       1513   system_tm4c123.o
       376         18          0          0          0       2055   timers.o

    ----------------------------------------------------------------------
      5168        528        924         36        516      84456   Object Totals
         0          0         32          0          0          0   (incl. Generated)
         0          0          0          0          4          0   (incl. Padding)

    ----------------------------------------------------------------------

      Code (inc. data)   RO Data    RW Data    ZI Data      Debug   Library Member Name

       336         18          0          0          0       1619   hw2.o
         0          0          0          0          0          0   entry.o
         0          0          0          0          0          0   entry10a.o
         0          0          0          0          0          0   entry11a.o
         8          4          0          0          0          0   entry2.o
         4          0          0          0          0          0   entry5.o
         0          0          0          0          0          0   entry7b.o
         0          0          0          0          0          0   entry8b.o
         8          4          0          0          0          0   entry9a.o
        30          0          0          0          0          0   handlers.o
        36          8          0          0          0         68   init.o

    ----------------------------------------------------------------------
       424         34          0          0          0       1687   Library Totals
         2          0          0          0          0          0   (incl. Padding)

    ----------------------------------------------------------------------

      Code (inc. data)   RO Data    RW Data    ZI Data      Debug   Library Name

       336         18          0          0          0       1619   hw3_f18.lib
        86         16          0          0          0         68   mc_w.l

    ----------------------------------------------------------------------
       424         34          0          0          0       1687   Library Totals

    ----------------------------------------------------------------------

==============================================================================


      Code (inc. data)   RO Data    RW Data    ZI Data      Debug   

      5592        562        924         36        516      84947   Grand Totals
      5592        562        924         36        516      84947   ELF Image Totals
      5592        562        924         36          0          0   ROM Totals

==============================================================================

    Total RO  Size (Code + RO Data)                 6516 (   6.36kB)
    Total RW  Size (RW Data + ZI Data)               552 (   0.54kB)
    Total ROM Size (Code + RO Data + RW Data)       6552 (   6.40kB)

==============================================================================

