Component: ARM Compiler 5.06 update 6 (build 750) Tool: armlink [4d35ed]

==============================================================================

Section Cross References

    main.o(.text) refers to hw2.o(.text) for initialize_serial_debug
    main.o(.text) refers to hw3.o(.text) for hw3_main
    main.o(.text) refers to hw3.o(.data) for STUDENT_NAME
    hw3_staff.o(.text) refers to hw3_staff.o(.data) for lfsr
    hw3_staff.o(.text) refers to hw3_staff.o(.constdata) for MOV_DIR
    hw3.o(.text) refers to gpio_port.o(.text) for gpio_enable_port
    hw3.o(.text) refers to lcd.o(.text) for lcd_config_gpio
    hw3.o(.text) refers to accel.o(.text) for accel_initialize
    hw3.o(.text) refers to mcp23017.o(.text) for mcp23017_init
    hw3.o(.text) refers to timers.o(.text) for gp_timer_config_32
    hw3.o(.text) refers to hw3_staff.o(.text) for hw3_hardware_validate
    hw3.o(.text) refers to hw3_images.o(.constdata) for zeroBitmaps
    hw3.o(.text) refers to hw3.o(.data) for MOVE_INVADER
    hw3_interrupts.o(.text) refers to hw3.o(.text) for contact_edge
    hw3_interrupts.o(.text) refers to accel.o(.text) for accel_read_x
    hw3_interrupts.o(.text) refers to hw3_images.o(.constdata) for shipWidthPixels
    hw3_interrupts.o(.text) refers to hw3.o(.data) for SHIP_Y_COORD
    hw3_interrupts.o(.text) refers to hw3_interrupts.o(.data) for direction
    lcd.o(.text) refers to lcd.o(i.lcd_write_data_u16) for lcd_write_data_u16
    lcd.o(.text) refers to gpio_port.o(.text) for gpio_enable_port
    ps2.o(.text) refers to adc.o(.text) for initialize_adc
    accel.o(.text) refers to spi.o(.text) for spiTx
    accel.o(.text) refers to spi_select.o(.text) for spi_select_init
    accel.o(.text) refers to gpio_port.o(.text) for gpio_enable_port
    spi_select.o(.text) refers to gpio_port.o(.text) for gpio_enable_port
    eeprom.o(.text) refers to i2c.o(.text) for i2cVerifyBaseAddr
    eeprom.o(.text) refers to gpio_port.o(.text) for gpio_enable_port
    mcp23017.o(.text) refers to i2c.o(.text) for I2CMasterBusy
    mcp23017.o(.text) refers to gpio_port.o(.text) for gpio_enable_port
    startup_tm4c123.o(RESET) refers to startup_tm4c123.o(STACK) for __initial_sp
    startup_tm4c123.o(RESET) refers to startup_tm4c123.o(.text) for Reset_Handler
    startup_tm4c123.o(RESET) refers to hw3_interrupts.o(.text) for ADC0SS2_Handler
    startup_tm4c123.o(.text) refers to system_tm4c123.o(.text) for SystemInit
    startup_tm4c123.o(.text) refers to entry.o(.ARM.Collect$$$$00000000) for __main
    system_tm4c123.o(.text) refers to system_tm4c123.o(.data) for SystemCoreClock
    entry.o(.ARM.Collect$$$$00000000) refers (Special) to entry10a.o(.ARM.Collect$$$$0000000D) for __rt_final_cpp
    entry.o(.ARM.Collect$$$$00000000) refers (Special) to entry11a.o(.ARM.Collect$$$$0000000F) for __rt_final_exit
    entry.o(.ARM.Collect$$$$00000000) refers (Special) to entry7b.o(.ARM.Collect$$$$00000008) for _main_clock
    entry.o(.ARM.Collect$$$$00000000) refers (Special) to entry8b.o(.ARM.Collect$$$$0000000A) for _main_cpp_init
    entry.o(.ARM.Collect$$$$00000000) refers (Special) to entry9a.o(.ARM.Collect$$$$0000000B) for _main_init
    entry.o(.ARM.Collect$$$$00000000) refers (Special) to entry5.o(.ARM.Collect$$$$00000004) for _main_scatterload
    entry.o(.ARM.Collect$$$$00000000) refers (Special) to entry2.o(.ARM.Collect$$$$00000001) for _main_stk
    entry2.o(.ARM.Collect$$$$00000001) refers to entry2.o(.ARM.Collect$$$$00002712) for __lit__00000000
    entry2.o(.ARM.Collect$$$$00002712) refers to startup_tm4c123.o(STACK) for __initial_sp
    entry2.o(__vectab_stack_and_reset_area) refers to startup_tm4c123.o(STACK) for __initial_sp
    entry2.o(__vectab_stack_and_reset_area) refers to entry.o(.ARM.Collect$$$$00000000) for __main
    entry5.o(.ARM.Collect$$$$00000004) refers to init.o(.text) for __scatterload
    entry9a.o(.ARM.Collect$$$$0000000B) refers to main.o(.text) for main
    entry9b.o(.ARM.Collect$$$$0000000C) refers to main.o(.text) for main
    init.o(.text) refers to entry5.o(.ARM.Collect$$$$00000004) for __main_after_scatterload


==============================================================================

Removing Unused input sections from the image.

    Removing main.o(.rev16_text), (4 bytes).
    Removing main.o(.revsh_text), (4 bytes).
    Removing main.o(.rrx_text), (6 bytes).
    Removing hw3_staff.o(.rev16_text), (4 bytes).
    Removing hw3_staff.o(.revsh_text), (4 bytes).
    Removing hw3_staff.o(.rrx_text), (6 bytes).
    Removing hw3.o(.rev16_text), (4 bytes).
    Removing hw3.o(.revsh_text), (4 bytes).
    Removing hw3.o(.rrx_text), (6 bytes).
    Removing hw3_interrupts.o(.rev16_text), (4 bytes).
    Removing hw3_interrupts.o(.revsh_text), (4 bytes).
    Removing hw3_interrupts.o(.rrx_text), (6 bytes).
    Removing gpio_port.o(.rev16_text), (4 bytes).
    Removing gpio_port.o(.revsh_text), (4 bytes).
    Removing gpio_port.o(.rrx_text), (6 bytes).
    Removing timers.o(.rev16_text), (4 bytes).
    Removing timers.o(.revsh_text), (4 bytes).
    Removing timers.o(.rrx_text), (6 bytes).
    Removing adc.o(.rev16_text), (4 bytes).
    Removing adc.o(.revsh_text), (4 bytes).
    Removing adc.o(.rrx_text), (6 bytes).
    Removing adc.o(.text), (160 bytes).
    Removing spi.o(.rev16_text), (4 bytes).
    Removing spi.o(.revsh_text), (4 bytes).
    Removing spi.o(.rrx_text), (6 bytes).
    Removing i2c.o(.rev16_text), (4 bytes).
    Removing i2c.o(.revsh_text), (4 bytes).
    Removing i2c.o(.rrx_text), (6 bytes).
    Removing lcd.o(.rev16_text), (4 bytes).
    Removing lcd.o(.revsh_text), (4 bytes).
    Removing lcd.o(.rrx_text), (6 bytes).
    Removing ps2.o(.rev16_text), (4 bytes).
    Removing ps2.o(.revsh_text), (4 bytes).
    Removing ps2.o(.rrx_text), (6 bytes).
    Removing ps2.o(.text), (164 bytes).
    Removing accel.o(.rev16_text), (4 bytes).
    Removing accel.o(.revsh_text), (4 bytes).
    Removing accel.o(.rrx_text), (6 bytes).
    Removing spi_select.o(.rev16_text), (4 bytes).
    Removing spi_select.o(.revsh_text), (4 bytes).
    Removing spi_select.o(.rrx_text), (6 bytes).
    Removing eeprom.o(.rev16_text), (4 bytes).
    Removing eeprom.o(.revsh_text), (4 bytes).
    Removing eeprom.o(.rrx_text), (6 bytes).
    Removing eeprom.o(.text), (424 bytes).
    Removing mcp23017.o(.rev16_text), (4 bytes).
    Removing mcp23017.o(.revsh_text), (4 bytes).
    Removing mcp23017.o(.rrx_text), (6 bytes).
    Removing startup_tm4c123.o(HEAP), (0 bytes).
    Removing system_tm4c123.o(.rev16_text), (4 bytes).
    Removing system_tm4c123.o(.revsh_text), (4 bytes).
    Removing system_tm4c123.o(.rrx_text), (6 bytes).
    Removing hw2.o(.rev16_text), (4 bytes).
    Removing hw2.o(.revsh_text), (4 bytes).
    Removing hw2.o(.rrx_text), (6 bytes).

55 unused section(s) (total 986 bytes) removed from the image.

==============================================================================

Image Symbol Table

    Local Symbols

    Symbol Name                              Value     Ov Type        Size  Object(Section)

    RESET                                    0x00000000   Section      620  startup_tm4c123.o(RESET)
    ../clib/microlib/init/entry.s            0x00000000   Number         0  entry11b.o ABSOLUTE
    ../clib/microlib/init/entry.s            0x00000000   Number         0  entry.o ABSOLUTE
    ../clib/microlib/init/entry.s            0x00000000   Number         0  entry11a.o ABSOLUTE
    ../clib/microlib/init/entry.s            0x00000000   Number         0  entry10b.o ABSOLUTE
    ../clib/microlib/init/entry.s            0x00000000   Number         0  entry10a.o ABSOLUTE
    ../clib/microlib/init/entry.s            0x00000000   Number         0  entry9b.o ABSOLUTE
    ../clib/microlib/init/entry.s            0x00000000   Number         0  entry8b.o ABSOLUTE
    ../clib/microlib/init/entry.s            0x00000000   Number         0  entry2.o ABSOLUTE
    ../clib/microlib/init/entry.s            0x00000000   Number         0  entry9a.o ABSOLUTE
    ../clib/microlib/init/entry.s            0x00000000   Number         0  entry8a.o ABSOLUTE
    ../clib/microlib/init/entry.s            0x00000000   Number         0  entry7b.o ABSOLUTE
    ../clib/microlib/init/entry.s            0x00000000   Number         0  entry7a.o ABSOLUTE
    ../clib/microlib/init/entry.s            0x00000000   Number         0  entry5.o ABSOLUTE
    ..\\drivers\\c\\adc.c                    0x00000000   Number         0  adc.o ABSOLUTE
    ..\\drivers\\c\\gpio_port.c              0x00000000   Number         0  gpio_port.o ABSOLUTE
    ..\\drivers\\c\\i2c.c                    0x00000000   Number         0  i2c.o ABSOLUTE
    ..\\drivers\\c\\spi.c                    0x00000000   Number         0  spi.o ABSOLUTE
    ..\\drivers\\c\\timers.c                 0x00000000   Number         0  timers.o ABSOLUTE
    ..\\peripherals\\c\\MCP23017.c           0x00000000   Number         0  mcp23017.o ABSOLUTE
    ..\\peripherals\\c\\accel.c              0x00000000   Number         0  accel.o ABSOLUTE
    ..\\peripherals\\c\\eeprom.c             0x00000000   Number         0  eeprom.o ABSOLUTE
    ..\\peripherals\\c\\lcd.c                0x00000000   Number         0  lcd.o ABSOLUTE
    ..\\peripherals\\c\\ps2.c                0x00000000   Number         0  ps2.o ABSOLUTE
    ..\\peripherals\\c\\spi_select.c         0x00000000   Number         0  spi_select.o ABSOLUTE
    ..\drivers\c\adc.c                       0x00000000   Number         0  adc.o ABSOLUTE
    ..\drivers\c\gpio_port.c                 0x00000000   Number         0  gpio_port.o ABSOLUTE
    ..\drivers\c\i2c.c                       0x00000000   Number         0  i2c.o ABSOLUTE
    ..\drivers\c\spi.c                       0x00000000   Number         0  spi.o ABSOLUTE
    ..\drivers\c\timers.c                    0x00000000   Number         0  timers.o ABSOLUTE
    ..\peripherals\c\MCP23017.c              0x00000000   Number         0  mcp23017.o ABSOLUTE
    ..\peripherals\c\accel.c                 0x00000000   Number         0  accel.o ABSOLUTE
    ..\peripherals\c\eeprom.c                0x00000000   Number         0  eeprom.o ABSOLUTE
    ..\peripherals\c\lcd.c                   0x00000000   Number         0  lcd.o ABSOLUTE
    ..\peripherals\c\ps2.c                   0x00000000   Number         0  ps2.o ABSOLUTE
    ..\peripherals\c\spi_select.c            0x00000000   Number         0  spi_select.o ABSOLUTE
    RTE\Device\TM4C123GH6PM\startup_TM4C123.s 0x00000000   Number         0  startup_tm4c123.o ABSOLUTE
    RTE\Device\TM4C123GH6PM\system_TM4C123.c 0x00000000   Number         0  system_tm4c123.o ABSOLUTE
    RTE\\Device\\TM4C123GH6PM\\system_TM4C123.c 0x00000000   Number         0  system_tm4c123.o ABSOLUTE
    dc.s                                     0x00000000   Number         0  dc.o ABSOLUTE
    handlers.s                               0x00000000   Number         0  handlers.o ABSOLUTE
    hw2.c                                    0x00000000   Number         0  hw2.o ABSOLUTE
    hw2.c                                    0x00000000   Number         0  hw2.o ABSOLUTE
    hw3.c                                    0x00000000   Number         0  hw3.o ABSOLUTE
    hw3.c                                    0x00000000   Number         0  hw3.o ABSOLUTE
    hw3_images.c                             0x00000000   Number         0  hw3_images.o ABSOLUTE
    hw3_interrupts.c                         0x00000000   Number         0  hw3_interrupts.o ABSOLUTE
    hw3_interrupts.c                         0x00000000   Number         0  hw3_interrupts.o ABSOLUTE
    hw3_staff.c                              0x00000000   Number         0  hw3_staff.o ABSOLUTE
    hw3_staff.c                              0x00000000   Number         0  hw3_staff.o ABSOLUTE
    init.s                                   0x00000000   Number         0  init.o ABSOLUTE
    main.c                                   0x00000000   Number         0  main.o ABSOLUTE
    main.c                                   0x00000000   Number         0  main.o ABSOLUTE
    .ARM.Collect$$$$00000000                 0x0000026c   Section        0  entry.o(.ARM.Collect$$$$00000000)
    .ARM.Collect$$$$00000001                 0x0000026c   Section        4  entry2.o(.ARM.Collect$$$$00000001)
    .ARM.Collect$$$$00000004                 0x00000270   Section        4  entry5.o(.ARM.Collect$$$$00000004)
    .ARM.Collect$$$$00000008                 0x00000274   Section        0  entry7b.o(.ARM.Collect$$$$00000008)
    .ARM.Collect$$$$0000000A                 0x00000274   Section        0  entry8b.o(.ARM.Collect$$$$0000000A)
    .ARM.Collect$$$$0000000B                 0x00000274   Section        8  entry9a.o(.ARM.Collect$$$$0000000B)
    .ARM.Collect$$$$0000000D                 0x0000027c   Section        0  entry10a.o(.ARM.Collect$$$$0000000D)
    .ARM.Collect$$$$0000000F                 0x0000027c   Section        0  entry11a.o(.ARM.Collect$$$$0000000F)
    .ARM.Collect$$$$00002712                 0x0000027c   Section        4  entry2.o(.ARM.Collect$$$$00002712)
    __lit__00000000                          0x0000027c   Data           4  entry2.o(.ARM.Collect$$$$00002712)
    .text                                    0x00000280   Section        0  main.o(.text)
    .text                                    0x00000310   Section        0  hw3_staff.o(.text)
    .text                                    0x00000390   Section        0  hw3.o(.text)
    __NVIC_DisableIRQ                        0x00000391   Thumb Code    54  hw3.o(.text)
    __NVIC_SetPriority                       0x000003c7   Thumb Code    32  hw3.o(.text)
    verify_base_addr                         0x000004f3   Thumb Code    64  hw3.o(.text)
    __NVIC_EnableIRQ                         0x0000088d   Thumb Code    26  hw3.o(.text)
    .text                                    0x000008e4   Section        0  hw3_interrupts.o(.text)
    .text                                    0x00000a94   Section        0  gpio_port.o(.text)
    verify_base_addr                         0x00000a95   Thumb Code    64  gpio_port.o(.text)
    .text                                    0x00000d2c   Section        0  timers.o(.text)
    verify_base_addr                         0x00000d2d   Thumb Code    64  timers.o(.text)
    get_clock_masks                          0x00000d6d   Thumb Code   106  timers.o(.text)
    .text                                    0x00000ea4   Section        0  spi.o(.text)
    .text                                    0x00001040   Section        0  i2c.o(.text)
    .text                                    0x00001248   Section        0  lcd.o(.text)
    delayms                                  0x00001249   Thumb Code    26  lcd.o(.text)
    lcd_write_cmd_u8                         0x00001263   Thumb Code    40  lcd.o(.text)
    lcd_write_data_u8                        0x0000128b   Thumb Code    28  lcd.o(.text)
    .text                                    0x000016dc   Section        0  accel.o(.text)
    accel_reg_read                           0x000016dd   Thumb Code    44  accel.o(.text)
    accel_reg_write                          0x00001709   Thumb Code    36  accel.o(.text)
    accel_CSN_low                            0x00001851   Thumb Code    18  accel.o(.text)
    accel_CSN_high                           0x00001863   Thumb Code    18  accel.o(.text)
    .text                                    0x0000187c   Section        0  spi_select.o(.text)
    .text                                    0x00001920   Section        0  mcp23017.o(.text)
    IO_expander_byte_write                   0x00001921   Thumb Code    76  mcp23017.o(.text)
    .text                                    0x00001a88   Section      252  startup_tm4c123.o(.text)
    $v0                                      0x00001a88   Number         0  startup_tm4c123.o(.text)
    .text                                    0x00001b84   Section        0  system_tm4c123.o(.text)
    getOscClk                                0x00001b85   Thumb Code   182  system_tm4c123.o(.text)
    .text                                    0x00001dd0   Section        0  hw2.o(.text)
    .text                                    0x00001f20   Section       36  init.o(.text)
    i.__scatterload_copy                     0x00001f44   Section       14  handlers.o(i.__scatterload_copy)
    i.__scatterload_null                     0x00001f52   Section        2  handlers.o(i.__scatterload_null)
    i.__scatterload_zeroinit                 0x00001f54   Section       14  handlers.o(i.__scatterload_zeroinit)
    i.lcd_write_data_u16                     0x00001f64   Section        0  lcd.o(i.lcd_write_data_u16)
    .constdata                               0x00001fa0   Section       20  hw3_staff.o(.constdata)
    MOVE_AMOUNT                              0x00001fa0   Data          16  hw3_staff.o(.constdata)
    MOV_DIR                                  0x00001fb0   Data           4  hw3_staff.o(.constdata)
    .constdata                               0x00001fb4   Section     1188  hw3_images.o(.constdata)
    .data                                    0x20000000   Section        2  hw3_staff.o(.data)
    lfsr                                     0x20000000   Data           2  hw3_staff.o(.data)
    .data                                    0x20000002   Section       26  hw3.o(.data)
    .data                                    0x2000001c   Section        6  hw3_interrupts.o(.data)
    current_dir                              0x2000001d   Data           1  hw3_interrupts.o(.data)
    next_dir                                 0x2000001e   Data           1  hw3_interrupts.o(.data)
    move_count                               0x20000020   Data           2  hw3_interrupts.o(.data)
    .data                                    0x20000024   Section        4  system_tm4c123.o(.data)
    STACK                                    0x20000028   Section      512  startup_tm4c123.o(STACK)

    Global Symbols

    Symbol Name                              Value     Ov Type        Size  Object(Section)

    BuildAttributes$$THM_ISAv4$E$P$D$K$B$S$7EM$VFPi3$EXTD16$VFPS$VFMA$PE$A:L22UL41UL21$X:L11$S22US41US21$IEEE1$IW$USESV6$~STKCKD$USESV7$~SHL$OSPACE$EBA8$MICROLIB$REQ8$PRES8$EABIv2 0x00000000   Number         0  anon$$obj.o ABSOLUTE
    __ARM_use_no_argv                        0x00000000   Number         0  main.o ABSOLUTE
    __Vectors                                0x00000000   Data           4  startup_tm4c123.o(RESET)
    __cpp_initialize__aeabi_                  - Undefined Weak Reference
    __cxa_finalize                            - Undefined Weak Reference
    __decompress                              - Undefined Weak Reference
    _clock_init                               - Undefined Weak Reference
    _microlib_exit                            - Undefined Weak Reference
    __Vectors_End                            0x0000026c   Data           0  startup_tm4c123.o(RESET)
    __Vectors_Size                           0x0000026c   Number         0  startup_tm4c123.o ABSOLUTE
    __main                                   0x0000026d   Thumb Code     0  entry.o(.ARM.Collect$$$$00000000)
    _main_stk                                0x0000026d   Thumb Code     0  entry2.o(.ARM.Collect$$$$00000001)
    _main_scatterload                        0x00000271   Thumb Code     0  entry5.o(.ARM.Collect$$$$00000004)
    __main_after_scatterload                 0x00000275   Thumb Code     0  entry5.o(.ARM.Collect$$$$00000004)
    _main_clock                              0x00000275   Thumb Code     0  entry7b.o(.ARM.Collect$$$$00000008)
    _main_cpp_init                           0x00000275   Thumb Code     0  entry8b.o(.ARM.Collect$$$$0000000A)
    _main_init                               0x00000275   Thumb Code     0  entry9a.o(.ARM.Collect$$$$0000000B)
    __rt_final_cpp                           0x0000027d   Thumb Code     0  entry10a.o(.ARM.Collect$$$$0000000D)
    __rt_final_exit                          0x0000027d   Thumb Code     0  entry11a.o(.ARM.Collect$$$$0000000F)
    main                                     0x00000281   Thumb Code    42  main.o(.text)
    generate_random_number                   0x00000311   Thumb Code    48  hw3_staff.o(.text)
    get_new_direction                        0x00000341   Thumb Code    36  hw3_staff.o(.text)
    get_new_move_count                       0x00000365   Thumb Code    28  hw3_staff.o(.text)
    hw3_hardware_validate                    0x00000381   Thumb Code     4  hw3_staff.o(.text)
    contact_edge                             0x000003e7   Thumb Code   190  hw3.o(.text)
    move_image                               0x000004a5   Thumb Code    78  hw3.o(.text)
    countdown_timer                          0x00000533   Thumb Code    60  hw3.o(.text)
    check_game_over                          0x0000056f   Thumb Code   198  hw3.o(.text)
    init_adc                                 0x00000635   Thumb Code    62  hw3.o(.text)
    init_interrupt_adc                       0x00000673   Thumb Code   106  hw3.o(.text)
    init_hardware                            0x000006dd   Thumb Code   216  hw3.o(.text)
    hw3_main                                 0x000007b5   Thumb Code   216  hw3.o(.text)
    TIMER2A_Handler                          0x000008e5   Thumb Code    70  hw3_interrupts.o(.text)
    TIMER3A_Handler                          0x0000092b   Thumb Code   142  hw3_interrupts.o(.text)
    TIMER4A_Handler                          0x000009b9   Thumb Code    84  hw3_interrupts.o(.text)
    ADC0SS2_Handler                          0x00000a0d   Thumb Code    64  hw3_interrupts.o(.text)
    gpio_get_irq_num                         0x00000ad5   Thumb Code    74  gpio_port.o(.text)
    gpio_enable_port                         0x00000b1f   Thumb Code   166  gpio_port.o(.text)
    gpio_config_digital_enable               0x00000bc5   Thumb Code    34  gpio_port.o(.text)
    gpio_config_enable_output                0x00000be7   Thumb Code    34  gpio_port.o(.text)
    gpio_config_enable_input                 0x00000c09   Thumb Code    34  gpio_port.o(.text)
    gpio_config_enable_pullup                0x00000c2b   Thumb Code    34  gpio_port.o(.text)
    gpio_config_enable_pulldown              0x00000c4d   Thumb Code    34  gpio_port.o(.text)
    gpio_config_analog_enable                0x00000c6f   Thumb Code    34  gpio_port.o(.text)
    gpio_config_alternate_function           0x00000c91   Thumb Code    34  gpio_port.o(.text)
    gpio_config_port_control                 0x00000cb3   Thumb Code    50  gpio_port.o(.text)
    gpio_config_open_drain                   0x00000ce5   Thumb Code    34  gpio_port.o(.text)
    gpio_config_falling_edge_irq             0x00000d07   Thumb Code     6  gpio_port.o(.text)
    gp_timer_wait                            0x00000dd7   Thumb Code    64  timers.o(.text)
    gp_timer_config_32                       0x00000e17   Thumb Code   124  timers.o(.text)
    spiVerifyBaseAddr                        0x00000ea5   Thumb Code    34  spi.o(.text)
    initialize_spi                           0x00000ec7   Thumb Code   258  spi.o(.text)
    spiTx                                    0x00000fc9   Thumb Code    94  spi.o(.text)
    initializeI2CMaster                      0x00001041   Thumb Code   160  i2c.o(.text)
    i2cVerifyBaseAddr                        0x000010e1   Thumb Code    36  i2c.o(.text)
    i2cSetSlaveAddr                          0x00001105   Thumb Code    30  i2c.o(.text)
    i2cStop                                  0x00001123   Thumb Code    26  i2c.o(.text)
    I2CMasterBusy                            0x0000113d   Thumb Code    34  i2c.o(.text)
    I2CMasterAdrAck                          0x0000115f   Thumb Code    34  i2c.o(.text)
    I2CMasterDatAck                          0x00001181   Thumb Code    34  i2c.o(.text)
    i2cSendByte                              0x000011a3   Thumb Code    82  i2c.o(.text)
    i2cGetByte                               0x000011f5   Thumb Code    60  i2c.o(.text)
    lcd_set_pos                              0x000012a7   Thumb Code    58  lcd.o(.text)
    lcd_clear_screen                         0x000012e1   Thumb Code    52  lcd.o(.text)
    lcd_draw_image                           0x00001315   Thumb Code   242  lcd.o(.text)
    lcd_config_gpio                          0x00001407   Thumb Code   152  lcd.o(.text)
    lcd_config_screen                        0x0000149f   Thumb Code   568  lcd.o(.text)
    accel_read_x                             0x0000172d   Thumb Code    22  accel.o(.text)
    accel_read_y                             0x00001743   Thumb Code    22  accel.o(.text)
    accel_read_z                             0x00001759   Thumb Code    22  accel.o(.text)
    accel_initialize                         0x0000176f   Thumb Code   226  accel.o(.text)
    spi_select                               0x0000187d   Thumb Code    62  spi_select.o(.text)
    spi_select_init                          0x000018bb   Thumb Code    92  spi_select.o(.text)
    initialize_buttons                       0x0000196d   Thumb Code    36  mcp23017.o(.text)
    read_button                              0x00001991   Thumb Code    86  mcp23017.o(.text)
    mcp23017_init                            0x000019e7   Thumb Code   156  mcp23017.o(.text)
    Reset_Handler                            0x00001a89   Thumb Code     8  startup_tm4c123.o(.text)
    NMI_Handler                              0x00001a91   Thumb Code     2  startup_tm4c123.o(.text)
    HardFault_Handler                        0x00001a93   Thumb Code     2  startup_tm4c123.o(.text)
    MemManage_Handler                        0x00001a95   Thumb Code     2  startup_tm4c123.o(.text)
    BusFault_Handler                         0x00001a97   Thumb Code     2  startup_tm4c123.o(.text)
    UsageFault_Handler                       0x00001a99   Thumb Code     2  startup_tm4c123.o(.text)
    SVC_Handler                              0x00001a9b   Thumb Code     2  startup_tm4c123.o(.text)
    DebugMon_Handler                         0x00001a9d   Thumb Code     2  startup_tm4c123.o(.text)
    PendSV_Handler                           0x00001a9f   Thumb Code     2  startup_tm4c123.o(.text)
    SysTick_Handler                          0x00001aa1   Thumb Code     2  startup_tm4c123.o(.text)
    GPIOA_Handler                            0x00001aa3   Thumb Code     2  startup_tm4c123.o(.text)
    GPIOB_Handler                            0x00001aa5   Thumb Code     2  startup_tm4c123.o(.text)
    GPIOC_Handler                            0x00001aa7   Thumb Code     2  startup_tm4c123.o(.text)
    GPIOD_Handler                            0x00001aa9   Thumb Code     2  startup_tm4c123.o(.text)
    GPIOE_Handler                            0x00001aab   Thumb Code     2  startup_tm4c123.o(.text)
    UART0_Handler                            0x00001aad   Thumb Code     2  startup_tm4c123.o(.text)
    UART1_Handler                            0x00001aaf   Thumb Code     2  startup_tm4c123.o(.text)
    SSI0_Handler                             0x00001ab1   Thumb Code     2  startup_tm4c123.o(.text)
    I2C0_Handler                             0x00001ab3   Thumb Code     2  startup_tm4c123.o(.text)
    PMW0_FAULT_Handler                       0x00001ab5   Thumb Code     2  startup_tm4c123.o(.text)
    PWM0_0_Handler                           0x00001ab7   Thumb Code     2  startup_tm4c123.o(.text)
    PWM0_1_Handler                           0x00001ab9   Thumb Code     2  startup_tm4c123.o(.text)
    PWM0_2_Handler                           0x00001abb   Thumb Code     2  startup_tm4c123.o(.text)
    QEI0_Handler                             0x00001abd   Thumb Code     2  startup_tm4c123.o(.text)
    ADC0SS0_Handler                          0x00001abf   Thumb Code     2  startup_tm4c123.o(.text)
    ADC0SS1_Handler                          0x00001ac1   Thumb Code     2  startup_tm4c123.o(.text)
    ADC0SS3_Handler                          0x00001ac5   Thumb Code     2  startup_tm4c123.o(.text)
    WDT0_Handler                             0x00001ac7   Thumb Code     2  startup_tm4c123.o(.text)
    TIMER0A_Handler                          0x00001ac9   Thumb Code     2  startup_tm4c123.o(.text)
    TIMER0B_Handler                          0x00001acb   Thumb Code     2  startup_tm4c123.o(.text)
    TIMER1A_Handler                          0x00001acd   Thumb Code     2  startup_tm4c123.o(.text)
    TIMER1B_Handler                          0x00001acf   Thumb Code     2  startup_tm4c123.o(.text)
    TIMER2B_Handler                          0x00001ad3   Thumb Code     2  startup_tm4c123.o(.text)
    COMP0_Handler                            0x00001ad5   Thumb Code     2  startup_tm4c123.o(.text)
    COMP1_Handler                            0x00001ad7   Thumb Code     2  startup_tm4c123.o(.text)
    COMP2_Handler                            0x00001ad9   Thumb Code     2  startup_tm4c123.o(.text)
    SYSCTL_Handler                           0x00001adb   Thumb Code     2  startup_tm4c123.o(.text)
    FLASH_Handler                            0x00001add   Thumb Code     2  startup_tm4c123.o(.text)
    GPIOF_Handler                            0x00001adf   Thumb Code     2  startup_tm4c123.o(.text)
    GPIOG_Handler                            0x00001ae1   Thumb Code     2  startup_tm4c123.o(.text)
    GPIOH_Handler                            0x00001ae3   Thumb Code     2  startup_tm4c123.o(.text)
    UART2_Handler                            0x00001ae5   Thumb Code     2  startup_tm4c123.o(.text)
    SSI1_Handler                             0x00001ae7   Thumb Code     2  startup_tm4c123.o(.text)
    TIMER3B_Handler                          0x00001aeb   Thumb Code     2  startup_tm4c123.o(.text)
    I2C1_Handler                             0x00001aed   Thumb Code     2  startup_tm4c123.o(.text)
    QEI1_Handler                             0x00001aef   Thumb Code     2  startup_tm4c123.o(.text)
    CAN0_Handler                             0x00001af1   Thumb Code     2  startup_tm4c123.o(.text)
    CAN1_Handler                             0x00001af3   Thumb Code     2  startup_tm4c123.o(.text)
    CAN2_Handler                             0x00001af5   Thumb Code     2  startup_tm4c123.o(.text)
    HIB_Handler                              0x00001af7   Thumb Code     2  startup_tm4c123.o(.text)
    USB0_Handler                             0x00001af9   Thumb Code     2  startup_tm4c123.o(.text)
    PWM0_3_Handler                           0x00001afb   Thumb Code     2  startup_tm4c123.o(.text)
    UDMA_Handler                             0x00001afd   Thumb Code     2  startup_tm4c123.o(.text)
    UDMAERR_Handler                          0x00001aff   Thumb Code     2  startup_tm4c123.o(.text)
    ADC1SS0_Handler                          0x00001b01   Thumb Code     2  startup_tm4c123.o(.text)
    ADC1SS1_Handler                          0x00001b03   Thumb Code     2  startup_tm4c123.o(.text)
    ADC1SS2_Handler                          0x00001b05   Thumb Code     2  startup_tm4c123.o(.text)
    ADC1SS3_Handler                          0x00001b07   Thumb Code     2  startup_tm4c123.o(.text)
    GPIOJ_Handler                            0x00001b09   Thumb Code     2  startup_tm4c123.o(.text)
    GPIOK_Handler                            0x00001b0b   Thumb Code     2  startup_tm4c123.o(.text)
    GPIOL_Handler                            0x00001b0d   Thumb Code     2  startup_tm4c123.o(.text)
    SSI2_Handler                             0x00001b0f   Thumb Code     2  startup_tm4c123.o(.text)
    SSI3_Handler                             0x00001b11   Thumb Code     2  startup_tm4c123.o(.text)
    UART3_Handler                            0x00001b13   Thumb Code     2  startup_tm4c123.o(.text)
    UART4_Handler                            0x00001b15   Thumb Code     2  startup_tm4c123.o(.text)
    UART5_Handler                            0x00001b17   Thumb Code     2  startup_tm4c123.o(.text)
    UART6_Handler                            0x00001b19   Thumb Code     2  startup_tm4c123.o(.text)
    UART7_Handler                            0x00001b1b   Thumb Code     2  startup_tm4c123.o(.text)
    I2C2_Handler                             0x00001b1d   Thumb Code     2  startup_tm4c123.o(.text)
    I2C3_Handler                             0x00001b1f   Thumb Code     2  startup_tm4c123.o(.text)
    TIMER4B_Handler                          0x00001b23   Thumb Code     2  startup_tm4c123.o(.text)
    TIMER5A_Handler                          0x00001b25   Thumb Code     2  startup_tm4c123.o(.text)
    TIMER5B_Handler                          0x00001b27   Thumb Code     2  startup_tm4c123.o(.text)
    WTIMER0A_Handler                         0x00001b29   Thumb Code     2  startup_tm4c123.o(.text)
    WTIMER0B_Handler                         0x00001b2b   Thumb Code     2  startup_tm4c123.o(.text)
    WTIMER1A_Handler                         0x00001b2d   Thumb Code     2  startup_tm4c123.o(.text)
    WTIMER1B_Handler                         0x00001b2f   Thumb Code     2  startup_tm4c123.o(.text)
    WTIMER2A_Handler                         0x00001b31   Thumb Code     2  startup_tm4c123.o(.text)
    WTIMER2B_Handler                         0x00001b33   Thumb Code     2  startup_tm4c123.o(.text)
    WTIMER3A_Handler                         0x00001b35   Thumb Code     2  startup_tm4c123.o(.text)
    WTIMER3B_Handler                         0x00001b37   Thumb Code     2  startup_tm4c123.o(.text)
    WTIMER4A_Handler                         0x00001b39   Thumb Code     2  startup_tm4c123.o(.text)
    WTIMER4B_Handler                         0x00001b3b   Thumb Code     2  startup_tm4c123.o(.text)
    WTIMER5A_Handler                         0x00001b3d   Thumb Code     2  startup_tm4c123.o(.text)
    WTIMER5B_Handler                         0x00001b3f   Thumb Code     2  startup_tm4c123.o(.text)
    FPU_Handler                              0x00001b41   Thumb Code     2  startup_tm4c123.o(.text)
    I2C4_Handler                             0x00001b43   Thumb Code     2  startup_tm4c123.o(.text)
    I2C5_Handler                             0x00001b45   Thumb Code     2  startup_tm4c123.o(.text)
    GPIOM_Handler                            0x00001b47   Thumb Code     2  startup_tm4c123.o(.text)
    GPION_Handler                            0x00001b49   Thumb Code     2  startup_tm4c123.o(.text)
    QEI2_Handler                             0x00001b4b   Thumb Code     2  startup_tm4c123.o(.text)
    GPIOP0_Handler                           0x00001b4d   Thumb Code     2  startup_tm4c123.o(.text)
    GPIOP1_Handler                           0x00001b4f   Thumb Code     2  startup_tm4c123.o(.text)
    GPIOP2_Handler                           0x00001b51   Thumb Code     2  startup_tm4c123.o(.text)
    GPIOP3_Handler                           0x00001b53   Thumb Code     2  startup_tm4c123.o(.text)
    GPIOP4_Handler                           0x00001b55   Thumb Code     2  startup_tm4c123.o(.text)
    GPIOP5_Handler                           0x00001b57   Thumb Code     2  startup_tm4c123.o(.text)
    GPIOP6_Handler                           0x00001b59   Thumb Code     2  startup_tm4c123.o(.text)
    GPIOP7_Handler                           0x00001b5b   Thumb Code     2  startup_tm4c123.o(.text)
    GPIOQ0_Handler                           0x00001b5d   Thumb Code     2  startup_tm4c123.o(.text)
    GPIOQ1_Handler                           0x00001b5f   Thumb Code     2  startup_tm4c123.o(.text)
    GPIOQ2_Handler                           0x00001b61   Thumb Code     2  startup_tm4c123.o(.text)
    GPIOQ3_Handler                           0x00001b63   Thumb Code     2  startup_tm4c123.o(.text)
    GPIOQ4_Handler                           0x00001b65   Thumb Code     2  startup_tm4c123.o(.text)
    GPIOQ5_Handler                           0x00001b67   Thumb Code     2  startup_tm4c123.o(.text)
    GPIOQ6_Handler                           0x00001b69   Thumb Code     2  startup_tm4c123.o(.text)
    GPIOQ7_Handler                           0x00001b6b   Thumb Code     2  startup_tm4c123.o(.text)
    GPIOR_Handler                            0x00001b6d   Thumb Code     2  startup_tm4c123.o(.text)
    GPIOS_Handler                            0x00001b6f   Thumb Code     2  startup_tm4c123.o(.text)
    PMW1_0_Handler                           0x00001b71   Thumb Code     2  startup_tm4c123.o(.text)
    PWM1_1_Handler                           0x00001b73   Thumb Code     2  startup_tm4c123.o(.text)
    PWM1_2_Handler                           0x00001b75   Thumb Code     2  startup_tm4c123.o(.text)
    PWM1_3_Handler                           0x00001b77   Thumb Code     2  startup_tm4c123.o(.text)
    PWM1_FAULT_Handler                       0x00001b79   Thumb Code     2  startup_tm4c123.o(.text)
    SystemCoreClockUpdate                    0x00001c3b   Thumb Code   184  system_tm4c123.o(.text)
    SystemInit                               0x00001cf3   Thumb Code   112  system_tm4c123.o(.text)
    staff_uart_config_gpio                   0x00001dd1   Thumb Code    82  hw2.o(.text)
    staff_uart_config_polling                0x00001e23   Thumb Code    68  hw2.o(.text)
    put_string                               0x00001e67   Thumb Code    34  hw2.o(.text)
    put_char                                 0x00001e89   Thumb Code    20  hw2.o(.text)
    get_char                                 0x00001e9d   Thumb Code    62  hw2.o(.text)
    get_string                               0x00001edb   Thumb Code    40  hw2.o(.text)
    initialize_serial_debug                  0x00001f03   Thumb Code    12  hw2.o(.text)
    __scatterload                            0x00001f21   Thumb Code    28  init.o(.text)
    __scatterload_rt2                        0x00001f21   Thumb Code     0  init.o(.text)
    __scatterload_copy                       0x00001f45   Thumb Code    14  handlers.o(i.__scatterload_copy)
    __scatterload_null                       0x00001f53   Thumb Code     2  handlers.o(i.__scatterload_null)
    __scatterload_zeroinit                   0x00001f55   Thumb Code    14  handlers.o(i.__scatterload_zeroinit)
    lcd_write_data_u16                       0x00001f65   Thumb Code    48  lcd.o(i.lcd_write_data_u16)
    shipBitmaps                              0x00001fb4   Data         128  hw3_images.o(.constdata)
    shipWidthPixels                          0x00002034   Data           1  hw3_images.o(.constdata)
    shipHeightPixels                         0x00002035   Data           1  hw3_images.o(.constdata)
    galaga_enemyBitmaps                      0x00002036   Data         128  hw3_images.o(.constdata)
    galaga_enemyWidthPixels                  0x000020b6   Data           1  hw3_images.o(.constdata)
    galaga_enemyHeightPixels                 0x000020b7   Data           1  hw3_images.o(.constdata)
    laser                                    0x000020b8   Data           6  hw3_images.o(.constdata)
    laserHeight                              0x000020be   Data           1  hw3_images.o(.constdata)
    laserWidth                               0x000020bf   Data           1  hw3_images.o(.constdata)
    zeroBitmaps                              0x000020c0   Data          90  hw3_images.o(.constdata)
    zeroWidthPixels                          0x0000211a   Data           1  hw3_images.o(.constdata)
    zeroHeightPixels                         0x0000211b   Data           1  hw3_images.o(.constdata)
    oneBitmaps                               0x0000211c   Data          90  hw3_images.o(.constdata)
    oneWidthPixels                           0x00002176   Data           1  hw3_images.o(.constdata)
    oneHeightPixels                          0x00002177   Data           1  hw3_images.o(.constdata)
    twoBitmaps                               0x00002178   Data          90  hw3_images.o(.constdata)
    twoWidthPixels                           0x000021d2   Data           1  hw3_images.o(.constdata)
    twoHeightPixels                          0x000021d3   Data           1  hw3_images.o(.constdata)
    threeBitmaps                             0x000021d4   Data          90  hw3_images.o(.constdata)
    threeWidthPixels                         0x0000222e   Data           1  hw3_images.o(.constdata)
    threeHeightPixels                        0x0000222f   Data           1  hw3_images.o(.constdata)
    fourBitmaps                              0x00002230   Data          90  hw3_images.o(.constdata)
    fourWidthPixels                          0x0000228a   Data           1  hw3_images.o(.constdata)
    fourHeightPixels                         0x0000228b   Data           1  hw3_images.o(.constdata)
    fiveBitmaps                              0x0000228c   Data          90  hw3_images.o(.constdata)
    fiveWidthPixels                          0x000022e6   Data           1  hw3_images.o(.constdata)
    fiveHeightPixels                         0x000022e7   Data           1  hw3_images.o(.constdata)
    sixBitmaps                               0x000022e8   Data          90  hw3_images.o(.constdata)
    sixWidthPixels                           0x00002342   Data           1  hw3_images.o(.constdata)
    sixHeightPixels                          0x00002343   Data           1  hw3_images.o(.constdata)
    sevenBitmaps                             0x00002344   Data          90  hw3_images.o(.constdata)
    sevenWidthPixels                         0x0000239e   Data           1  hw3_images.o(.constdata)
    sevenHeightPixels                        0x0000239f   Data           1  hw3_images.o(.constdata)
    eightBitmaps                             0x000023a0   Data          90  hw3_images.o(.constdata)
    eightWidthPixels                         0x000023fa   Data           1  hw3_images.o(.constdata)
    eightHeightPixels                        0x000023fb   Data           1  hw3_images.o(.constdata)
    nineBitmaps                              0x000023fc   Data          90  hw3_images.o(.constdata)
    nineWidthPixels                          0x00002456   Data           1  hw3_images.o(.constdata)
    nineHeightPixels                         0x00002457   Data           1  hw3_images.o(.constdata)
    Region$$Table$$Base                      0x00002458   Number         0  anon$$obj.o(Region$$Table)
    Region$$Table$$Limit                     0x00002478   Number         0  anon$$obj.o(Region$$Table)
    SHIP_X_COORD                             0x20000002   Data           2  hw3.o(.data)
    SHIP_Y_COORD                             0x20000004   Data           2  hw3.o(.data)
    galaga_enemy_X_COORD                     0x20000006   Data           2  hw3.o(.data)
    galaga_enemy_Y_COORD                     0x20000008   Data           2  hw3.o(.data)
    laser_X_COORD                            0x2000000a   Data           2  hw3.o(.data)
    laser_Y_COORD                            0x2000000c   Data           2  hw3.o(.data)
    MOVE_INVADER                             0x2000000e   Data           1  hw3.o(.data)
    MOVE_SHIP                                0x2000000f   Data           1  hw3.o(.data)
    STUDENT_NAME                             0x20000010   Data          12  hw3.o(.data)
    direction                                0x2000001c   Data           1  hw3_interrupts.o(.data)
    SystemCoreClock                          0x20000024   Data           4  system_tm4c123.o(.data)
    __initial_sp                             0x20000228   Data           0  startup_tm4c123.o(STACK)



==============================================================================

Memory Map of the image

  Image Entry point : 0x00001a89

  Load Region LR_1 (Base: 0x00000000, Size: 0x000024a0, Max: 0xffffffff, ABSOLUTE)

    Execution Region ER_RO (Exec base: 0x00000000, Load base: 0x00000000, Size: 0x00002478, Max: 0xffffffff, ABSOLUTE)

    Exec Addr    Load Addr    Size         Type   Attr      Idx    E Section Name        Object

    0x00000000   0x00000000   0x0000026c   Data   RO          499    RESET               startup_tm4c123.o
    0x0000026c   0x0000026c   0x00000000   Code   RO          590  * .ARM.Collect$$$$00000000  mc_w.l(entry.o)
    0x0000026c   0x0000026c   0x00000004   Code   RO          593    .ARM.Collect$$$$00000001  mc_w.l(entry2.o)
    0x00000270   0x00000270   0x00000004   Code   RO          596    .ARM.Collect$$$$00000004  mc_w.l(entry5.o)
    0x00000274   0x00000274   0x00000000   Code   RO          598    .ARM.Collect$$$$00000008  mc_w.l(entry7b.o)
    0x00000274   0x00000274   0x00000000   Code   RO          600    .ARM.Collect$$$$0000000A  mc_w.l(entry8b.o)
    0x00000274   0x00000274   0x00000008   Code   RO          601    .ARM.Collect$$$$0000000B  mc_w.l(entry9a.o)
    0x0000027c   0x0000027c   0x00000000   Code   RO          603    .ARM.Collect$$$$0000000D  mc_w.l(entry10a.o)
    0x0000027c   0x0000027c   0x00000000   Code   RO          605    .ARM.Collect$$$$0000000F  mc_w.l(entry11a.o)
    0x0000027c   0x0000027c   0x00000004   Code   RO          594    .ARM.Collect$$$$00002712  mc_w.l(entry2.o)
    0x00000280   0x00000280   0x00000090   Code   RO            4    .text               main.o
    0x00000310   0x00000310   0x00000080   Code   RO          120    .text               hw3_staff.o
    0x00000390   0x00000390   0x00000554   Code   RO          147    .text               hw3.o
    0x000008e4   0x000008e4   0x000001b0   Code   RO          181    .text               hw3_interrupts.o
    0x00000a94   0x00000a94   0x00000298   Code   RO          221    .text               gpio_port.o
    0x00000d2c   0x00000d2c   0x00000178   Code   RO          245    .text               timers.o
    0x00000ea4   0x00000ea4   0x0000019c   Code   RO          293    .text               spi.o
    0x00001040   0x00001040   0x00000208   Code   RO          317    .text               i2c.o
    0x00001248   0x00001248   0x00000494   Code   RO          344    .text               lcd.o
    0x000016dc   0x000016dc   0x000001a0   Code   RO          398    .text               accel.o
    0x0000187c   0x0000187c   0x000000a4   Code   RO          422    .text               spi_select.o
    0x00001920   0x00001920   0x00000168   Code   RO          473    .text               mcp23017.o
    0x00001a88   0x00001a88   0x000000fc   Code   RO          500  * .text               startup_tm4c123.o
    0x00001b84   0x00001b84   0x0000024c   Code   RO          507    .text               system_tm4c123.o
    0x00001dd0   0x00001dd0   0x00000150   Code   RO          537    .text               hw3_f18.lib(hw2.o)
    0x00001f20   0x00001f20   0x00000024   Code   RO          607    .text               mc_w.l(init.o)
    0x00001f44   0x00001f44   0x0000000e   Code   RO          611    i.__scatterload_copy  mc_w.l(handlers.o)
    0x00001f52   0x00001f52   0x00000002   Code   RO          612    i.__scatterload_null  mc_w.l(handlers.o)
    0x00001f54   0x00001f54   0x0000000e   Code   RO          613    i.__scatterload_zeroinit  mc_w.l(handlers.o)
    0x00001f62   0x00001f62   0x00000002   PAD
    0x00001f64   0x00001f64   0x0000003c   Code   RO          362    i.lcd_write_data_u16  lcd.o
    0x00001fa0   0x00001fa0   0x00000014   Data   RO          121    .constdata          hw3_staff.o
    0x00001fb4   0x00001fb4   0x000004a4   Data   RO          205    .constdata          hw3_images.o
    0x00002458   0x00002458   0x00000020   Data   RO          609    Region$$Table       anon$$obj.o


    Execution Region ER_RW (Exec base: 0x20000000, Load base: 0x00002478, Size: 0x00000028, Max: 0xffffffff, ABSOLUTE)

    Exec Addr    Load Addr    Size         Type   Attr      Idx    E Section Name        Object

    0x20000000   0x00002478   0x00000002   Data   RW          122    .data               hw3_staff.o
    0x20000002   0x0000247a   0x0000001a   Data   RW          148    .data               hw3.o
    0x2000001c   0x00002494   0x00000006   Data   RW          182    .data               hw3_interrupts.o
    0x20000022   0x0000249a   0x00000002   PAD
    0x20000024   0x0000249c   0x00000004   Data   RW          508    .data               system_tm4c123.o


    Execution Region ER_ZI (Exec base: 0x20000028, Load base: 0x000024a0, Size: 0x00000200, Max: 0xffffffff, ABSOLUTE)

    Exec Addr    Load Addr    Size         Type   Attr      Idx    E Section Name        Object

    0x20000028        -       0x00000200   Zero   RW          497    STACK               startup_tm4c123.o


==============================================================================

Image component sizes


      Code (inc. data)   RO Data    RW Data    ZI Data      Debug   Object Name

       416          8          0          0          0       2118   accel.o
       664         32          0          0          0       5154   gpio_port.o
      1364        126          0         26          0      34998   hw3.o
         0          0       1188          0          0       2391   hw3_images.o
       432         72          0          6          0       1766   hw3_interrupts.o
       128         12         20          2          0       1772   hw3_staff.o
       520         24          0          0          0       4365   i2c.o
      1232         36          0          0          0       3801   lcd.o
       144        102          0          0          0      28423   main.o
       360          6          0          0          0       1899   mcp23017.o
       412         26          0          0          0       1881   spi.o
       164         10          0          0          0        873   spi_select.o
       252         10        620          0        512       5440   startup_tm4c123.o
       588        134          0          4          0       1553   system_tm4c123.o
       376         18          0          0          0       2095   timers.o

    ----------------------------------------------------------------------
      7052        616       1860         40        512      98529   Object Totals
         0          0         32          0          0          0   (incl. Generated)
         0          0          0          2          0          0   (incl. Padding)

    ----------------------------------------------------------------------

      Code (inc. data)   RO Data    RW Data    ZI Data      Debug   Library Member Name

       336         18          0          0          0       1619   hw2.o
         0          0          0          0          0          0   entry.o
         0          0          0          0          0          0   entry10a.o
         0          0          0          0          0          0   entry11a.o
         8          4          0          0          0          0   entry2.o
         4          0          0          0          0          0   entry5.o
         0          0          0          0          0          0   entry7b.o
         0          0          0          0          0          0   entry8b.o
         8          4          0          0          0          0   entry9a.o
        30          0          0          0          0          0   handlers.o
        36          8          0          0          0         68   init.o

    ----------------------------------------------------------------------
       424         34          0          0          0       1687   Library Totals
         2          0          0          0          0          0   (incl. Padding)

    ----------------------------------------------------------------------

      Code (inc. data)   RO Data    RW Data    ZI Data      Debug   Library Name

       336         18          0          0          0       1619   hw3_f18.lib
        86         16          0          0          0         68   mc_w.l

    ----------------------------------------------------------------------
       424         34          0          0          0       1687   Library Totals

    ----------------------------------------------------------------------

==============================================================================


      Code (inc. data)   RO Data    RW Data    ZI Data      Debug   

      7476        650       1860         40        512      98320   Grand Totals
      7476        650       1860         40        512      98320   ELF Image Totals
      7476        650       1860         40          0          0   ROM Totals

==============================================================================

    Total RO  Size (Code + RO Data)                 9336 (   9.12kB)
    Total RW  Size (RW Data + ZI Data)               552 (   0.54kB)
    Total ROM Size (Code + RO Data + RW Data)       9376 (   9.16kB)

==============================================================================

