Component: ARM Compiler 5.06 update 6 (build 750) Tool: armlink [4d35ed]

==============================================================================

Section Cross References

    main.o(.text) refers to hw3.o(.text) for hw3_main
    hw3_staff.o(.text) refers to hw3_staff.o(.data) for lfsr
    hw3_staff.o(.text) refers to hw3_staff.o(.constdata) for MOV_DIR
    hw3.o(.text) refers to lcd.o(.text) for lcd_draw_image
    hw3.o(.text) refers to hw3.o(.bss) for galaga_enemy_array
    hw3.o(.text) refers to hw3.o(.data) for won
    hw3.o(.text) refers to hw3_images.o(.constdata) for laserWidth
    hw3.o(.text) refers to eeprom.o(.text) for eeprom_byte_read
    hw3.o(.text) refers to printf3.o(i.__0printf$3) for __2printf
    hw3.o(.text) refers to memseta.o(.text) for __aeabi_memclr4
    hw3.o(.text) refers to strcpy.o(.text) for strcpy
    hw3.o(.text) refers to gpio_port.o(.text) for gpio_enable_port
    hw3.o(.text) refers to accel.o(.text) for accel_initialize
    hw3.o(.text) refers to mcp23017.o(.text) for mcp23017_init
    hw3.o(.text) refers to timers.o(.text) for gp_timer_config_32
    hw3.o(.text) refers to serial_debug.o(.text) for init_serial_debug
    hw3.o(.text) refers to launchpad_io.o(.text) for lp_io_init
    hw3.o(.text) refers to ft6x06.o(.text) for ft6x06_init
    hw3_interrupts.o(.text) refers to hw3.o(.text) for contact_edge
    hw3_interrupts.o(.text) refers to accel.o(.text) for accel_read_x
    hw3_interrupts.o(.text) refers to mcp23017.o(.text) for read_button
    hw3_interrupts.o(.text) refers to launchpad_io.o(.text) for lp_io_read_pin
    hw3_interrupts.o(.text) refers to hw3_images.o(.constdata) for shipWidthPixels
    hw3_interrupts.o(.text) refers to hw3.o(.data) for SHIP_Y_COORD
    hw3_interrupts.o(.text) refers to hw3_interrupts.o(.data) for direction
    hw3_interrupts.o(.text) refers to hw3.o(.bss) for galaga_enemy_array
    pc_buffer.o(.text) refers to malloc.o(i.malloc) for malloc
    lcd.o(.text) refers to lcd.o(i.lcd_write_data_u16) for lcd_write_data_u16
    lcd.o(.text) refers to gpio_port.o(.text) for gpio_enable_port
    ps2.o(.text) refers to adc.o(.text) for initialize_adc
    accel.o(.text) refers to spi.o(.text) for spiTx
    accel.o(.text) refers to spi_select.o(.text) for spi_select_init
    accel.o(.text) refers to gpio_port.o(.text) for gpio_enable_port
    spi_select.o(.text) refers to gpio_port.o(.text) for gpio_enable_port
    eeprom.o(.text) refers to i2c.o(.text) for i2cVerifyBaseAddr
    eeprom.o(.text) refers to gpio_port.o(.text) for gpio_enable_port
    mcp23017.o(.text) refers to i2c.o(.text) for I2CMasterBusy
    mcp23017.o(.text) refers to gpio_port.o(.text) for gpio_enable_port
    serial_debug.o(.text) refers to gpio_port.o(.text) for gpio_enable_port
    serial_debug.o(.text) refers to pc_buffer.o(.text) for pc_buffer_init
    serial_debug.o(.text) refers to uart.o(.text) for uart_init
    serial_debug.o(.text) refers to serial_debug.o(.data) for Rx_Interrupts_Enabled
    serial_debug.o(.text) refers to serial_debug.o(.bss) for UART0_Tx_Buffer
    serial_debug.o(.text) refers to stdout.o(.data) for __stdout
    ft6x06.o(.text) refers to i2c.o(.text) for I2CMasterBusy
    ft6x06.o(.text) refers to gpio_port.o(.text) for gpio_enable_port
    startup_tm4c123.o(RESET) refers to startup_tm4c123.o(STACK) for __initial_sp
    startup_tm4c123.o(RESET) refers to startup_tm4c123.o(.text) for Reset_Handler
    startup_tm4c123.o(RESET) refers to serial_debug.o(.text) for UART0_Handler
    startup_tm4c123.o(RESET) refers to hw3_interrupts.o(.text) for TIMER2A_Handler
    startup_tm4c123.o(.text) refers to system_tm4c123.o(.text) for SystemInit
    startup_tm4c123.o(.text) refers to entry.o(.ARM.Collect$$$$00000000) for __main
    system_tm4c123.o(.text) refers to system_tm4c123.o(.data) for SystemCoreClock
    entry.o(.ARM.Collect$$$$00000000) refers (Special) to entry10a.o(.ARM.Collect$$$$0000000D) for __rt_final_cpp
    entry.o(.ARM.Collect$$$$00000000) refers (Special) to entry11a.o(.ARM.Collect$$$$0000000F) for __rt_final_exit
    entry.o(.ARM.Collect$$$$00000000) refers (Special) to entry7b.o(.ARM.Collect$$$$00000008) for _main_clock
    entry.o(.ARM.Collect$$$$00000000) refers (Special) to entry8b.o(.ARM.Collect$$$$0000000A) for _main_cpp_init
    entry.o(.ARM.Collect$$$$00000000) refers (Special) to entry9a.o(.ARM.Collect$$$$0000000B) for _main_init
    entry.o(.ARM.Collect$$$$00000000) refers (Special) to entry5.o(.ARM.Collect$$$$00000004) for _main_scatterload
    entry.o(.ARM.Collect$$$$00000000) refers (Special) to entry2.o(.ARM.Collect$$$$00000001) for _main_stk
    printfb.o(i.__0fprintf$bare) refers to printfb.o(i._printf_core) for _printf_core
    printfb.o(i.__0fprintf$bare) refers to serial_debug.o(.text) for fputc
    printfb.o(i.__0printf$bare) refers to printfb.o(i._printf_core) for _printf_core
    printfb.o(i.__0printf$bare) refers to serial_debug.o(.text) for fputc
    printfb.o(i.__0printf$bare) refers to stdout.o(.data) for __stdout
    printfb.o(i.__0snprintf$bare) refers to printfb.o(i._printf_core) for _printf_core
    printfb.o(i.__0snprintf$bare) refers to printfb.o(i._snputc) for _snputc
    printfb.o(i.__0sprintf$bare) refers to printfb.o(i._printf_core) for _printf_core
    printfb.o(i.__0sprintf$bare) refers to printfb.o(i._sputc) for _sputc
    printfb.o(i.__0vfprintf$bare) refers to printfb.o(i._printf_core) for _printf_core
    printfb.o(i.__0vfprintf$bare) refers to serial_debug.o(.text) for fputc
    printfb.o(i.__0vprintf$bare) refers to printfb.o(i._printf_core) for _printf_core
    printfb.o(i.__0vprintf$bare) refers to serial_debug.o(.text) for fputc
    printfb.o(i.__0vprintf$bare) refers to stdout.o(.data) for __stdout
    printfb.o(i.__0vsnprintf$bare) refers to printfb.o(i._printf_core) for _printf_core
    printfb.o(i.__0vsnprintf$bare) refers to printfb.o(i._snputc) for _snputc
    printfb.o(i.__0vsprintf$bare) refers to printfb.o(i._printf_core) for _printf_core
    printfb.o(i.__0vsprintf$bare) refers to printfb.o(i._sputc) for _sputc
    printf0.o(i.__0fprintf$0) refers to printf0.o(i._printf_core) for _printf_core
    printf0.o(i.__0fprintf$0) refers to serial_debug.o(.text) for fputc
    printf0.o(i.__0printf$0) refers to printf0.o(i._printf_core) for _printf_core
    printf0.o(i.__0printf$0) refers to serial_debug.o(.text) for fputc
    printf0.o(i.__0printf$0) refers to stdout.o(.data) for __stdout
    printf0.o(i.__0snprintf$0) refers to printf0.o(i._printf_core) for _printf_core
    printf0.o(i.__0snprintf$0) refers to printf0.o(i._snputc) for _snputc
    printf0.o(i.__0sprintf$0) refers to printf0.o(i._printf_core) for _printf_core
    printf0.o(i.__0sprintf$0) refers to printf0.o(i._sputc) for _sputc
    printf0.o(i.__0vfprintf$0) refers to printf0.o(i._printf_core) for _printf_core
    printf0.o(i.__0vfprintf$0) refers to serial_debug.o(.text) for fputc
    printf0.o(i.__0vprintf$0) refers to printf0.o(i._printf_core) for _printf_core
    printf0.o(i.__0vprintf$0) refers to serial_debug.o(.text) for fputc
    printf0.o(i.__0vprintf$0) refers to stdout.o(.data) for __stdout
    printf0.o(i.__0vsnprintf$0) refers to printf0.o(i._printf_core) for _printf_core
    printf0.o(i.__0vsnprintf$0) refers to printf0.o(i._snputc) for _snputc
    printf0.o(i.__0vsprintf$0) refers to printf0.o(i._printf_core) for _printf_core
    printf0.o(i.__0vsprintf$0) refers to printf0.o(i._sputc) for _sputc
    printf1.o(i.__0fprintf$1) refers to printf1.o(i._printf_core) for _printf_core
    printf1.o(i.__0fprintf$1) refers to serial_debug.o(.text) for fputc
    printf1.o(i.__0printf$1) refers to printf1.o(i._printf_core) for _printf_core
    printf1.o(i.__0printf$1) refers to serial_debug.o(.text) for fputc
    printf1.o(i.__0printf$1) refers to stdout.o(.data) for __stdout
    printf1.o(i.__0snprintf$1) refers to printf1.o(i._printf_core) for _printf_core
    printf1.o(i.__0snprintf$1) refers to printf1.o(i._snputc) for _snputc
    printf1.o(i.__0sprintf$1) refers to printf1.o(i._printf_core) for _printf_core
    printf1.o(i.__0sprintf$1) refers to printf1.o(i._sputc) for _sputc
    printf1.o(i.__0vfprintf$1) refers to printf1.o(i._printf_core) for _printf_core
    printf1.o(i.__0vfprintf$1) refers to serial_debug.o(.text) for fputc
    printf1.o(i.__0vprintf$1) refers to printf1.o(i._printf_core) for _printf_core
    printf1.o(i.__0vprintf$1) refers to serial_debug.o(.text) for fputc
    printf1.o(i.__0vprintf$1) refers to stdout.o(.data) for __stdout
    printf1.o(i.__0vsnprintf$1) refers to printf1.o(i._printf_core) for _printf_core
    printf1.o(i.__0vsnprintf$1) refers to printf1.o(i._snputc) for _snputc
    printf1.o(i.__0vsprintf$1) refers to printf1.o(i._printf_core) for _printf_core
    printf1.o(i.__0vsprintf$1) refers to printf1.o(i._sputc) for _sputc
    printf1.o(i._printf_core) refers to uidiv.o(.text) for __aeabi_uidivmod
    printf2.o(i.__0fprintf$2) refers to printf2.o(i._printf_core) for _printf_core
    printf2.o(i.__0fprintf$2) refers to serial_debug.o(.text) for fputc
    printf2.o(i.__0printf$2) refers to printf2.o(i._printf_core) for _printf_core
    printf2.o(i.__0printf$2) refers to serial_debug.o(.text) for fputc
    printf2.o(i.__0printf$2) refers to stdout.o(.data) for __stdout
    printf2.o(i.__0snprintf$2) refers to printf2.o(i._printf_core) for _printf_core
    printf2.o(i.__0snprintf$2) refers to printf2.o(i._snputc) for _snputc
    printf2.o(i.__0sprintf$2) refers to printf2.o(i._printf_core) for _printf_core
    printf2.o(i.__0sprintf$2) refers to printf2.o(i._sputc) for _sputc
    printf2.o(i.__0vfprintf$2) refers to printf2.o(i._printf_core) for _printf_core
    printf2.o(i.__0vfprintf$2) refers to serial_debug.o(.text) for fputc
    printf2.o(i.__0vprintf$2) refers to printf2.o(i._printf_core) for _printf_core
    printf2.o(i.__0vprintf$2) refers to serial_debug.o(.text) for fputc
    printf2.o(i.__0vprintf$2) refers to stdout.o(.data) for __stdout
    printf2.o(i.__0vsnprintf$2) refers to printf2.o(i._printf_core) for _printf_core
    printf2.o(i.__0vsnprintf$2) refers to printf2.o(i._snputc) for _snputc
    printf2.o(i.__0vsprintf$2) refers to printf2.o(i._printf_core) for _printf_core
    printf2.o(i.__0vsprintf$2) refers to printf2.o(i._sputc) for _sputc
    printf3.o(i.__0fprintf$3) refers to printf3.o(i._printf_core) for _printf_core
    printf3.o(i.__0fprintf$3) refers to serial_debug.o(.text) for fputc
    printf3.o(i.__0printf$3) refers to printf3.o(i._printf_core) for _printf_core
    printf3.o(i.__0printf$3) refers to serial_debug.o(.text) for fputc
    printf3.o(i.__0printf$3) refers to stdout.o(.data) for __stdout
    printf3.o(i.__0snprintf$3) refers to printf3.o(i._printf_core) for _printf_core
    printf3.o(i.__0snprintf$3) refers to printf3.o(i._snputc) for _snputc
    printf3.o(i.__0sprintf$3) refers to printf3.o(i._printf_core) for _printf_core
    printf3.o(i.__0sprintf$3) refers to printf3.o(i._sputc) for _sputc
    printf3.o(i.__0vfprintf$3) refers to printf3.o(i._printf_core) for _printf_core
    printf3.o(i.__0vfprintf$3) refers to serial_debug.o(.text) for fputc
    printf3.o(i.__0vprintf$3) refers to printf3.o(i._printf_core) for _printf_core
    printf3.o(i.__0vprintf$3) refers to serial_debug.o(.text) for fputc
    printf3.o(i.__0vprintf$3) refers to stdout.o(.data) for __stdout
    printf3.o(i.__0vsnprintf$3) refers to printf3.o(i._printf_core) for _printf_core
    printf3.o(i.__0vsnprintf$3) refers to printf3.o(i._snputc) for _snputc
    printf3.o(i.__0vsprintf$3) refers to printf3.o(i._printf_core) for _printf_core
    printf3.o(i.__0vsprintf$3) refers to printf3.o(i._sputc) for _sputc
    printf3.o(i._printf_core) refers to uidiv.o(.text) for __aeabi_uidivmod
    printf4.o(i.__0fprintf$4) refers to printf4.o(i._printf_core) for _printf_core
    printf4.o(i.__0fprintf$4) refers to serial_debug.o(.text) for fputc
    printf4.o(i.__0printf$4) refers to printf4.o(i._printf_core) for _printf_core
    printf4.o(i.__0printf$4) refers to serial_debug.o(.text) for fputc
    printf4.o(i.__0printf$4) refers to stdout.o(.data) for __stdout
    printf4.o(i.__0snprintf$4) refers to printf4.o(i._printf_core) for _printf_core
    printf4.o(i.__0snprintf$4) refers to printf4.o(i._snputc) for _snputc
    printf4.o(i.__0sprintf$4) refers to printf4.o(i._printf_core) for _printf_core
    printf4.o(i.__0sprintf$4) refers to printf4.o(i._sputc) for _sputc
    printf4.o(i.__0vfprintf$4) refers to printf4.o(i._printf_core) for _printf_core
    printf4.o(i.__0vfprintf$4) refers to serial_debug.o(.text) for fputc
    printf4.o(i.__0vprintf$4) refers to printf4.o(i._printf_core) for _printf_core
    printf4.o(i.__0vprintf$4) refers to serial_debug.o(.text) for fputc
    printf4.o(i.__0vprintf$4) refers to stdout.o(.data) for __stdout
    printf4.o(i.__0vsnprintf$4) refers to printf4.o(i._printf_core) for _printf_core
    printf4.o(i.__0vsnprintf$4) refers to printf4.o(i._snputc) for _snputc
    printf4.o(i.__0vsprintf$4) refers to printf4.o(i._printf_core) for _printf_core
    printf4.o(i.__0vsprintf$4) refers to printf4.o(i._sputc) for _sputc
    printf4.o(i._printf_core) refers to uldiv.o(.text) for __aeabi_uldivmod
    printf5.o(i.__0fprintf$5) refers to printf5.o(i._printf_core) for _printf_core
    printf5.o(i.__0fprintf$5) refers to serial_debug.o(.text) for fputc
    printf5.o(i.__0printf$5) refers to printf5.o(i._printf_core) for _printf_core
    printf5.o(i.__0printf$5) refers to serial_debug.o(.text) for fputc
    printf5.o(i.__0printf$5) refers to stdout.o(.data) for __stdout
    printf5.o(i.__0snprintf$5) refers to printf5.o(i._printf_core) for _printf_core
    printf5.o(i.__0snprintf$5) refers to printf5.o(i._snputc) for _snputc
    printf5.o(i.__0sprintf$5) refers to printf5.o(i._printf_core) for _printf_core
    printf5.o(i.__0sprintf$5) refers to printf5.o(i._sputc) for _sputc
    printf5.o(i.__0vfprintf$5) refers to printf5.o(i._printf_core) for _printf_core
    printf5.o(i.__0vfprintf$5) refers to serial_debug.o(.text) for fputc
    printf5.o(i.__0vprintf$5) refers to printf5.o(i._printf_core) for _printf_core
    printf5.o(i.__0vprintf$5) refers to serial_debug.o(.text) for fputc
    printf5.o(i.__0vprintf$5) refers to stdout.o(.data) for __stdout
    printf5.o(i.__0vsnprintf$5) refers to printf5.o(i._printf_core) for _printf_core
    printf5.o(i.__0vsnprintf$5) refers to printf5.o(i._snputc) for _snputc
    printf5.o(i.__0vsprintf$5) refers to printf5.o(i._printf_core) for _printf_core
    printf5.o(i.__0vsprintf$5) refers to printf5.o(i._sputc) for _sputc
    printf5.o(i._printf_core) refers to uldiv.o(.text) for __aeabi_uldivmod
    printf6.o(i.__0fprintf$6) refers to printf6.o(i._printf_core) for _printf_core
    printf6.o(i.__0fprintf$6) refers to serial_debug.o(.text) for fputc
    printf6.o(i.__0printf$6) refers to printf6.o(i._printf_core) for _printf_core
    printf6.o(i.__0printf$6) refers to serial_debug.o(.text) for fputc
    printf6.o(i.__0printf$6) refers to stdout.o(.data) for __stdout
    printf6.o(i.__0snprintf$6) refers to printf6.o(i._printf_core) for _printf_core
    printf6.o(i.__0snprintf$6) refers to printf6.o(i._snputc) for _snputc
    printf6.o(i.__0sprintf$6) refers to printf6.o(i._printf_core) for _printf_core
    printf6.o(i.__0sprintf$6) refers to printf6.o(i._sputc) for _sputc
    printf6.o(i.__0vfprintf$6) refers to printf6.o(i._printf_core) for _printf_core
    printf6.o(i.__0vfprintf$6) refers to serial_debug.o(.text) for fputc
    printf6.o(i.__0vprintf$6) refers to printf6.o(i._printf_core) for _printf_core
    printf6.o(i.__0vprintf$6) refers to serial_debug.o(.text) for fputc
    printf6.o(i.__0vprintf$6) refers to stdout.o(.data) for __stdout
    printf6.o(i.__0vsnprintf$6) refers to printf6.o(i._printf_core) for _printf_core
    printf6.o(i.__0vsnprintf$6) refers to printf6.o(i._snputc) for _snputc
    printf6.o(i.__0vsprintf$6) refers to printf6.o(i._printf_core) for _printf_core
    printf6.o(i.__0vsprintf$6) refers to printf6.o(i._sputc) for _sputc
    printf6.o(i._printf_core) refers to printf6.o(i._printf_pre_padding) for _printf_pre_padding
    printf6.o(i._printf_core) refers to uidiv.o(.text) for __aeabi_uidivmod
    printf6.o(i._printf_core) refers to printf6.o(i._printf_post_padding) for _printf_post_padding
    printf7.o(i.__0fprintf$7) refers to printf7.o(i._printf_core) for _printf_core
    printf7.o(i.__0fprintf$7) refers to serial_debug.o(.text) for fputc
    printf7.o(i.__0printf$7) refers to printf7.o(i._printf_core) for _printf_core
    printf7.o(i.__0printf$7) refers to serial_debug.o(.text) for fputc
    printf7.o(i.__0printf$7) refers to stdout.o(.data) for __stdout
    printf7.o(i.__0snprintf$7) refers to printf7.o(i._printf_core) for _printf_core
    printf7.o(i.__0snprintf$7) refers to printf7.o(i._snputc) for _snputc
    printf7.o(i.__0sprintf$7) refers to printf7.o(i._printf_core) for _printf_core
    printf7.o(i.__0sprintf$7) refers to printf7.o(i._sputc) for _sputc
    printf7.o(i.__0vfprintf$7) refers to printf7.o(i._printf_core) for _printf_core
    printf7.o(i.__0vfprintf$7) refers to serial_debug.o(.text) for fputc
    printf7.o(i.__0vprintf$7) refers to printf7.o(i._printf_core) for _printf_core
    printf7.o(i.__0vprintf$7) refers to serial_debug.o(.text) for fputc
    printf7.o(i.__0vprintf$7) refers to stdout.o(.data) for __stdout
    printf7.o(i.__0vsnprintf$7) refers to printf7.o(i._printf_core) for _printf_core
    printf7.o(i.__0vsnprintf$7) refers to printf7.o(i._snputc) for _snputc
    printf7.o(i.__0vsprintf$7) refers to printf7.o(i._printf_core) for _printf_core
    printf7.o(i.__0vsprintf$7) refers to printf7.o(i._sputc) for _sputc
    printf7.o(i._printf_core) refers to printf7.o(i._printf_pre_padding) for _printf_pre_padding
    printf7.o(i._printf_core) refers to uldiv.o(.text) for __aeabi_uldivmod
    printf7.o(i._printf_core) refers to printf7.o(i._printf_post_padding) for _printf_post_padding
    printf8.o(i.__0fprintf$8) refers to printf8.o(i._printf_core) for _printf_core
    printf8.o(i.__0fprintf$8) refers to serial_debug.o(.text) for fputc
    printf8.o(i.__0printf$8) refers to printf8.o(i._printf_core) for _printf_core
    printf8.o(i.__0printf$8) refers to serial_debug.o(.text) for fputc
    printf8.o(i.__0printf$8) refers to stdout.o(.data) for __stdout
    printf8.o(i.__0snprintf$8) refers to printf8.o(i._printf_core) for _printf_core
    printf8.o(i.__0snprintf$8) refers to printf8.o(i._snputc) for _snputc
    printf8.o(i.__0sprintf$8) refers to printf8.o(i._printf_core) for _printf_core
    printf8.o(i.__0sprintf$8) refers to printf8.o(i._sputc) for _sputc
    printf8.o(i.__0vfprintf$8) refers to printf8.o(i._printf_core) for _printf_core
    printf8.o(i.__0vfprintf$8) refers to serial_debug.o(.text) for fputc
    printf8.o(i.__0vprintf$8) refers to printf8.o(i._printf_core) for _printf_core
    printf8.o(i.__0vprintf$8) refers to serial_debug.o(.text) for fputc
    printf8.o(i.__0vprintf$8) refers to stdout.o(.data) for __stdout
    printf8.o(i.__0vsnprintf$8) refers to printf8.o(i._printf_core) for _printf_core
    printf8.o(i.__0vsnprintf$8) refers to printf8.o(i._snputc) for _snputc
    printf8.o(i.__0vsprintf$8) refers to printf8.o(i._printf_core) for _printf_core
    printf8.o(i.__0vsprintf$8) refers to printf8.o(i._sputc) for _sputc
    printf8.o(i._printf_core) refers to printf8.o(i._printf_pre_padding) for _printf_pre_padding
    printf8.o(i._printf_core) refers to uldiv.o(.text) for __aeabi_uldivmod
    printf8.o(i._printf_core) refers to printf8.o(i._printf_post_padding) for _printf_post_padding
    printfa.o(i.__0fprintf) refers (Special) to iusefp.o(.text) for __I$use$fp
    printfa.o(i.__0fprintf) refers to printfa.o(i._printf_core) for _printf_core
    printfa.o(i.__0fprintf) refers to serial_debug.o(.text) for fputc
    printfa.o(i.__0printf) refers (Special) to iusefp.o(.text) for __I$use$fp
    printfa.o(i.__0printf) refers to printfa.o(i._printf_core) for _printf_core
    printfa.o(i.__0printf) refers to serial_debug.o(.text) for fputc
    printfa.o(i.__0printf) refers to stdout.o(.data) for __stdout
    printfa.o(i.__0snprintf) refers (Special) to iusefp.o(.text) for __I$use$fp
    printfa.o(i.__0snprintf) refers to printfa.o(i._printf_core) for _printf_core
    printfa.o(i.__0snprintf) refers to printfa.o(i._snputc) for _snputc
    printfa.o(i.__0sprintf) refers (Special) to iusefp.o(.text) for __I$use$fp
    printfa.o(i.__0sprintf) refers to printfa.o(i._printf_core) for _printf_core
    printfa.o(i.__0sprintf) refers to printfa.o(i._sputc) for _sputc
    printfa.o(i.__0vfprintf) refers (Special) to iusefp.o(.text) for __I$use$fp
    printfa.o(i.__0vfprintf) refers to printfa.o(i._printf_core) for _printf_core
    printfa.o(i.__0vfprintf) refers to serial_debug.o(.text) for fputc
    printfa.o(i.__0vprintf) refers (Special) to iusefp.o(.text) for __I$use$fp
    printfa.o(i.__0vprintf) refers to printfa.o(i._printf_core) for _printf_core
    printfa.o(i.__0vprintf) refers to serial_debug.o(.text) for fputc
    printfa.o(i.__0vprintf) refers to stdout.o(.data) for __stdout
    printfa.o(i.__0vsnprintf) refers (Special) to iusefp.o(.text) for __I$use$fp
    printfa.o(i.__0vsnprintf) refers to printfa.o(i._printf_core) for _printf_core
    printfa.o(i.__0vsnprintf) refers to printfa.o(i._snputc) for _snputc
    printfa.o(i.__0vsprintf) refers (Special) to iusefp.o(.text) for __I$use$fp
    printfa.o(i.__0vsprintf) refers to printfa.o(i._printf_core) for _printf_core
    printfa.o(i.__0vsprintf) refers to printfa.o(i._sputc) for _sputc
    printfa.o(i._fp_digits) refers (Special) to iusefp.o(.text) for __I$use$fp
    printfa.o(i._fp_digits) refers to dmul.o(.text) for __aeabi_dmul
    printfa.o(i._fp_digits) refers to ddiv.o(.text) for __aeabi_ddiv
    printfa.o(i._fp_digits) refers to cdrcmple.o(.text) for __aeabi_cdrcmple
    printfa.o(i._fp_digits) refers to dadd.o(.text) for __aeabi_dadd
    printfa.o(i._fp_digits) refers to dfixul.o(.text) for __aeabi_d2ulz
    printfa.o(i._fp_digits) refers to uldiv.o(.text) for __aeabi_uldivmod
    printfa.o(i._printf_core) refers (Special) to iusefp.o(.text) for __I$use$fp
    printfa.o(i._printf_core) refers to printfa.o(i._printf_pre_padding) for _printf_pre_padding
    printfa.o(i._printf_core) refers to uldiv.o(.text) for __aeabi_uldivmod
    printfa.o(i._printf_core) refers to printfa.o(i._printf_post_padding) for _printf_post_padding
    printfa.o(i._printf_core) refers to printfa.o(i._fp_digits) for _fp_digits
    printfa.o(i._printf_core) refers to uidiv.o(.text) for __aeabi_uidivmod
    printfa.o(i._printf_post_padding) refers (Special) to iusefp.o(.text) for __I$use$fp
    printfa.o(i._printf_pre_padding) refers (Special) to iusefp.o(.text) for __I$use$fp
    printfa.o(i._snputc) refers (Special) to iusefp.o(.text) for __I$use$fp
    printfa.o(i._sputc) refers (Special) to iusefp.o(.text) for __I$use$fp
    malloc.o(i.free) refers to mvars.o(.data) for __microlib_freelist
    malloc.o(i.malloc) refers to mvars.o(.data) for __microlib_freelist_initialised
    malloc.o(i.malloc) refers to mvars.o(.data) for __microlib_freelist
    malloc.o(i.malloc) refers to startup_tm4c123.o(HEAP) for __heap_base
    mallocr.o(i.__free$realloc) refers to mvars.o(.data) for __microlib_freelist
    mallocr.o(i.__malloc$realloc) refers to mallocr.o(i.internal_alloc) for internal_alloc
    mallocr.o(i.__malloc$realloc) refers to mvars.o(.data) for __microlib_freelist_initialised
    mallocr.o(i.__malloc$realloc) refers to startup_tm4c123.o(HEAP) for __heap_base
    mallocr.o(i.__malloc$realloc) refers to mvars.o(.data) for __microlib_freelist
    mallocr.o(i.internal_alloc) refers to memcpya.o(.text) for __aeabi_memcpy
    mallocr.o(i.internal_alloc) refers to mvars.o(.data) for __microlib_freelist
    mallocr.o(i.realloc) refers to mallocr.o(i.__free$realloc) for __free$realloc
    mallocr.o(i.realloc) refers to mallocr.o(i.internal_alloc) for internal_alloc
    mallocr.o(i.realloc) refers to mallocr.o(i.__malloc$realloc) for __malloc$realloc
    mallocr.o(i.realloc) refers to mvars.o(.data) for __microlib_freelist
    malloca.o(i.__aligned_malloc) refers to mvars.o(.data) for __microlib_freelist_initialised
    malloca.o(i.__aligned_malloc) refers to mvars.o(.data) for __microlib_freelist
    malloca.o(i.__aligned_malloc) refers to startup_tm4c123.o(HEAP) for __heap_base
    malloca.o(i.__free$memalign) refers to mvars.o(.data) for __microlib_freelist
    malloca.o(i.__malloc$memalign) refers to malloca.o(i.__aligned_malloc) for __aligned_malloc
    mallocra.o(i.__aligned_malloc$realloc) refers to mallocra.o(i.internal_alloc) for internal_alloc
    mallocra.o(i.__aligned_malloc$realloc) refers to mvars.o(.data) for __microlib_freelist_initialised
    mallocra.o(i.__aligned_malloc$realloc) refers to startup_tm4c123.o(HEAP) for __heap_base
    mallocra.o(i.__aligned_malloc$realloc) refers to mvars.o(.data) for __microlib_freelist
    mallocra.o(i.__free$realloc$memalign) refers to mvars.o(.data) for __microlib_freelist
    mallocra.o(i.__malloc$realloc$memalign) refers to mallocra.o(i.__aligned_malloc$realloc) for __aligned_malloc$realloc
    mallocra.o(i.__realloc$memalign) refers to mallocra.o(i.__free$realloc$memalign) for __free$realloc$memalign
    mallocra.o(i.__realloc$memalign) refers to mallocra.o(i.internal_alloc) for internal_alloc
    mallocra.o(i.__realloc$memalign) refers to mallocra.o(i.__malloc$realloc$memalign) for __malloc$realloc$memalign
    mallocra.o(i.__realloc$memalign) refers to mvars.o(.data) for __microlib_freelist
    mallocra.o(i.internal_alloc) refers to memcpya.o(.text) for __aeabi_memcpy
    mallocra.o(i.internal_alloc) refers to mvars.o(.data) for __microlib_freelist
    entry2.o(.ARM.Collect$$$$00000001) refers to entry2.o(.ARM.Collect$$$$00002712) for __lit__00000000
    entry2.o(.ARM.Collect$$$$00002712) refers to startup_tm4c123.o(STACK) for __initial_sp
    entry2.o(__vectab_stack_and_reset_area) refers to startup_tm4c123.o(STACK) for __initial_sp
    entry2.o(__vectab_stack_and_reset_area) refers to entry.o(.ARM.Collect$$$$00000000) for __main
    entry5.o(.ARM.Collect$$$$00000004) refers to init.o(.text) for __scatterload
    entry9a.o(.ARM.Collect$$$$0000000B) refers to main.o(.text) for main
    entry9b.o(.ARM.Collect$$$$0000000C) refers to main.o(.text) for main
    uldiv.o(.text) refers to llushr.o(.text) for __aeabi_llsr
    uldiv.o(.text) refers to llshl.o(.text) for __aeabi_llsl
    dadd.o(.text) refers to llshl.o(.text) for __aeabi_llsl
    dadd.o(.text) refers to llsshr.o(.text) for __aeabi_lasr
    dadd.o(.text) refers to depilogue.o(.text) for _double_epilogue
    dmul.o(.text) refers to depilogue.o(.text) for _double_epilogue
    ddiv.o(.text) refers to depilogue.o(.text) for _double_round
    dfixul.o(.text) refers to llushr.o(.text) for __aeabi_llsr
    dfixul.o(.text) refers to llshl.o(.text) for __aeabi_llsl
    init.o(.text) refers to entry5.o(.ARM.Collect$$$$00000004) for __main_after_scatterload
    depilogue.o(.text) refers to llshl.o(.text) for __aeabi_llsl
    depilogue.o(.text) refers to llushr.o(.text) for __aeabi_llsr


==============================================================================

Removing Unused input sections from the image.

    Removing main.o(.rev16_text), (4 bytes).
    Removing main.o(.revsh_text), (4 bytes).
    Removing main.o(.rrx_text), (6 bytes).
    Removing hw3_staff.o(.rev16_text), (4 bytes).
    Removing hw3_staff.o(.revsh_text), (4 bytes).
    Removing hw3_staff.o(.rrx_text), (6 bytes).
    Removing hw3_staff.o(.text), (128 bytes).
    Removing hw3_staff.o(.constdata), (20 bytes).
    Removing hw3_staff.o(.data), (2 bytes).
    Removing hw3.o(.rev16_text), (4 bytes).
    Removing hw3.o(.revsh_text), (4 bytes).
    Removing hw3.o(.rrx_text), (6 bytes).
    Removing hw3_interrupts.o(.rev16_text), (4 bytes).
    Removing hw3_interrupts.o(.revsh_text), (4 bytes).
    Removing hw3_interrupts.o(.rrx_text), (6 bytes).
    Removing gpio_port.o(.rev16_text), (4 bytes).
    Removing gpio_port.o(.revsh_text), (4 bytes).
    Removing gpio_port.o(.rrx_text), (6 bytes).
    Removing timers.o(.rev16_text), (4 bytes).
    Removing timers.o(.revsh_text), (4 bytes).
    Removing timers.o(.rrx_text), (6 bytes).
    Removing adc.o(.rev16_text), (4 bytes).
    Removing adc.o(.revsh_text), (4 bytes).
    Removing adc.o(.rrx_text), (6 bytes).
    Removing adc.o(.text), (160 bytes).
    Removing spi.o(.rev16_text), (4 bytes).
    Removing spi.o(.revsh_text), (4 bytes).
    Removing spi.o(.rrx_text), (6 bytes).
    Removing i2c.o(.rev16_text), (4 bytes).
    Removing i2c.o(.revsh_text), (4 bytes).
    Removing i2c.o(.rrx_text), (6 bytes).
    Removing uart.o(.rev16_text), (4 bytes).
    Removing uart.o(.revsh_text), (4 bytes).
    Removing uart.o(.rrx_text), (6 bytes).
    Removing lcd.o(.rev16_text), (4 bytes).
    Removing lcd.o(.revsh_text), (4 bytes).
    Removing lcd.o(.rrx_text), (6 bytes).
    Removing ps2.o(.rev16_text), (4 bytes).
    Removing ps2.o(.revsh_text), (4 bytes).
    Removing ps2.o(.rrx_text), (6 bytes).
    Removing ps2.o(.text), (164 bytes).
    Removing accel.o(.rev16_text), (4 bytes).
    Removing accel.o(.revsh_text), (4 bytes).
    Removing accel.o(.rrx_text), (6 bytes).
    Removing spi_select.o(.rev16_text), (4 bytes).
    Removing spi_select.o(.revsh_text), (4 bytes).
    Removing spi_select.o(.rrx_text), (6 bytes).
    Removing eeprom.o(.rev16_text), (4 bytes).
    Removing eeprom.o(.revsh_text), (4 bytes).
    Removing eeprom.o(.rrx_text), (6 bytes).
    Removing mcp23017.o(.rev16_text), (4 bytes).
    Removing mcp23017.o(.revsh_text), (4 bytes).
    Removing mcp23017.o(.rrx_text), (6 bytes).
    Removing serial_debug.o(.rev16_text), (4 bytes).
    Removing serial_debug.o(.revsh_text), (4 bytes).
    Removing serial_debug.o(.rrx_text), (6 bytes).
    Removing ece353_images.o(.constdata), (5991 bytes).
    Removing ft6x06.o(.rev16_text), (4 bytes).
    Removing ft6x06.o(.revsh_text), (4 bytes).
    Removing ft6x06.o(.rrx_text), (6 bytes).
    Removing launchpad_io.o(.rev16_text), (4 bytes).
    Removing launchpad_io.o(.revsh_text), (4 bytes).
    Removing launchpad_io.o(.rrx_text), (6 bytes).
    Removing lcd_images.o(.constdata), (4864 bytes).
    Removing ws2812b_ice.o(.rev16_text), (4 bytes).
    Removing ws2812b_ice.o(.revsh_text), (4 bytes).
    Removing ws2812b_ice.o(.rrx_text), (6 bytes).
    Removing ws2812b_ice.o(.text), (74 bytes).
    Removing system_tm4c123.o(.rev16_text), (4 bytes).
    Removing system_tm4c123.o(.revsh_text), (4 bytes).
    Removing system_tm4c123.o(.rrx_text), (6 bytes).
    Removing dadd.o(.text), (334 bytes).
    Removing dmul.o(.text), (228 bytes).
    Removing ddiv.o(.text), (222 bytes).
    Removing dfixul.o(.text), (48 bytes).
    Removing cdrcmple.o(.text), (48 bytes).
    Removing depilogue.o(.text), (186 bytes).

77 unused section(s) (total 12763 bytes) removed from the image.

==============================================================================

Image Symbol Table

    Local Symbols

    Symbol Name                              Value     Ov Type        Size  Object(Section)

    RESET                                    0x00000000   Section      620  startup_tm4c123.o(RESET)
    ../clib/microlib/division.c              0x00000000   Number         0  uidiv.o ABSOLUTE
    ../clib/microlib/division.c              0x00000000   Number         0  uldiv.o ABSOLUTE
    ../clib/microlib/init/entry.s            0x00000000   Number         0  entry8b.o ABSOLUTE
    ../clib/microlib/init/entry.s            0x00000000   Number         0  entry8a.o ABSOLUTE
    ../clib/microlib/init/entry.s            0x00000000   Number         0  entry7b.o ABSOLUTE
    ../clib/microlib/init/entry.s            0x00000000   Number         0  entry7a.o ABSOLUTE
    ../clib/microlib/init/entry.s            0x00000000   Number         0  entry5.o ABSOLUTE
    ../clib/microlib/init/entry.s            0x00000000   Number         0  entry2.o ABSOLUTE
    ../clib/microlib/init/entry.s            0x00000000   Number         0  entry.o ABSOLUTE
    ../clib/microlib/init/entry.s            0x00000000   Number         0  entry9a.o ABSOLUTE
    ../clib/microlib/init/entry.s            0x00000000   Number         0  entry9b.o ABSOLUTE
    ../clib/microlib/init/entry.s            0x00000000   Number         0  entry10a.o ABSOLUTE
    ../clib/microlib/init/entry.s            0x00000000   Number         0  entry10b.o ABSOLUTE
    ../clib/microlib/init/entry.s            0x00000000   Number         0  entry11a.o ABSOLUTE
    ../clib/microlib/init/entry.s            0x00000000   Number         0  entry11b.o ABSOLUTE
    ../clib/microlib/longlong.c              0x00000000   Number         0  llsshr.o ABSOLUTE
    ../clib/microlib/longlong.c              0x00000000   Number         0  llushr.o ABSOLUTE
    ../clib/microlib/longlong.c              0x00000000   Number         0  llshl.o ABSOLUTE
    ../clib/microlib/malloc/malloc.c         0x00000000   Number         0  mallocra.o ABSOLUTE
    ../clib/microlib/malloc/malloc.c         0x00000000   Number         0  malloca.o ABSOLUTE
    ../clib/microlib/malloc/malloc.c         0x00000000   Number         0  malloc.o ABSOLUTE
    ../clib/microlib/malloc/malloc.c         0x00000000   Number         0  mallocr.o ABSOLUTE
    ../clib/microlib/malloc/mvars.c          0x00000000   Number         0  mvars.o ABSOLUTE
    ../clib/microlib/printf/printf.c         0x00000000   Number         0  printf8.o ABSOLUTE
    ../clib/microlib/printf/printf.c         0x00000000   Number         0  printf2.o ABSOLUTE
    ../clib/microlib/printf/printf.c         0x00000000   Number         0  printf3.o ABSOLUTE
    ../clib/microlib/printf/printf.c         0x00000000   Number         0  printfa.o ABSOLUTE
    ../clib/microlib/printf/printf.c         0x00000000   Number         0  printf4.o ABSOLUTE
    ../clib/microlib/printf/printf.c         0x00000000   Number         0  printf5.o ABSOLUTE
    ../clib/microlib/printf/printf.c         0x00000000   Number         0  printf6.o ABSOLUTE
    ../clib/microlib/printf/printf.c         0x00000000   Number         0  printf7.o ABSOLUTE
    ../clib/microlib/printf/printf.c         0x00000000   Number         0  printfb.o ABSOLUTE
    ../clib/microlib/printf/printf.c         0x00000000   Number         0  printf1.o ABSOLUTE
    ../clib/microlib/printf/printf.c         0x00000000   Number         0  printf0.o ABSOLUTE
    ../clib/microlib/printf/stubs.s          0x00000000   Number         0  stubs.o ABSOLUTE
    ../clib/microlib/stdio/streams.c         0x00000000   Number         0  stdout.o ABSOLUTE
    ../clib/microlib/string/memcpy.c         0x00000000   Number         0  memcpyb.o ABSOLUTE
    ../clib/microlib/string/memcpy.c         0x00000000   Number         0  memcpya.o ABSOLUTE
    ../clib/microlib/string/memset.c         0x00000000   Number         0  memseta.o ABSOLUTE
    ../clib/microlib/string/strcpy.c         0x00000000   Number         0  strcpy.o ABSOLUTE
    ../clib/microlib/stubs.s                 0x00000000   Number         0  iusefp.o ABSOLUTE
    ../fplib/microlib/fpadd.c                0x00000000   Number         0  dadd.o ABSOLUTE
    ../fplib/microlib/fpdiv.c                0x00000000   Number         0  ddiv.o ABSOLUTE
    ../fplib/microlib/fpepilogue.c           0x00000000   Number         0  depilogue.o ABSOLUTE
    ../fplib/microlib/fpfix.c                0x00000000   Number         0  dfixul.o ABSOLUTE
    ../fplib/microlib/fpmul.c                0x00000000   Number         0  dmul.o ABSOLUTE
    ..\\drivers\\c\\adc.c                    0x00000000   Number         0  adc.o ABSOLUTE
    ..\\drivers\\c\\gpio_port.c              0x00000000   Number         0  gpio_port.o ABSOLUTE
    ..\\drivers\\c\\i2c.c                    0x00000000   Number         0  i2c.o ABSOLUTE
    ..\\drivers\\c\\spi.c                    0x00000000   Number         0  spi.o ABSOLUTE
    ..\\drivers\\c\\timers.c                 0x00000000   Number         0  timers.o ABSOLUTE
    ..\\drivers\\c\\uart.c                   0x00000000   Number         0  uart.o ABSOLUTE
    ..\\peripherals\\c\\MCP23017.c           0x00000000   Number         0  mcp23017.o ABSOLUTE
    ..\\peripherals\\c\\accel.c              0x00000000   Number         0  accel.o ABSOLUTE
    ..\\peripherals\\c\\eeprom.c             0x00000000   Number         0  eeprom.o ABSOLUTE
    ..\\peripherals\\c\\ft6x06.c             0x00000000   Number         0  ft6x06.o ABSOLUTE
    ..\\peripherals\\c\\launchpad_io.c       0x00000000   Number         0  launchpad_io.o ABSOLUTE
    ..\\peripherals\\c\\lcd.c                0x00000000   Number         0  lcd.o ABSOLUTE
    ..\\peripherals\\c\\ps2.c                0x00000000   Number         0  ps2.o ABSOLUTE
    ..\\peripherals\\c\\serial_debug.c       0x00000000   Number         0  serial_debug.o ABSOLUTE
    ..\\peripherals\\c\\spi_select.c         0x00000000   Number         0  spi_select.o ABSOLUTE
    ..\\peripherals\\c\\ws2812b_ice.c        0x00000000   Number         0  ws2812b_ice.o ABSOLUTE
    ..\drivers\c\adc.c                       0x00000000   Number         0  adc.o ABSOLUTE
    ..\drivers\c\gpio_port.c                 0x00000000   Number         0  gpio_port.o ABSOLUTE
    ..\drivers\c\i2c.c                       0x00000000   Number         0  i2c.o ABSOLUTE
    ..\drivers\c\pc_buffer.c                 0x00000000   Number         0  pc_buffer.o ABSOLUTE
    ..\drivers\c\spi.c                       0x00000000   Number         0  spi.o ABSOLUTE
    ..\drivers\c\timers.c                    0x00000000   Number         0  timers.o ABSOLUTE
    ..\drivers\c\uart.c                      0x00000000   Number         0  uart.o ABSOLUTE
    ..\peripherals\c\MCP23017.c              0x00000000   Number         0  mcp23017.o ABSOLUTE
    ..\peripherals\c\accel.c                 0x00000000   Number         0  accel.o ABSOLUTE
    ..\peripherals\c\ece353_images.c         0x00000000   Number         0  ece353_images.o ABSOLUTE
    ..\peripherals\c\eeprom.c                0x00000000   Number         0  eeprom.o ABSOLUTE
    ..\peripherals\c\ft6x06.c                0x00000000   Number         0  ft6x06.o ABSOLUTE
    ..\peripherals\c\launchpad_io.c          0x00000000   Number         0  launchpad_io.o ABSOLUTE
    ..\peripherals\c\lcd.c                   0x00000000   Number         0  lcd.o ABSOLUTE
    ..\peripherals\c\lcd_images.c            0x00000000   Number         0  lcd_images.o ABSOLUTE
    ..\peripherals\c\ps2.c                   0x00000000   Number         0  ps2.o ABSOLUTE
    ..\peripherals\c\serial_debug.c          0x00000000   Number         0  serial_debug.o ABSOLUTE
    ..\peripherals\c\spi_select.c            0x00000000   Number         0  spi_select.o ABSOLUTE
    ..\peripherals\c\ws2812b_ice.c           0x00000000   Number         0  ws2812b_ice.o ABSOLUTE
    RTE\Device\TM4C123GH6PM\startup_TM4C123.s 0x00000000   Number         0  startup_tm4c123.o ABSOLUTE
    RTE\Device\TM4C123GH6PM\system_TM4C123.c 0x00000000   Number         0  system_tm4c123.o ABSOLUTE
    RTE\\Device\\TM4C123GH6PM\\system_TM4C123.c 0x00000000   Number         0  system_tm4c123.o ABSOLUTE
    cdrcmple.s                               0x00000000   Number         0  cdrcmple.o ABSOLUTE
    dc.s                                     0x00000000   Number         0  dc.o ABSOLUTE
    handlers.s                               0x00000000   Number         0  handlers.o ABSOLUTE
    hw3.c                                    0x00000000   Number         0  hw3.o ABSOLUTE
    hw3.c                                    0x00000000   Number         0  hw3.o ABSOLUTE
    hw3_images.c                             0x00000000   Number         0  hw3_images.o ABSOLUTE
    hw3_interrupts.c                         0x00000000   Number         0  hw3_interrupts.o ABSOLUTE
    hw3_interrupts.c                         0x00000000   Number         0  hw3_interrupts.o ABSOLUTE
    hw3_staff.c                              0x00000000   Number         0  hw3_staff.o ABSOLUTE
    hw3_staff.c                              0x00000000   Number         0  hw3_staff.o ABSOLUTE
    init.s                                   0x00000000   Number         0  init.o ABSOLUTE
    main.c                                   0x00000000   Number         0  main.o ABSOLUTE
    main.c                                   0x00000000   Number         0  main.o ABSOLUTE
    .ARM.Collect$$$$00000000                 0x0000026c   Section        0  entry.o(.ARM.Collect$$$$00000000)
    .ARM.Collect$$$$00000001                 0x0000026c   Section        4  entry2.o(.ARM.Collect$$$$00000001)
    .ARM.Collect$$$$00000004                 0x00000270   Section        4  entry5.o(.ARM.Collect$$$$00000004)
    .ARM.Collect$$$$00000008                 0x00000274   Section        0  entry7b.o(.ARM.Collect$$$$00000008)
    .ARM.Collect$$$$0000000A                 0x00000274   Section        0  entry8b.o(.ARM.Collect$$$$0000000A)
    .ARM.Collect$$$$0000000B                 0x00000274   Section        8  entry9a.o(.ARM.Collect$$$$0000000B)
    .ARM.Collect$$$$0000000D                 0x0000027c   Section        0  entry10a.o(.ARM.Collect$$$$0000000D)
    .ARM.Collect$$$$0000000F                 0x0000027c   Section        0  entry11a.o(.ARM.Collect$$$$0000000F)
    .ARM.Collect$$$$00002712                 0x0000027c   Section        4  entry2.o(.ARM.Collect$$$$00002712)
    __lit__00000000                          0x0000027c   Data           4  entry2.o(.ARM.Collect$$$$00002712)
    .text                                    0x00000280   Section        0  main.o(.text)
    .text                                    0x00000288   Section        0  hw3.o(.text)
    __NVIC_DisableIRQ                        0x00000289   Thumb Code    54  hw3.o(.text)
    __NVIC_SetPriority                       0x000002bf   Thumb Code    32  hw3.o(.text)
    verify_base_addr                         0x0000055d   Thumb Code    64  hw3.o(.text)
    __NVIC_EnableIRQ                         0x00000eb1   Thumb Code    26  hw3.o(.text)
    .text                                    0x00000f38   Section        0  hw3_interrupts.o(.text)
    .text                                    0x00001170   Section        0  gpio_port.o(.text)
    verify_base_addr                         0x00001171   Thumb Code    64  gpio_port.o(.text)
    .text                                    0x00001448   Section        0  timers.o(.text)
    verify_base_addr                         0x00001449   Thumb Code    64  timers.o(.text)
    get_clock_masks                          0x00001489   Thumb Code   106  timers.o(.text)
    .text                                    0x000015c0   Section        0  spi.o(.text)
    .text                                    0x0000175c   Section        0  i2c.o(.text)
    .text                                    0x00001964   Section        0  pc_buffer.o(.text)
    .text                                    0x000019e0   Section        0  uart.o(.text)
    .text                                    0x00001c5c   Section        0  lcd.o(.text)
    delayms                                  0x00001c5d   Thumb Code    26  lcd.o(.text)
    lcd_write_cmd_u8                         0x00001c77   Thumb Code    40  lcd.o(.text)
    lcd_write_data_u8                        0x00001c9f   Thumb Code    28  lcd.o(.text)
    .text                                    0x000020f0   Section        0  accel.o(.text)
    accel_reg_read                           0x000020f1   Thumb Code    44  accel.o(.text)
    accel_reg_write                          0x0000211d   Thumb Code    36  accel.o(.text)
    accel_CSN_low                            0x00002265   Thumb Code    18  accel.o(.text)
    accel_CSN_high                           0x00002277   Thumb Code    18  accel.o(.text)
    .text                                    0x00002290   Section        0  spi_select.o(.text)
    .text                                    0x00002334   Section        0  eeprom.o(.text)
    eeprom_wait_for_write                    0x00002335   Thumb Code    68  eeprom.o(.text)
    .text                                    0x000024dc   Section        0  mcp23017.o(.text)
    IO_expander_byte_write                   0x000024dd   Thumb Code    76  mcp23017.o(.text)
    .text                                    0x0000268c   Section        0  serial_debug.o(.text)
    .text                                    0x000028cc   Section        0  ft6x06.o(.text)
    ft6x06_set_addr                          0x000028cd   Thumb Code    52  ft6x06.o(.text)
    ft6x06_read_data                         0x00002901   Thumb Code    52  ft6x06.o(.text)
    .text                                    0x00002a70   Section        0  launchpad_io.o(.text)
    .text                                    0x00002b38   Section      252  startup_tm4c123.o(.text)
    $v0                                      0x00002b38   Number         0  startup_tm4c123.o(.text)
    .text                                    0x00002c34   Section        0  system_tm4c123.o(.text)
    getOscClk                                0x00002c35   Thumb Code   182  system_tm4c123.o(.text)
    .text                                    0x00002e80   Section        0  memseta.o(.text)
    .text                                    0x00002ea4   Section        0  strcpy.o(.text)
    .text                                    0x00002eb6   Section        0  uidiv.o(.text)
    .text                                    0x00002ee4   Section       36  init.o(.text)
    i.__0printf$3                            0x00002f08   Section        0  printf3.o(i.__0printf$3)
    i.__scatterload_copy                     0x00002f28   Section       14  handlers.o(i.__scatterload_copy)
    i.__scatterload_null                     0x00002f36   Section        2  handlers.o(i.__scatterload_null)
    i.__scatterload_zeroinit                 0x00002f38   Section       14  handlers.o(i.__scatterload_zeroinit)
    i._printf_core                           0x00002f48   Section        0  printf3.o(i._printf_core)
    _printf_core                             0x00002f49   Thumb Code   436  printf3.o(i._printf_core)
    i.lcd_write_data_u16                     0x00003100   Section        0  lcd.o(i.lcd_write_data_u16)
    i.malloc                                 0x0000313c   Section        0  malloc.o(i.malloc)
    .constdata                               0x000031a8   Section     8526  hw3_images.o(.constdata)
    .data                                    0x20000000   Section      263  hw3.o(.data)
    laser_count                              0x20000106   Data           1  hw3.o(.data)
    .data                                    0x20000107   Section        3  hw3_interrupts.o(.data)
    current_dir                              0x20000108   Data           1  hw3_interrupts.o(.data)
    next_dir                                 0x20000109   Data           1  hw3_interrupts.o(.data)
    .data                                    0x2000010a   Section        2  serial_debug.o(.data)
    Rx_Interrupts_Enabled                    0x2000010a   Data           1  serial_debug.o(.data)
    Tx_Interrupts_Enabled                    0x2000010b   Data           1  serial_debug.o(.data)
    .data                                    0x2000010c   Section        4  system_tm4c123.o(.data)
    .data                                    0x20000110   Section        4  stdout.o(.data)
    .data                                    0x20000114   Section        4  mvars.o(.data)
    .data                                    0x20000118   Section        4  mvars.o(.data)
    .bss                                     0x2000011c   Section       96  hw3.o(.bss)
    .bss                                     0x2000017c   Section       28  serial_debug.o(.bss)
    HEAP                                     0x20000198   Section        0  startup_tm4c123.o(HEAP)
    STACK                                    0x20000198   Section      512  startup_tm4c123.o(STACK)

    Global Symbols

    Symbol Name                              Value     Ov Type        Size  Object(Section)

    BuildAttributes$$THM_ISAv4$E$P$D$K$B$S$7EM$VFPi3$EXTD16$VFPS$VFMA$PE$A:L22UL41UL21$X:L11$S22US41US21$IEEE1$IW$USESV6$~STKCKD$USESV7$~SHL$OSPACE$ROPI$EBA8$MICROLIB$REQ8$PRES8$EABIv2 0x00000000   Number         0  anon$$obj.o ABSOLUTE
    __ARM_use_no_argv                        0x00000000   Number         0  main.o ABSOLUTE
    __Vectors                                0x00000000   Data           4  startup_tm4c123.o(RESET)
    _printf_a                                0x00000000   Number         0  stubs.o ABSOLUTE
    _printf_c                                0x00000000   Number         0  stubs.o ABSOLUTE
    _printf_charcount                        0x00000000   Number         0  stubs.o ABSOLUTE
    _printf_d                                0x00000000   Number         0  stubs.o ABSOLUTE
    _printf_e                                0x00000000   Number         0  stubs.o ABSOLUTE
    _printf_f                                0x00000000   Number         0  stubs.o ABSOLUTE
    _printf_flags                            0x00000000   Number         0  stubs.o ABSOLUTE
    _printf_fp_dec                           0x00000000   Number         0  stubs.o ABSOLUTE
    _printf_fp_hex                           0x00000000   Number         0  stubs.o ABSOLUTE
    _printf_g                                0x00000000   Number         0  stubs.o ABSOLUTE
    _printf_i                                0x00000000   Number         0  stubs.o ABSOLUTE
    _printf_int_dec                          0x00000000   Number         0  stubs.o ABSOLUTE
    _printf_l                                0x00000000   Number         0  stubs.o ABSOLUTE
    _printf_lc                               0x00000000   Number         0  stubs.o ABSOLUTE
    _printf_ll                               0x00000000   Number         0  stubs.o ABSOLUTE
    _printf_lld                              0x00000000   Number         0  stubs.o ABSOLUTE
    _printf_lli                              0x00000000   Number         0  stubs.o ABSOLUTE
    _printf_llo                              0x00000000   Number         0  stubs.o ABSOLUTE
    _printf_llu                              0x00000000   Number         0  stubs.o ABSOLUTE
    _printf_llx                              0x00000000   Number         0  stubs.o ABSOLUTE
    _printf_longlong_dec                     0x00000000   Number         0  stubs.o ABSOLUTE
    _printf_longlong_hex                     0x00000000   Number         0  stubs.o ABSOLUTE
    _printf_longlong_oct                     0x00000000   Number         0  stubs.o ABSOLUTE
    _printf_ls                               0x00000000   Number         0  stubs.o ABSOLUTE
    _printf_mbtowc                           0x00000000   Number         0  stubs.o ABSOLUTE
    _printf_n                                0x00000000   Number         0  stubs.o ABSOLUTE
    _printf_o                                0x00000000   Number         0  stubs.o ABSOLUTE
    _printf_p                                0x00000000   Number         0  stubs.o ABSOLUTE
    _printf_percent                          0x00000000   Number         0  stubs.o ABSOLUTE
    _printf_pre_padding                      0x00000000   Number         0  stubs.o ABSOLUTE
    _printf_return_value                     0x00000000   Number         0  stubs.o ABSOLUTE
    _printf_s                                0x00000000   Number         0  stubs.o ABSOLUTE
    _printf_sizespec                         0x00000000   Number         0  stubs.o ABSOLUTE
    _printf_str                              0x00000000   Number         0  stubs.o ABSOLUTE
    _printf_truncate_signed                  0x00000000   Number         0  stubs.o ABSOLUTE
    _printf_truncate_unsigned                0x00000000   Number         0  stubs.o ABSOLUTE
    _printf_u                                0x00000000   Number         0  stubs.o ABSOLUTE
    _printf_wc                               0x00000000   Number         0  stubs.o ABSOLUTE
    _printf_wctomb                           0x00000000   Number         0  stubs.o ABSOLUTE
    _printf_widthprec                        0x00000000   Number         0  stubs.o ABSOLUTE
    _printf_x                                0x00000000   Number         0  stubs.o ABSOLUTE
    __cpp_initialize__aeabi_                  - Undefined Weak Reference
    __cxa_finalize                            - Undefined Weak Reference
    __decompress                              - Undefined Weak Reference
    _clock_init                               - Undefined Weak Reference
    _microlib_exit                            - Undefined Weak Reference
    __Vectors_End                            0x0000026c   Data           0  startup_tm4c123.o(RESET)
    __Vectors_Size                           0x0000026c   Number         0  startup_tm4c123.o ABSOLUTE
    __main                                   0x0000026d   Thumb Code     0  entry.o(.ARM.Collect$$$$00000000)
    _main_stk                                0x0000026d   Thumb Code     0  entry2.o(.ARM.Collect$$$$00000001)
    _main_scatterload                        0x00000271   Thumb Code     0  entry5.o(.ARM.Collect$$$$00000004)
    __main_after_scatterload                 0x00000275   Thumb Code     0  entry5.o(.ARM.Collect$$$$00000004)
    _main_clock                              0x00000275   Thumb Code     0  entry7b.o(.ARM.Collect$$$$00000008)
    _main_cpp_init                           0x00000275   Thumb Code     0  entry8b.o(.ARM.Collect$$$$0000000A)
    _main_init                               0x00000275   Thumb Code     0  entry9a.o(.ARM.Collect$$$$0000000B)
    __rt_final_cpp                           0x0000027d   Thumb Code     0  entry10a.o(.ARM.Collect$$$$0000000D)
    __rt_final_exit                          0x0000027d   Thumb Code     0  entry11a.o(.ARM.Collect$$$$0000000F)
    main                                     0x00000281   Thumb Code     8  main.o(.text)
    contact_edge                             0x000002df   Thumb Code   190  hw3.o(.text)
    initalize_enemies                        0x0000039d   Thumb Code    98  hw3.o(.text)
    check_won                                0x000003ff   Thumb Code    44  hw3.o(.text)
    shoot_laser                              0x0000042b   Thumb Code    76  hw3.o(.text)
    move_lasers                              0x00000477   Thumb Code   152  hw3.o(.text)
    move_image                               0x0000050f   Thumb Code    78  hw3.o(.text)
    countdown_timer                          0x0000059d   Thumb Code    60  hw3.o(.text)
    check_game_over                          0x000005d9   Thumb Code   280  hw3.o(.text)
    hit_invader                              0x000006f1   Thumb Code   196  hw3.o(.text)
    init_adc                                 0x000007b5   Thumb Code    62  hw3.o(.text)
    eeprom_read_game_data                    0x000007f3   Thumb Code    32  hw3.o(.text)
    eeprom_write_game_data                   0x00000813   Thumb Code    52  hw3.o(.text)
    eeprom_read_board_data                   0x00000847   Thumb Code   164  hw3.o(.text)
    eeprom_write                             0x000008eb   Thumb Code   134  hw3.o(.text)
    init_interrupt_adc                       0x00000971   Thumb Code   106  hw3.o(.text)
    disable_all_interupts                    0x000009db   Thumb Code    28  hw3.o(.text)
    enable_all_interupts                     0x000009f7   Thumb Code    28  hw3.o(.text)
    init_hardware                            0x00000a13   Thumb Code   246  hw3.o(.text)
    hw3_main                                 0x00000b09   Thumb Code   936  hw3.o(.text)
    TIMER2A_Handler                          0x00000f39   Thumb Code    70  hw3_interrupts.o(.text)
    TIMER3A_Handler                          0x00000f7f   Thumb Code   276  hw3_interrupts.o(.text)
    TIMER4A_Handler                          0x00001093   Thumb Code    84  hw3_interrupts.o(.text)
    GPIOF_Handler                            0x000010e7   Thumb Code    60  hw3_interrupts.o(.text)
    gpio_get_irq_num                         0x000011b1   Thumb Code    74  gpio_port.o(.text)
    gpio_enable_port                         0x000011fb   Thumb Code   166  gpio_port.o(.text)
    gpio_config_digital_enable               0x000012a1   Thumb Code    34  gpio_port.o(.text)
    gpio_config_enable_output                0x000012c3   Thumb Code    34  gpio_port.o(.text)
    gpio_config_enable_input                 0x000012e5   Thumb Code    34  gpio_port.o(.text)
    gpio_config_enable_pullup                0x00001307   Thumb Code    34  gpio_port.o(.text)
    gpio_config_enable_pulldown              0x00001329   Thumb Code    34  gpio_port.o(.text)
    gpio_config_analog_enable                0x0000134b   Thumb Code    34  gpio_port.o(.text)
    gpio_config_alternate_function           0x0000136d   Thumb Code    34  gpio_port.o(.text)
    gpio_config_port_control                 0x0000138f   Thumb Code    50  gpio_port.o(.text)
    gpio_config_open_drain                   0x000013c1   Thumb Code    34  gpio_port.o(.text)
    gpio_config_falling_edge_irq             0x000013e3   Thumb Code    68  gpio_port.o(.text)
    gp_timer_wait                            0x000014f3   Thumb Code    64  timers.o(.text)
    gp_timer_config_32                       0x00001533   Thumb Code   124  timers.o(.text)
    spiVerifyBaseAddr                        0x000015c1   Thumb Code    34  spi.o(.text)
    initialize_spi                           0x000015e3   Thumb Code   258  spi.o(.text)
    spiTx                                    0x000016e5   Thumb Code    94  spi.o(.text)
    initializeI2CMaster                      0x0000175d   Thumb Code   160  i2c.o(.text)
    i2cVerifyBaseAddr                        0x000017fd   Thumb Code    36  i2c.o(.text)
    i2cSetSlaveAddr                          0x00001821   Thumb Code    30  i2c.o(.text)
    i2cStop                                  0x0000183f   Thumb Code    26  i2c.o(.text)
    I2CMasterBusy                            0x00001859   Thumb Code    34  i2c.o(.text)
    I2CMasterAdrAck                          0x0000187b   Thumb Code    34  i2c.o(.text)
    I2CMasterDatAck                          0x0000189d   Thumb Code    34  i2c.o(.text)
    i2cSendByte                              0x000018bf   Thumb Code    82  i2c.o(.text)
    i2cGetByte                               0x00001911   Thumb Code    60  i2c.o(.text)
    pc_buffer_init                           0x00001965   Thumb Code    26  pc_buffer.o(.text)
    pc_buffer_add                            0x0000197f   Thumb Code    28  pc_buffer.o(.text)
    pc_buffer_remove                         0x0000199b   Thumb Code    30  pc_buffer.o(.text)
    pc_buffer_empty                          0x000019b9   Thumb Code    18  pc_buffer.o(.text)
    pc_buffer_full                           0x000019cb   Thumb Code    22  pc_buffer.o(.text)
    verify_uart_base                         0x000019e1   Thumb Code    54  uart.o(.text)
    uart_get_rcgc_mask                       0x00001a17   Thumb Code    68  uart.o(.text)
    uart_get_pr_mask                         0x00001a5b   Thumb Code    68  uart.o(.text)
    uart_get_irq_num                         0x00001a9f   Thumb Code    68  uart.o(.text)
    uart_tx_poll                             0x00001ae3   Thumb Code    38  uart.o(.text)
    uart_tx_poll_string                      0x00001b09   Thumb Code    50  uart.o(.text)
    uart_rx_poll                             0x00001b3b   Thumb Code    70  uart.o(.text)
    uart_init                                0x00001b81   Thumb Code   202  uart.o(.text)
    lcd_set_pos                              0x00001cbb   Thumb Code    58  lcd.o(.text)
    lcd_clear_screen                         0x00001cf5   Thumb Code    52  lcd.o(.text)
    lcd_draw_image                           0x00001d29   Thumb Code   242  lcd.o(.text)
    lcd_config_gpio                          0x00001e1b   Thumb Code   152  lcd.o(.text)
    lcd_config_screen                        0x00001eb3   Thumb Code   568  lcd.o(.text)
    accel_read_x                             0x00002141   Thumb Code    22  accel.o(.text)
    accel_read_y                             0x00002157   Thumb Code    22  accel.o(.text)
    accel_read_z                             0x0000216d   Thumb Code    22  accel.o(.text)
    accel_initialize                         0x00002183   Thumb Code   226  accel.o(.text)
    spi_select                               0x00002291   Thumb Code    62  spi_select.o(.text)
    spi_select_init                          0x000022cf   Thumb Code    92  spi_select.o(.text)
    eeprom_byte_write                        0x00002379   Thumb Code    88  eeprom.o(.text)
    eeprom_byte_read                         0x000023d1   Thumb Code   106  eeprom.o(.text)
    eeprom_init                              0x0000243b   Thumb Code   156  eeprom.o(.text)
    initialize_buttons                       0x00002529   Thumb Code   108  mcp23017.o(.text)
    read_button                              0x00002595   Thumb Code    86  mcp23017.o(.text)
    mcp23017_init                            0x000025eb   Thumb Code   156  mcp23017.o(.text)
    init_serial_debug                        0x0000268d   Thumb Code   122  serial_debug.o(.text)
    serial_debug_rx                          0x00002707   Thumb Code    56  serial_debug.o(.text)
    serial_debug_tx                          0x0000273f   Thumb Code   104  serial_debug.o(.text)
    fputc                                    0x000027a7   Thumb Code    66  serial_debug.o(.text)
    fgetc                                    0x000027e9   Thumb Code    50  serial_debug.o(.text)
    UART0_Handler                            0x0000281b   Thumb Code   154  serial_debug.o(.text)
    ft6x06_read_td_status                    0x00002935   Thumb Code    24  ft6x06.o(.text)
    ft6x06_read_x                            0x0000294d   Thumb Code    64  ft6x06.o(.text)
    ft6x06_read_y                            0x0000298d   Thumb Code    66  ft6x06.o(.text)
    ft6x06_init                              0x000029cf   Thumb Code   156  ft6x06.o(.text)
    lp_io_set_pin                            0x00002a71   Thumb Code    20  launchpad_io.o(.text)
    lp_io_clear_pin                          0x00002a85   Thumb Code    20  launchpad_io.o(.text)
    lp_io_read_pin                           0x00002a99   Thumb Code    22  launchpad_io.o(.text)
    lp_io_init                               0x00002aaf   Thumb Code   112  launchpad_io.o(.text)
    Reset_Handler                            0x00002b39   Thumb Code     8  startup_tm4c123.o(.text)
    NMI_Handler                              0x00002b41   Thumb Code     2  startup_tm4c123.o(.text)
    HardFault_Handler                        0x00002b43   Thumb Code     2  startup_tm4c123.o(.text)
    MemManage_Handler                        0x00002b45   Thumb Code     2  startup_tm4c123.o(.text)
    BusFault_Handler                         0x00002b47   Thumb Code     2  startup_tm4c123.o(.text)
    UsageFault_Handler                       0x00002b49   Thumb Code     2  startup_tm4c123.o(.text)
    SVC_Handler                              0x00002b4b   Thumb Code     2  startup_tm4c123.o(.text)
    DebugMon_Handler                         0x00002b4d   Thumb Code     2  startup_tm4c123.o(.text)
    PendSV_Handler                           0x00002b4f   Thumb Code     2  startup_tm4c123.o(.text)
    SysTick_Handler                          0x00002b51   Thumb Code     2  startup_tm4c123.o(.text)
    GPIOA_Handler                            0x00002b53   Thumb Code     2  startup_tm4c123.o(.text)
    GPIOB_Handler                            0x00002b55   Thumb Code     2  startup_tm4c123.o(.text)
    GPIOC_Handler                            0x00002b57   Thumb Code     2  startup_tm4c123.o(.text)
    GPIOD_Handler                            0x00002b59   Thumb Code     2  startup_tm4c123.o(.text)
    GPIOE_Handler                            0x00002b5b   Thumb Code     2  startup_tm4c123.o(.text)
    UART1_Handler                            0x00002b5f   Thumb Code     2  startup_tm4c123.o(.text)
    SSI0_Handler                             0x00002b61   Thumb Code     2  startup_tm4c123.o(.text)
    I2C0_Handler                             0x00002b63   Thumb Code     2  startup_tm4c123.o(.text)
    PMW0_FAULT_Handler                       0x00002b65   Thumb Code     2  startup_tm4c123.o(.text)
    PWM0_0_Handler                           0x00002b67   Thumb Code     2  startup_tm4c123.o(.text)
    PWM0_1_Handler                           0x00002b69   Thumb Code     2  startup_tm4c123.o(.text)
    PWM0_2_Handler                           0x00002b6b   Thumb Code     2  startup_tm4c123.o(.text)
    QEI0_Handler                             0x00002b6d   Thumb Code     2  startup_tm4c123.o(.text)
    ADC0SS0_Handler                          0x00002b6f   Thumb Code     2  startup_tm4c123.o(.text)
    ADC0SS1_Handler                          0x00002b71   Thumb Code     2  startup_tm4c123.o(.text)
    ADC0SS2_Handler                          0x00002b73   Thumb Code     2  startup_tm4c123.o(.text)
    ADC0SS3_Handler                          0x00002b75   Thumb Code     2  startup_tm4c123.o(.text)
    WDT0_Handler                             0x00002b77   Thumb Code     2  startup_tm4c123.o(.text)
    TIMER0A_Handler                          0x00002b79   Thumb Code     2  startup_tm4c123.o(.text)
    TIMER0B_Handler                          0x00002b7b   Thumb Code     2  startup_tm4c123.o(.text)
    TIMER1A_Handler                          0x00002b7d   Thumb Code     2  startup_tm4c123.o(.text)
    TIMER1B_Handler                          0x00002b7f   Thumb Code     2  startup_tm4c123.o(.text)
    TIMER2B_Handler                          0x00002b83   Thumb Code     2  startup_tm4c123.o(.text)
    COMP0_Handler                            0x00002b85   Thumb Code     2  startup_tm4c123.o(.text)
    COMP1_Handler                            0x00002b87   Thumb Code     2  startup_tm4c123.o(.text)
    COMP2_Handler                            0x00002b89   Thumb Code     2  startup_tm4c123.o(.text)
    SYSCTL_Handler                           0x00002b8b   Thumb Code     2  startup_tm4c123.o(.text)
    FLASH_Handler                            0x00002b8d   Thumb Code     2  startup_tm4c123.o(.text)
    GPIOG_Handler                            0x00002b91   Thumb Code     2  startup_tm4c123.o(.text)
    GPIOH_Handler                            0x00002b93   Thumb Code     2  startup_tm4c123.o(.text)
    UART2_Handler                            0x00002b95   Thumb Code     2  startup_tm4c123.o(.text)
    SSI1_Handler                             0x00002b97   Thumb Code     2  startup_tm4c123.o(.text)
    TIMER3B_Handler                          0x00002b9b   Thumb Code     2  startup_tm4c123.o(.text)
    I2C1_Handler                             0x00002b9d   Thumb Code     2  startup_tm4c123.o(.text)
    QEI1_Handler                             0x00002b9f   Thumb Code     2  startup_tm4c123.o(.text)
    CAN0_Handler                             0x00002ba1   Thumb Code     2  startup_tm4c123.o(.text)
    CAN1_Handler                             0x00002ba3   Thumb Code     2  startup_tm4c123.o(.text)
    CAN2_Handler                             0x00002ba5   Thumb Code     2  startup_tm4c123.o(.text)
    HIB_Handler                              0x00002ba7   Thumb Code     2  startup_tm4c123.o(.text)
    USB0_Handler                             0x00002ba9   Thumb Code     2  startup_tm4c123.o(.text)
    PWM0_3_Handler                           0x00002bab   Thumb Code     2  startup_tm4c123.o(.text)
    UDMA_Handler                             0x00002bad   Thumb Code     2  startup_tm4c123.o(.text)
    UDMAERR_Handler                          0x00002baf   Thumb Code     2  startup_tm4c123.o(.text)
    ADC1SS0_Handler                          0x00002bb1   Thumb Code     2  startup_tm4c123.o(.text)
    ADC1SS1_Handler                          0x00002bb3   Thumb Code     2  startup_tm4c123.o(.text)
    ADC1SS2_Handler                          0x00002bb5   Thumb Code     2  startup_tm4c123.o(.text)
    ADC1SS3_Handler                          0x00002bb7   Thumb Code     2  startup_tm4c123.o(.text)
    GPIOJ_Handler                            0x00002bb9   Thumb Code     2  startup_tm4c123.o(.text)
    GPIOK_Handler                            0x00002bbb   Thumb Code     2  startup_tm4c123.o(.text)
    GPIOL_Handler                            0x00002bbd   Thumb Code     2  startup_tm4c123.o(.text)
    SSI2_Handler                             0x00002bbf   Thumb Code     2  startup_tm4c123.o(.text)
    SSI3_Handler                             0x00002bc1   Thumb Code     2  startup_tm4c123.o(.text)
    UART3_Handler                            0x00002bc3   Thumb Code     2  startup_tm4c123.o(.text)
    UART4_Handler                            0x00002bc5   Thumb Code     2  startup_tm4c123.o(.text)
    UART5_Handler                            0x00002bc7   Thumb Code     2  startup_tm4c123.o(.text)
    UART6_Handler                            0x00002bc9   Thumb Code     2  startup_tm4c123.o(.text)
    UART7_Handler                            0x00002bcb   Thumb Code     2  startup_tm4c123.o(.text)
    I2C2_Handler                             0x00002bcd   Thumb Code     2  startup_tm4c123.o(.text)
    I2C3_Handler                             0x00002bcf   Thumb Code     2  startup_tm4c123.o(.text)
    TIMER4B_Handler                          0x00002bd3   Thumb Code     2  startup_tm4c123.o(.text)
    TIMER5A_Handler                          0x00002bd5   Thumb Code     2  startup_tm4c123.o(.text)
    TIMER5B_Handler                          0x00002bd7   Thumb Code     2  startup_tm4c123.o(.text)
    WTIMER0A_Handler                         0x00002bd9   Thumb Code     2  startup_tm4c123.o(.text)
    WTIMER0B_Handler                         0x00002bdb   Thumb Code     2  startup_tm4c123.o(.text)
    WTIMER1A_Handler                         0x00002bdd   Thumb Code     2  startup_tm4c123.o(.text)
    WTIMER1B_Handler                         0x00002bdf   Thumb Code     2  startup_tm4c123.o(.text)
    WTIMER2A_Handler                         0x00002be1   Thumb Code     2  startup_tm4c123.o(.text)
    WTIMER2B_Handler                         0x00002be3   Thumb Code     2  startup_tm4c123.o(.text)
    WTIMER3A_Handler                         0x00002be5   Thumb Code     2  startup_tm4c123.o(.text)
    WTIMER3B_Handler                         0x00002be7   Thumb Code     2  startup_tm4c123.o(.text)
    WTIMER4A_Handler                         0x00002be9   Thumb Code     2  startup_tm4c123.o(.text)
    WTIMER4B_Handler                         0x00002beb   Thumb Code     2  startup_tm4c123.o(.text)
    WTIMER5A_Handler                         0x00002bed   Thumb Code     2  startup_tm4c123.o(.text)
    WTIMER5B_Handler                         0x00002bef   Thumb Code     2  startup_tm4c123.o(.text)
    FPU_Handler                              0x00002bf1   Thumb Code     2  startup_tm4c123.o(.text)
    I2C4_Handler                             0x00002bf3   Thumb Code     2  startup_tm4c123.o(.text)
    I2C5_Handler                             0x00002bf5   Thumb Code     2  startup_tm4c123.o(.text)
    GPIOM_Handler                            0x00002bf7   Thumb Code     2  startup_tm4c123.o(.text)
    GPION_Handler                            0x00002bf9   Thumb Code     2  startup_tm4c123.o(.text)
    QEI2_Handler                             0x00002bfb   Thumb Code     2  startup_tm4c123.o(.text)
    GPIOP0_Handler                           0x00002bfd   Thumb Code     2  startup_tm4c123.o(.text)
    GPIOP1_Handler                           0x00002bff   Thumb Code     2  startup_tm4c123.o(.text)
    GPIOP2_Handler                           0x00002c01   Thumb Code     2  startup_tm4c123.o(.text)
    GPIOP3_Handler                           0x00002c03   Thumb Code     2  startup_tm4c123.o(.text)
    GPIOP4_Handler                           0x00002c05   Thumb Code     2  startup_tm4c123.o(.text)
    GPIOP5_Handler                           0x00002c07   Thumb Code     2  startup_tm4c123.o(.text)
    GPIOP6_Handler                           0x00002c09   Thumb Code     2  startup_tm4c123.o(.text)
    GPIOP7_Handler                           0x00002c0b   Thumb Code     2  startup_tm4c123.o(.text)
    GPIOQ0_Handler                           0x00002c0d   Thumb Code     2  startup_tm4c123.o(.text)
    GPIOQ1_Handler                           0x00002c0f   Thumb Code     2  startup_tm4c123.o(.text)
    GPIOQ2_Handler                           0x00002c11   Thumb Code     2  startup_tm4c123.o(.text)
    GPIOQ3_Handler                           0x00002c13   Thumb Code     2  startup_tm4c123.o(.text)
    GPIOQ4_Handler                           0x00002c15   Thumb Code     2  startup_tm4c123.o(.text)
    GPIOQ5_Handler                           0x00002c17   Thumb Code     2  startup_tm4c123.o(.text)
    GPIOQ6_Handler                           0x00002c19   Thumb Code     2  startup_tm4c123.o(.text)
    GPIOQ7_Handler                           0x00002c1b   Thumb Code     2  startup_tm4c123.o(.text)
    GPIOR_Handler                            0x00002c1d   Thumb Code     2  startup_tm4c123.o(.text)
    GPIOS_Handler                            0x00002c1f   Thumb Code     2  startup_tm4c123.o(.text)
    PMW1_0_Handler                           0x00002c21   Thumb Code     2  startup_tm4c123.o(.text)
    PWM1_1_Handler                           0x00002c23   Thumb Code     2  startup_tm4c123.o(.text)
    PWM1_2_Handler                           0x00002c25   Thumb Code     2  startup_tm4c123.o(.text)
    PWM1_3_Handler                           0x00002c27   Thumb Code     2  startup_tm4c123.o(.text)
    PWM1_FAULT_Handler                       0x00002c29   Thumb Code     2  startup_tm4c123.o(.text)
    SystemCoreClockUpdate                    0x00002ceb   Thumb Code   184  system_tm4c123.o(.text)
    SystemInit                               0x00002da3   Thumb Code   112  system_tm4c123.o(.text)
    __aeabi_memset                           0x00002e81   Thumb Code    14  memseta.o(.text)
    __aeabi_memset4                          0x00002e81   Thumb Code     0  memseta.o(.text)
    __aeabi_memset8                          0x00002e81   Thumb Code     0  memseta.o(.text)
    __aeabi_memclr                           0x00002e8f   Thumb Code     4  memseta.o(.text)
    __aeabi_memclr4                          0x00002e8f   Thumb Code     0  memseta.o(.text)
    __aeabi_memclr8                          0x00002e8f   Thumb Code     0  memseta.o(.text)
    _memset$wrapper                          0x00002e93   Thumb Code    18  memseta.o(.text)
    strcpy                                   0x00002ea5   Thumb Code    18  strcpy.o(.text)
    __aeabi_uidiv                            0x00002eb7   Thumb Code     0  uidiv.o(.text)
    __aeabi_uidivmod                         0x00002eb7   Thumb Code    44  uidiv.o(.text)
    __scatterload                            0x00002ee5   Thumb Code    28  init.o(.text)
    __scatterload_rt2                        0x00002ee5   Thumb Code     0  init.o(.text)
    __0printf$3                              0x00002f09   Thumb Code    22  printf3.o(i.__0printf$3)
    __1printf$3                              0x00002f09   Thumb Code     0  printf3.o(i.__0printf$3)
    __2printf                                0x00002f09   Thumb Code     0  printf3.o(i.__0printf$3)
    __scatterload_copy                       0x00002f29   Thumb Code    14  handlers.o(i.__scatterload_copy)
    __scatterload_null                       0x00002f37   Thumb Code     2  handlers.o(i.__scatterload_null)
    __scatterload_zeroinit                   0x00002f39   Thumb Code    14  handlers.o(i.__scatterload_zeroinit)
    lcd_write_data_u16                       0x00003101   Thumb Code    48  lcd.o(i.lcd_write_data_u16)
    malloc                                   0x0000313d   Thumb Code    92  malloc.o(i.malloc)
    shipBitmaps                              0x000031a8   Data         128  hw3_images.o(.constdata)
    shipWidthPixels                          0x00003228   Data           1  hw3_images.o(.constdata)
    shipHeightPixels                         0x00003229   Data           1  hw3_images.o(.constdata)
    galaga_enemyBitmaps                      0x0000322a   Data         128  hw3_images.o(.constdata)
    galaga_enemyWidthPixels                  0x000032aa   Data           1  hw3_images.o(.constdata)
    galaga_enemyHeightPixels                 0x000032ab   Data           1  hw3_images.o(.constdata)
    laserBitmap                              0x000032ac   Data           6  hw3_images.o(.constdata)
    laserHeight                              0x000032b2   Data           1  hw3_images.o(.constdata)
    laserWidth                               0x000032b3   Data           1  hw3_images.o(.constdata)
    zeroBitmaps                              0x000032b4   Data          90  hw3_images.o(.constdata)
    zeroWidthPixels                          0x0000330e   Data           1  hw3_images.o(.constdata)
    zeroHeightPixels                         0x0000330f   Data           1  hw3_images.o(.constdata)
    oneBitmaps                               0x00003310   Data          90  hw3_images.o(.constdata)
    oneWidthPixels                           0x0000336a   Data           1  hw3_images.o(.constdata)
    oneHeightPixels                          0x0000336b   Data           1  hw3_images.o(.constdata)
    twoBitmaps                               0x0000336c   Data          90  hw3_images.o(.constdata)
    twoWidthPixels                           0x000033c6   Data           1  hw3_images.o(.constdata)
    twoHeightPixels                          0x000033c7   Data           1  hw3_images.o(.constdata)
    threeBitmaps                             0x000033c8   Data          90  hw3_images.o(.constdata)
    threeWidthPixels                         0x00003422   Data           1  hw3_images.o(.constdata)
    threeHeightPixels                        0x00003423   Data           1  hw3_images.o(.constdata)
    fourBitmaps                              0x00003424   Data          90  hw3_images.o(.constdata)
    fourWidthPixels                          0x0000347e   Data           1  hw3_images.o(.constdata)
    fourHeightPixels                         0x0000347f   Data           1  hw3_images.o(.constdata)
    fiveBitmaps                              0x00003480   Data          90  hw3_images.o(.constdata)
    fiveWidthPixels                          0x000034da   Data           1  hw3_images.o(.constdata)
    fiveHeightPixels                         0x000034db   Data           1  hw3_images.o(.constdata)
    sixBitmaps                               0x000034dc   Data          90  hw3_images.o(.constdata)
    sixWidthPixels                           0x00003536   Data           1  hw3_images.o(.constdata)
    sixHeightPixels                          0x00003537   Data           1  hw3_images.o(.constdata)
    sevenBitmaps                             0x00003538   Data          90  hw3_images.o(.constdata)
    sevenWidthPixels                         0x00003592   Data           1  hw3_images.o(.constdata)
    sevenHeightPixels                        0x00003593   Data           1  hw3_images.o(.constdata)
    eightBitmaps                             0x00003594   Data          90  hw3_images.o(.constdata)
    eightWidthPixels                         0x000035ee   Data           1  hw3_images.o(.constdata)
    eightHeightPixels                        0x000035ef   Data           1  hw3_images.o(.constdata)
    nineBitmaps                              0x000035f0   Data          90  hw3_images.o(.constdata)
    nineWidthPixels                          0x0000364a   Data           1  hw3_images.o(.constdata)
    nineHeightPixels                         0x0000364b   Data           1  hw3_images.o(.constdata)
    pixelfireBitmaps                         0x0000364c   Data         120  hw3_images.o(.constdata)
    pixelfireWidthPixels                     0x000036c4   Data           1  hw3_images.o(.constdata)
    pixelfireHeightPixels                    0x000036c5   Data           1  hw3_images.o(.constdata)
    galaga_logo_hdBitmaps                    0x000036c6   Data        2825  hw3_images.o(.constdata)
    galaga_logo_hdWidthPixels                0x000041cf   Data           1  hw3_images.o(.constdata)
    galaga_logo_hdHeightPixels               0x000041d0   Data           1  hw3_images.o(.constdata)
    gameoverBitmaps                          0x000041d1   Data        2825  hw3_images.o(.constdata)
    gameoverWidthPixels                      0x00004cda   Data           1  hw3_images.o(.constdata)
    gameoverHeightPixels                     0x00004cdb   Data           1  hw3_images.o(.constdata)
    playButtonBitmaps                        0x00004cdc   Data        1560  hw3_images.o(.constdata)
    playButtonWidthPixels                    0x000052f4   Data           1  hw3_images.o(.constdata)
    playButtonHeightPixels                   0x000052f5   Data           1  hw3_images.o(.constdata)
    Region$$Table$$Base                      0x000052f8   Number         0  anon$$obj.o(Region$$Table)
    Region$$Table$$Limit                     0x00005318   Number         0  anon$$obj.o(Region$$Table)
    SHIP_X_COORD                             0x20000000   Data           2  hw3.o(.data)
    SHIP_Y_COORD                             0x20000002   Data           2  hw3.o(.data)
    MOVE_ENEMY                               0x20000004   Data           1  hw3.o(.data)
    MOVE_SHIP                                0x20000005   Data           1  hw3.o(.data)
    MOVE_LASER                               0x20000006   Data           1  hw3.o(.data)
    FIRE_LASER                               0x20000007   Data           1  hw3.o(.data)
    won                                      0x20000008   Data           1  hw3.o(.data)
    currScore                                0x20000009   Data           1  hw3.o(.data)
    STUDENT_NAME                             0x2000000a   Data          12  hw3.o(.data)
    string1                                  0x20000016   Data          80  hw3.o(.data)
    string2                                  0x20000066   Data          80  hw3.o(.data)
    string3                                  0x200000b6   Data          80  hw3.o(.data)
    direction                                0x20000107   Data           1  hw3_interrupts.o(.data)
    SystemCoreClock                          0x2000010c   Data           4  system_tm4c123.o(.data)
    __stdout                                 0x20000110   Data           4  stdout.o(.data)
    __microlib_freelist                      0x20000114   Data           4  mvars.o(.data)
    __microlib_freelist_initialised          0x20000118   Data           4  mvars.o(.data)
    galaga_enemy_array                       0x2000011c   Data          48  hw3.o(.bss)
    laser_array                              0x2000014c   Data          48  hw3.o(.bss)
    UART0_Tx_Buffer                          0x2000017c   Data          14  serial_debug.o(.bss)
    UART0_Rx_Buffer                          0x2000018a   Data          14  serial_debug.o(.bss)
    __heap_base                              0x20000198   Data           0  startup_tm4c123.o(HEAP)
    __heap_limit                             0x20000198   Data           0  startup_tm4c123.o(HEAP)
    __initial_sp                             0x20000398   Data           0  startup_tm4c123.o(STACK)



==============================================================================

Memory Map of the image

  Image Entry point : 0x00002b39

  Load Region LR_1 (Base: 0x00000000, Size: 0x00005434, Max: 0xffffffff, ABSOLUTE)

    Execution Region ER_RO (Exec base: 0x00000000, Load base: 0x00000000, Size: 0x00005318, Max: 0xffffffff, ABSOLUTE)

    Exec Addr    Load Addr    Size         Type   Attr      Idx    E Section Name        Object

    0x00000000   0x00000000   0x0000026c   Data   RO          697    RESET               startup_tm4c123.o
    0x0000026c   0x0000026c   0x00000000   Code   RO          732  * .ARM.Collect$$$$00000000  mc_w.l(entry.o)
    0x0000026c   0x0000026c   0x00000004   Code   RO         1029    .ARM.Collect$$$$00000001  mc_w.l(entry2.o)
    0x00000270   0x00000270   0x00000004   Code   RO         1032    .ARM.Collect$$$$00000004  mc_w.l(entry5.o)
    0x00000274   0x00000274   0x00000000   Code   RO         1034    .ARM.Collect$$$$00000008  mc_w.l(entry7b.o)
    0x00000274   0x00000274   0x00000000   Code   RO         1036    .ARM.Collect$$$$0000000A  mc_w.l(entry8b.o)
    0x00000274   0x00000274   0x00000008   Code   RO         1037    .ARM.Collect$$$$0000000B  mc_w.l(entry9a.o)
    0x0000027c   0x0000027c   0x00000000   Code   RO         1039    .ARM.Collect$$$$0000000D  mc_w.l(entry10a.o)
    0x0000027c   0x0000027c   0x00000000   Code   RO         1041    .ARM.Collect$$$$0000000F  mc_w.l(entry11a.o)
    0x0000027c   0x0000027c   0x00000004   Code   RO         1030    .ARM.Collect$$$$00002712  mc_w.l(entry2.o)
    0x00000280   0x00000280   0x00000008   Code   RO            4    .text               main.o
    0x00000288   0x00000288   0x00000cb0   Code   RO          173    .text               hw3.o
    0x00000f38   0x00000f38   0x00000238   Code   RO          208    .text               hw3_interrupts.o
    0x00001170   0x00001170   0x000002d8   Code   RO          247    .text               gpio_port.o
    0x00001448   0x00001448   0x00000178   Code   RO          271    .text               timers.o
    0x000015c0   0x000015c0   0x0000019c   Code   RO          319    .text               spi.o
    0x0000175c   0x0000175c   0x00000208   Code   RO          343    .text               i2c.o
    0x00001964   0x00001964   0x0000007c   Code   RO          364    .text               pc_buffer.o
    0x000019e0   0x000019e0   0x0000027c   Code   RO          382    .text               uart.o
    0x00001c5c   0x00001c5c   0x00000494   Code   RO          410    .text               lcd.o
    0x000020f0   0x000020f0   0x000001a0   Code   RO          464    .text               accel.o
    0x00002290   0x00002290   0x000000a4   Code   RO          488    .text               spi_select.o
    0x00002334   0x00002334   0x000001a8   Code   RO          512    .text               eeprom.o
    0x000024dc   0x000024dc   0x000001b0   Code   RO          536    .text               mcp23017.o
    0x0000268c   0x0000268c   0x00000240   Code   RO          560    .text               serial_debug.o
    0x000028cc   0x000028cc   0x000001a4   Code   RO          608    .text               ft6x06.o
    0x00002a70   0x00002a70   0x000000c8   Code   RO          635    .text               launchpad_io.o
    0x00002b38   0x00002b38   0x000000fc   Code   RO          698  * .text               startup_tm4c123.o
    0x00002c34   0x00002c34   0x0000024c   Code   RO          705    .text               system_tm4c123.o
    0x00002e80   0x00002e80   0x00000024   Code   RO          736    .text               mc_w.l(memseta.o)
    0x00002ea4   0x00002ea4   0x00000012   Code   RO          738    .text               mc_w.l(strcpy.o)
    0x00002eb6   0x00002eb6   0x0000002c   Code   RO         1043    .text               mc_w.l(uidiv.o)
    0x00002ee2   0x00002ee2   0x00000002   PAD
    0x00002ee4   0x00002ee4   0x00000024   Code   RO         1064    .text               mc_w.l(init.o)
    0x00002f08   0x00002f08   0x00000020   Code   RO          829    i.__0printf$3       mc_w.l(printf3.o)
    0x00002f28   0x00002f28   0x0000000e   Code   RO         1076    i.__scatterload_copy  mc_w.l(handlers.o)
    0x00002f36   0x00002f36   0x00000002   Code   RO         1077    i.__scatterload_null  mc_w.l(handlers.o)
    0x00002f38   0x00002f38   0x0000000e   Code   RO         1078    i.__scatterload_zeroinit  mc_w.l(handlers.o)
    0x00002f46   0x00002f46   0x00000002   PAD
    0x00002f48   0x00002f48   0x000001b8   Code   RO          836    i._printf_core      mc_w.l(printf3.o)
    0x00003100   0x00003100   0x0000003c   Code   RO          428    i.lcd_write_data_u16  lcd.o
    0x0000313c   0x0000313c   0x0000006c   Code   RO         1002    i.malloc            mc_w.l(malloc.o)
    0x000031a8   0x000031a8   0x0000214e   Data   RO          232    .constdata          hw3_images.o
    0x000052f6   0x000052f6   0x00000002   PAD
    0x000052f8   0x000052f8   0x00000020   Data   RO         1074    Region$$Table       anon$$obj.o


    Execution Region ER_RW (Exec base: 0x20000000, Load base: 0x00005318, Size: 0x0000011c, Max: 0xffffffff, ABSOLUTE)

    Exec Addr    Load Addr    Size         Type   Attr      Idx    E Section Name        Object

    0x20000000   0x00005318   0x00000107   Data   RW          175    .data               hw3.o
    0x20000107   0x0000541f   0x00000003   Data   RW          209    .data               hw3_interrupts.o
    0x2000010a   0x00005422   0x00000002   Data   RW          562    .data               serial_debug.o
    0x2000010c   0x00005424   0x00000004   Data   RW          706    .data               system_tm4c123.o
    0x20000110   0x00005428   0x00000004   Data   RW          735    .data               mc_w.l(stdout.o)
    0x20000114   0x0000542c   0x00000004   Data   RW         1051    .data               mc_w.l(mvars.o)
    0x20000118   0x00005430   0x00000004   Data   RW         1052    .data               mc_w.l(mvars.o)


    Execution Region ER_ZI (Exec base: 0x2000011c, Load base: 0x00005434, Size: 0x0000027c, Max: 0xffffffff, ABSOLUTE)

    Exec Addr    Load Addr    Size         Type   Attr      Idx    E Section Name        Object

    0x2000011c        -       0x00000060   Zero   RW          174    .bss                hw3.o
    0x2000017c        -       0x0000001c   Zero   RW          561    .bss                serial_debug.o
    0x20000198        -       0x00000000   Zero   RW          696    HEAP                startup_tm4c123.o
    0x20000198        -       0x00000200   Zero   RW          695    STACK               startup_tm4c123.o


==============================================================================

Image component sizes


      Code (inc. data)   RO Data    RW Data    ZI Data      Debug   Object Name

       416          8          0          0          0       2078   accel.o
       424          6          0          0          0       2233   eeprom.o
       420          6          0          0          0       2196   ft6x06.o
       728         34          0          0          0       5234   gpio_port.o
      3248        304          0        263         96      39701   hw3.o
         0          0       8526          0          0       3116   hw3_images.o
       568         78          0          3          0       1716   hw3_interrupts.o
       520         24          0          0          0       3633   i2c.o
       200         26          0          0          0       1902   launchpad_io.o
      1232         36          0          0          0       3741   lcd.o
         8          0          0          0          0      29471   main.o
       432          6          0          0          0       1915   mcp23017.o
       124          0          0          0          0       1903   pc_buffer.o
       576         24          0          2         28       5633   serial_debug.o
       412         26          0          0          0       1837   spi.o
       164         10          0          0          0        853   spi_select.o
       252         10        620          0        512       5420   startup_tm4c123.o
       588        134          0          4          0       1513   system_tm4c123.o
       376         18          0          0          0       2055   timers.o
       636         50          0          0          0      33607   uart.o

    ----------------------------------------------------------------------
     11324        800       9180        272        636     149757   Object Totals
         0          0         32          0          0          0   (incl. Generated)
         0          0          2          0          0          0   (incl. Padding)

    ----------------------------------------------------------------------

      Code (inc. data)   RO Data    RW Data    ZI Data      Debug   Library Member Name

         0          0          0          0          0          0   entry.o
         0          0          0          0          0          0   entry10a.o
         0          0          0          0          0          0   entry11a.o
         8          4          0          0          0          0   entry2.o
         4          0          0          0          0          0   entry5.o
         0          0          0          0          0          0   entry7b.o
         0          0          0          0          0          0   entry8b.o
         8          4          0          0          0          0   entry9a.o
        30          0          0          0          0          0   handlers.o
        36          8          0          0          0         68   init.o
       108         16          0          0          0         84   malloc.o
        36          0          0          0          0        108   memseta.o
         0          0          0          8          0          0   mvars.o
       472         14          0          0          0        184   printf3.o
         0          0          0          4          0          0   stdout.o
        18          0          0          0          0         68   strcpy.o
        44          0          0          0          0         80   uidiv.o

    ----------------------------------------------------------------------
       768         46          0         12          0        592   Library Totals
         4          0          0          0          0          0   (incl. Padding)

    ----------------------------------------------------------------------

      Code (inc. data)   RO Data    RW Data    ZI Data      Debug   Library Name

       764         46          0         12          0        592   mc_w.l

    ----------------------------------------------------------------------
       768         46          0         12          0        592   Library Totals

    ----------------------------------------------------------------------

==============================================================================


      Code (inc. data)   RO Data    RW Data    ZI Data      Debug   

     12092        846       9180        284        636     147645   Grand Totals
     12092        846       9180        284        636     147645   ELF Image Totals
     12092        846       9180        284          0          0   ROM Totals

==============================================================================

    Total RO  Size (Code + RO Data)                21272 (  20.77kB)
    Total RW  Size (RW Data + ZI Data)               920 (   0.90kB)
    Total ROM Size (Code + RO Data + RW Data)      21556 (  21.05kB)

==============================================================================

